Archive member included because of file (symbol)

contiki-sky.a(rimeaddr.o)     udp-sender.co (rimeaddr_copy)
contiki-sky.a(csma.o)         obj_sky/contiki-sky-main.o (csma_driver)
contiki-sky.a(contikimac.o)   obj_sky/collect-common.o (contikimac_driver)
contiki-sky.a(phase.o)        contiki-sky.a(contikimac.o) (phase_update)
contiki-sky.a(rpl-dag.o)      udp-sender.co (rpl_get_parent_rank)
contiki-sky.a(rpl-icmp6.o)    contiki-sky.a(rpl-dag.o) (dao_output)
contiki-sky.a(rpl-timers.o)   contiki-sky.a(rpl-dag.o) (rpl_reset_dio_timer)
contiki-sky.a(rpl-mrhof.o)    contiki-sky.a(rpl-dag.o) (rpl_mrhof)
contiki-sky.a(process.o)      udp-sender.co (process_current)
contiki-sky.a(autostart.o)    obj_sky/contiki-sky-main.o (autostart_start)
contiki-sky.a(compower.o)     contiki-sky.a(contikimac.o) (compower_idle_activity)
contiki-sky.a(serial-line.o)  obj_sky/collect-common.o (serial_line_event_message)
contiki-sky.a(memb.o)         contiki-sky.a(csma.o) (memb_init)
contiki-sky.a(timer.o)        obj_sky/contiki-sky-main.o (timer_set)
contiki-sky.a(list.o)         contiki-sky.a(csma.o) (list_init)
contiki-sky.a(etimer.o)       obj_sky/contiki-sky-main.o (etimer_process)
contiki-sky.a(ctimer.o)       obj_sky/contiki-sky-main.o (ctimer_init)
contiki-sky.a(energest.o)     obj_sky/contiki-sky-main.o (energest_init)
contiki-sky.a(rtimer.o)       obj_sky/contiki-sky-main.o (rtimer_init)
contiki-sky.a(stimer.o)       contiki-sky.a(rpl-icmp6.o) (stimer_set)
contiki-sky.a(random.o)       obj_sky/contiki-sky-main.o (random_init)
contiki-sky.a(ringbuf.o)      contiki-sky.a(serial-line.o) (ringbuf_init)
contiki-sky.a(nbr-table.o)    contiki-sky.a(phase.o) (nbr_table_register)
contiki-sky.a(packetbuf.o)    contiki-sky.a(contikimac.o) (packetbuf_hdr_remove)
contiki-sky.a(queuebuf.o)     obj_sky/contiki-sky-main.o (queuebuf_init)
contiki-sky.a(sicslowpan.o)   obj_sky/contiki-sky-main.o (sicslowpan_driver)
contiki-sky.a(tcpip.o)        contiki-sky.a(sicslowpan.o) (tcpip_set_outputfunc)
contiki-sky.a(uip-debug.o)    udp-sender.co (uip_debug_ipaddr_print)
contiki-sky.a(uip-ds6-route.o)
                              contiki-sky.a(rpl-icmp6.o) (uip_ds6_route_nexthop)
contiki-sky.a(uip-ds6-nbr.o)  contiki-sky.a(rpl-icmp6.o) (uip_ds6_nbr_add)
contiki-sky.a(uip-ds6.o)      contiki-sky.a(tcpip.o) (uip_ds6_is_addr_onlink)
contiki-sky.a(uip-icmp6.o)    contiki-sky.a(rpl-icmp6.o) (uip_icmp6_send)
contiki-sky.a(uip-nd6.o)      contiki-sky.a(tcpip.o) (uip_nd6_ns_output)
contiki-sky.a(uip-udp-packet.)
                              udp-sender.co (uip_udp_packet_sendto)
contiki-sky.a(uip6.o)         contiki-sky.a(rpl-icmp6.o) (uip_aligned_buf)
contiki-sky.a(collect-view.o)
                              udp-sender.co (collect_view_construct_message)
contiki-sky.a(collect-view-sk)
                              contiki-sky.a(collect-view.o) (collect_view_arch_read_sensors)
contiki-sky.a(contiki-sky-pla)
                              obj_sky/contiki-sky-main.o (init_platform)
contiki-sky.a(sht11-sensor.o)
                              contiki-sky.a(collect-view-sk) (sht11_sensor)
contiki-sky.a(light-sensor.o)
                              contiki-sky.a(collect-view-sk) (light_sensor)
contiki-sky.a(battery-sensor.)
                              contiki-sky.a(collect-view-sk) (battery_sensor)
contiki-sky.a(button-sensor.o)
                              contiki-sky.a(contiki-sky-pla) (button_sensor)
contiki-sky.a(ds2411.o)       obj_sky/contiki-sky-main.o (ds2411_init)
contiki-sky.a(xmem.o)         obj_sky/contiki-sky-main.o (xmem_init)
contiki-sky.a(node-id.o)      obj_sky/contiki-sky-main.o (node_id_restore)
contiki-sky.a(sensors.o)      contiki-sky.a(button-sensor.o) (sensors_changed)
contiki-sky.a(cc2420.o)       obj_sky/contiki-sky-main.o (cc2420_set_pan_addr)
contiki-sky.a(cc2420-arch.o)  contiki-sky.a(cc2420.o) (cc2420_arch_init)
contiki-sky.a(sky-sensors.o)  contiki-sky.a(light-sensor.o) (sky_sensors_status)
contiki-sky.a(uart1.o)        obj_sky/contiki-sky-main.o (uart1_active)
contiki-sky.a(uart1-putchar.o)
                              udp-sender.co (putchar)
contiki-sky.a(msp430.o)       contiki-sky.a(uart1.o) (msp430_add_lpm_req)
contiki-sky.a(clock.o)        contiki-sky.a(timer.o) (clock_time)
contiki-sky.a(leds.o)         obj_sky/contiki-sky-main.o (leds_init)
contiki-sky.a(leds-arch.o)    contiki-sky.a(leds.o) (leds_arch_init)
contiki-sky.a(watchdog.o)     obj_sky/contiki-sky-main.o (watchdog_start)
contiki-sky.a(rtimer-arch.o)  contiki-sky.a(rtimer.o) (rtimer_arch_init)
contiki-sky.a(mac.o)          contiki-sky.a(csma.o) (mac_call_sent_callback)
contiki-sky.a(framer-802154.o)
                              contiki-sky.a(contikimac.o) (framer_802154)
contiki-sky.a(rpl.o)          contiki-sky.a(rpl-timers.o) (rpl_purge_routes)
contiki-sky.a(rpl-ext-header.)
                              contiki-sky.a(uip6.o) (rpl_verify_header)
contiki-sky.a(sht11.o)        contiki-sky.a(sht11-sensor.o) (sht11_init)
[...]
Memory Configuration

Name             Origin             Length             Attributes
sfr              0x00000000         0x00000010
peripheral_8bit  0x00000010         0x000000f0
peripheral_16bit 0x00000100         0x00000100
infomem          0x00001000         0x00000100
infob            0x00001000         0x00000080
infoa            0x00001080         0x00000080
ram              0x00001100         0x00002800         xw
rom              0x00004000         0x0000bfe0         xr
vectors          0x0000ffe0         0x00000020
bsl              0x00000000         0x00000000
infoc            0x00000000         0x00000000
infod            0x00000000         0x00000000
far_rom          0x00000000         0x00000000
*default*        0x00000000         0xffffffff

Linker script and memory map

LOAD /usr/lib/gcc/msp430/4.5.3/mmpy-16/crt0ivtbl16.o
LOAD udp-sender.co
LOAD obj_sky/collect-common.o
LOAD obj_sky/contiki-sky-main.o
LOAD contiki-sky.a
LOAD /usr/lib/gcc/msp430/4.5.3/mmpy-16/libgcc.a
LOAD /usr/lib/gcc/msp430/4.5.3/../../../../msp430/lib/mmpy-16/libc.a
LOAD /usr/lib/gcc/msp430/4.5.3/mmpy-16/libgcc.a
LOAD /usr/lib/gcc/msp430/4.5.3/mmpy-16/libcrt0.a
                0x00000000                __IE1 = 0x0
                0x00000002                __IFG1 = 0x2
                0x00000004                __ME1 = 0x4
                0x00000001                __IE2 = 0x1
                0x00000003                __IFG2 = 0x3
                0x00000005                __ME2 = 0x5
                0x00000120                __WDTCTL = 0x120
                0x00000130                __MPY = 0x130
                0x00000132                __MPYS = 0x132
                0x00000134                __MAC = 0x134
                0x00000136                __MACS = 0x136
                0x00000138                __OP2 = 0x138
                0x0000013a                __RESLO = 0x13a
                0x0000013c                __RESHI = 0x13c
                0x0000013e                __SUMEXT = 0x13e
                0x00000020                __P1IN = 0x20
                0x00000021                __P1OUT = 0x21
                0x00000022                __P1DIR = 0x22
                0x00000023                __P1IFG = 0x23
                0x00000024                __P1IES = 0x24
                0x00000025                __P1IE = 0x25
                0x00000026                __P1SEL = 0x26
                0x00000028                __P2IN = 0x28
                0x00000029                __P2OUT = 0x29
                0x0000002a                __P2DIR = 0x2a
                0x0000002b                __P2IFG = 0x2b
                0x0000002c                __P2IES = 0x2c
                0x0000002d                __P2IE = 0x2d
                0x0000002e                __P2SEL = 0x2e
                0x00000018                __P3IN = 0x18
                0x00000019                __P3OUT = 0x19
                0x0000001a                __P3DIR = 0x1a
                0x0000001b                __P3SEL = 0x1b
                0x0000001c                __P4IN = 0x1c
                0x0000001d                __P4OUT = 0x1d
                0x0000001e                __P4DIR = 0x1e
                0x0000001f                __P4SEL = 0x1f
                0x00000030                __P5IN = 0x30
                0x00000031                __P5OUT = 0x31
                0x00000032                __P5DIR = 0x32
                0x00000033                __P5SEL = 0x33
                0x00000034                __P6IN = 0x34
                0x00000035                __P6OUT = 0x35
                0x00000036                __P6DIR = 0x36
                0x00000037                __P6SEL = 0x37
                0x00000070                __U0CTL = 0x70
                0x00000071                __U0TCTL = 0x71
                0x00000072                __U0RCTL = 0x72
                0x00000073                __U0MCTL = 0x73
                0x00000074                __U0BR0 = 0x74
                0x00000075                __U0BR1 = 0x75
                0x00000076                __U0RXBUF = 0x76
                0x00000077                __U0TXBUF = 0x77
                0x00000078                __U1CTL = 0x78
                0x00000079                __U1TCTL = 0x79
                0x0000007a                __U1RCTL = 0x7a
                0x0000007b                __U1MCTL = 0x7b
                0x0000007c                __U1BR0 = 0x7c
                0x0000007d                __U1BR1 = 0x7d
                0x0000007e                __U1RXBUF = 0x7e
                0x0000007f                __U1TXBUF = 0x7f
                0x00000050                __I2CIE = 0x50
                0x00000051                __I2CIFG = 0x51
                0x00000052                __I2CNDAT = 0x52
                0x00000071                __I2CTCTL = 0x71
                0x00000072                __I2CDCTL = 0x72
                0x00000073                __I2CPSC = 0x73
                0x00000074                __I2CSCLH = 0x74
                0x00000075                __I2CSCLL = 0x75
                0x00000076                __I2CDRB = 0x76
                0x00000076                __I2CDRW = 0x76
                0x00000118                __I2COA = 0x118
                0x0000011a                __I2CSA = 0x11a
                0x0000011c                __I2CIV = 0x11c
                0x0000012e                __TAIV = 0x12e
                0x00000160                __TACTL = 0x160
                0x00000162                __TACCTL0 = 0x162
                0x00000164                __TACCTL1 = 0x164
                0x00000166                __TACCTL2 = 0x166
                0x00000170                __TAR = 0x170
                0x00000172                __TACCR0 = 0x172
                0x00000174                __TACCR1 = 0x174
                0x00000176                __TACCR2 = 0x176
                0x0000011e                __TBIV = 0x11e
                0x00000180                __TBCTL = 0x180
                0x00000182                __TBCCTL0 = 0x182
                0x00000184                __TBCCTL1 = 0x184
                0x00000186                __TBCCTL2 = 0x186
                0x00000188                __TBCCTL3 = 0x188
                0x0000018a                __TBCCTL4 = 0x18a
                0x0000018c                __TBCCTL5 = 0x18c
                0x0000018e                __TBCCTL6 = 0x18e
                0x00000190                __TBR = 0x190
                0x00000192                __TBCCR0 = 0x192
                0x00000194                __TBCCR1 = 0x194
                0x00000196                __TBCCR2 = 0x196
                0x00000198                __TBCCR3 = 0x198
                0x0000019a                __TBCCR4 = 0x19a
                0x0000019c                __TBCCR5 = 0x19c
                0x0000019e                __TBCCR6 = 0x19e
                0x00000056                __DCOCTL = 0x56
                0x00000057                __BCSCTL1 = 0x57
                0x00000058                __BCSCTL2 = 0x58
                0x00000055                __SVSCTL = 0x55
                0x00000128                __FCTL1 = 0x128
                0x0000012a                __FCTL2 = 0x12a
                0x0000012c                __FCTL3 = 0x12c
                0x00000059                __CACTL1 = 0x59
                0x0000005a                __CACTL2 = 0x5a
                0x0000005b                __CAPD = 0x5b
                0x000001a0                __ADC12CTL0 = 0x1a0
                0x000001a2                __ADC12CTL1 = 0x1a2
                0x000001a4                __ADC12IFG = 0x1a4
                0x000001a6                __ADC12IE = 0x1a6
                0x000001a8                __ADC12IV = 0x1a8
                0x00000140                __ADC12MEM0 = 0x140
                0x00000142                __ADC12MEM1 = 0x142
                0x00000144                __ADC12MEM2 = 0x144
                0x00000146                __ADC12MEM3 = 0x146
                0x00000148                __ADC12MEM4 = 0x148
                0x0000014a                __ADC12MEM5 = 0x14a
                0x0000014c                __ADC12MEM6 = 0x14c
                0x0000014e                __ADC12MEM7 = 0x14e
                0x00000150                __ADC12MEM8 = 0x150
                0x00000152                __ADC12MEM9 = 0x152
                0x00000154                __ADC12MEM10 = 0x154
                0x00000156                __ADC12MEM11 = 0x156
                0x00000158                __ADC12MEM12 = 0x158
                0x0000015a                __ADC12MEM13 = 0x15a
                0x0000015c                __ADC12MEM14 = 0x15c
                0x0000015e                __ADC12MEM15 = 0x15e
                0x00000080                __ADC12MCTL0 = 0x80
                0x00000081                __ADC12MCTL1 = 0x81
                0x00000082                __ADC12MCTL2 = 0x82
                0x00000083                __ADC12MCTL3 = 0x83
                0x00000084                __ADC12MCTL4 = 0x84
                0x00000085                __ADC12MCTL5 = 0x85
                0x00000086                __ADC12MCTL6 = 0x86
                0x00000087                __ADC12MCTL7 = 0x87
                0x00000088                __ADC12MCTL8 = 0x88
                0x00000089                __ADC12MCTL9 = 0x89
                0x0000008a                __ADC12MCTL10 = 0x8a
                0x0000008b                __ADC12MCTL11 = 0x8b
                0x0000008c                __ADC12MCTL12 = 0x8c
                0x0000008d                __ADC12MCTL13 = 0x8d
                0x0000008e                __ADC12MCTL14 = 0x8e
                0x0000008f                __ADC12MCTL15 = 0x8f
                0x000001c0                __DAC12_0CTL = 0x1c0
                0x000001c2                __DAC12_1CTL = 0x1c2
                0x000001c8                __DAC12_0DAT = 0x1c8
                0x000001ca                __DAC12_1DAT = 0x1ca
                0x00000122                __DMACTL0 = 0x122
                0x00000124                __DMACTL1 = 0x124
                0x000001e0                __DMA0CTL = 0x1e0
                0x000001e8                __DMA1CTL = 0x1e8
                0x000001f0                __DMA2CTL = 0x1f0
                0x000001e2                __DMA0SA = 0x1e2
                0x000001e4                __DMA0DA = 0x1e4
                0x000001e6                __DMA0SZ = 0x1e6
                0x000001ea                __DMA1SA = 0x1ea
                0x000001ec                __DMA1DA = 0x1ec
                0x000001ee                __DMA1SZ = 0x1ee
                0x000001f2                __DMA2SA = 0x1f2
                0x000001f4                __DMA2DA = 0x1f4
                0x000001f6                __DMA2SZ = 0x1f6

.hash
 *(.hash)

.dynsym
 *(.dynsym)

.dynstr
 *(.dynstr)

.gnu.version
 *(.gnu.version)

.gnu.version_d
 *(.gnu.version_d)

.gnu.version_r
 *(.gnu.version_r)

.rel.init
 *(.rel.init)

.rela.init
 *(.rela.init)

.rel.text
 *(.rel.text)
 *(.rel.text.*)
 *(.rel.gnu.linkonce.t*)

.rela.text
 *(.rela.text)
 *(.rela.text.*)
 *(.rela.gnu.linkonce.t*)

.rel.fini
 *(.rel.fini)

.rela.fini
 *(.rela.fini)

.rel.rodata
 *(.rel.rodata)
 *(.rel.rodata.*)
 *(.rel.gnu.linkonce.r*)

.rela.rodata
 *(.rela.rodata)
 *(.rela.rodata.*)
 *(.rela.gnu.linkonce.r*)

.rel.data
 *(.rel.data)
 *(.rel.data.*)
 *(.rel.gnu.linkonce.d*)

.rela.data
 *(.rela.data)
 *(.rela.data.*)
 *(.rela.gnu.linkonce.d*)

.rel.ctors
 *(.rel.ctors)

.rela.ctors
 *(.rela.ctors)

.rel.dtors
 *(.rel.dtors)

.rela.dtors
 *(.rela.dtors)

.rel.got
 *(.rel.got)

.rela.got
 *(.rela.got)

.rel.bss
 *(.rel.bss)

.rela.bss
 *(.rela.bss)

.rel.plt
 *(.rel.plt)

.rela.plt
 *(.rela.plt)

.text           0x00004000     0xbfe8
                0x00004000                . = ALIGN (0x2)
 *(.init)
 *(.init0)
 .init0         0x00004000        0x0 /usr/lib/gcc/msp430/4.5.3/mmpy-16/libcrt0.a(_reset_vector__.o)
                0x00004000                _reset_vector__
 *(.init1)
 *(.init2)
 .init2         0x00004000        0x4 /usr/lib/gcc/msp430/4.5.3/mmpy-16/libcrt0.a(__init_stack.o)
                0x00004000                __init_stack
 *(.init3)
 .init3         0x00004004        0xa /usr/lib/gcc/msp430/4.5.3/mmpy-16/libcrt0.a(__low_level_init.o)
                0x00004004                __low_level_init
 *(.init4)
 .init4         0x0000400e       0x16 /usr/lib/gcc/msp430/4.5.3/mmpy-16/libcrt0.a(_copy_data.o)
                0x0000400e                __do_copy_data
 .init4         0x00004024       0x14 /usr/lib/gcc/msp430/4.5.3/mmpy-16/libcrt0.a(_clear_bss.o)
                0x00004024                __do_clear_bss
 *(.init5)
 *(.init6)
 *(.init7)
 *(.init8)
 *(.init9)
 .init9         0x00004038      0x364 obj_sky/contiki-sky-main.o
                0x00004038                main
 *(.fini9)
 .fini9         0x0000439c        0x0 /usr/lib/gcc/msp430/4.5.3/mmpy-16/libcrt0.a(__stop_progExec__.o)
                0x0000439c                __stop_progExec__
 *(.fini8)
 *(.fini7)
 *(.fini6)
 *(.fini5)
 *(.fini4)
 *(.fini3)
 *(.fini2)
 *(.fini1)
 *(.fini0)
 .fini0         0x0000439c        0x6 /usr/lib/gcc/msp430/4.5.3/mmpy-16/libcrt0.a(_endless_loop__.o)
                0x0000439c                _endless_loop__
 *(.fini)
                0x000043a2                . = ALIGN (0x2)
                0x000043a2                __ctors_start = .
 *(.ctors)
                0x000043a2                __ctors_end = .
                0x000043a2                __dtors_start = .
 *(.dtors)
                0x000043a2                __dtors_end = .
                0x000043a2                . = ALIGN (0x2)
 *(.text)
 .text          0x000043a2        0x4 /usr/lib/gcc/msp430/4.5.3/mmpy-16/crt0ivtbl16.o
                0x000043a2                __isr_14
                0x000043a2                __isr_11
                0x000043a2                __isr_2
                0x000043a2                __isr_7
                0x000043a2                __isr_0
                0x000043a2                __isr_8
                0x000043a2                __isr_3
                0x000043a2                __isr_12
                0x000043a2                __isr_13
                0x000043a2                __isr_9
 .text          0x000043a6       0xa4 udp-sender.co
                0x00004444                autostart_processes
 .text          0x0000444a       0xce obj_sky/collect-common.o
 .text          0x00004518      0x12a obj_sky/contiki-sky-main.o
 .text          0x00004642        0x8 contiki-sky.a(rimeaddr.o)
                0x00004642                rimeaddr_null
 .text          0x0000464a       0x14 contiki-sky.a(csma.o)
                0x00004650                csma_driver
 .text          0x0000465e       0x1c contiki-sky.a(contikimac.o)
                0x0000466a                contikimac_driver
 .text          0x0000467a        0xe contiki-sky.a(serial-line.o)
 .text          0x00004688        0xc contiki-sky.a(etimer.o)
 .text          0x00004694        0xf contiki-sky.a(ctimer.o)
 *fill*         0x000046a3        0x1 00
 .text          0x000046a4       0x24 contiki-sky.a(sicslowpan.o)
                0x000046a4                unc_llconf
                0x000046a8                unc_ctxconf
                0x000046ac                unc_mxconf
                0x000046b0                llprefix
                0x000046be                sicslowpan_driver
 .text          0x000046c8        0xd contiki-sky.a(tcpip.o)
 .text          0x000046d5       0x1a contiki-sky.a(uip-debug.o)
 *fill*         0x000046ef        0x1 00
 .text          0x000046f0       0x20 contiki-sky.a(uip6.o)
 .text          0x00004710        0xe contiki-sky.a(sht11-sensor.o)
                0x00004716                sht11_sensor
 .text          0x0000471e        0xe contiki-sky.a(light-sensor.o)
                0x00004724                light_sensor
 .text          0x0000472c       0x10 contiki-sky.a(battery-sensor.)
                0x00004734                battery_sensor
 .text          0x0000473c       0x10 contiki-sky.a(button-sensor.o)
                0x00004744                button_sensor
 .text          0x0000474c        0x8 contiki-sky.a(sensors.o)
 .text          0x00004754       0x22 contiki-sky.a(cc2420.o)
                0x00004762                cc2420_driver
 .text          0x00004776        0x4 contiki-sky.a(framer-802154.o)
                0x00004776                framer_802154
 .text          0x0000477a        0x2 contiki-sky.a(frame802154.o)
 .text          0x0000477c      0x1fe /usr/lib/gcc/msp430/4.5.3/mmpy-16/libgcc.a(_mul_sf.o)
                0x0000477c                __mulsf3
 .text          0x0000497a       0x58 /usr/lib/gcc/msp430/4.5.3/mmpy-16/libgcc.a(_le_sf.o)
                0x0000497a                __lesf2
 .text          0x000049d2        0x8 /usr/lib/gcc/msp430/4.5.3/mmpy-16/libgcc.a(_thenan_sf.o)
                0x000049d2                __thenan_sf
 .text          0x000049da       0xd8 /usr/lib/gcc/msp430/4.5.3/mmpy-16/libgcc.a(_usi_to_sf.o)
                0x000049da                __floatunsisf
 .text          0x00004ab2       0x58 /usr/lib/gcc/msp430/4.5.3/mmpy-16/libgcc.a(_clzsi2.o)
                0x00004ab2                __clzsi2
 .text          0x00004b0a      0x1d6 /usr/lib/gcc/msp430/4.5.3/mmpy-16/libgcc.a(_pack_sf.o)
                0x00004b0a                __pack_f
 .text          0x00004ce0      0x132 /usr/lib/gcc/msp430/4.5.3/mmpy-16/libgcc.a(_unpack_sf.o)
                0x00004ce0                __unpack_f
 .text          0x00004e12       0xa2 /usr/lib/gcc/msp430/4.5.3/mmpy-16/libgcc.a(_fpcmp_parts_sf.o)
                0x00004e12                __fpcmp_parts_f
 .text          0x00004eb4      0x100 /usr/lib/gcc/msp430/4.5.3/mmpy-16/libgcc.a(_clz.o)
                0x00004eb4                __clz_tab
 .text          0x00004fb4       0x30 /usr/lib/gcc/msp430/4.5.3/../../../../msp430/lib/mmpy-16/libc.a(strncmp.o)
                0x00004fb4                strncmp
 .text          0x00004fe4       0x34 /usr/lib/gcc/msp430/4.5.3/../../../../msp430/lib/mmpy-16/libc.a(memcmp.o)
                0x00004fe4                memcmp
 .text          0x00005018      0x104 /usr/lib/gcc/msp430/4.5.3/../../../../msp430/lib/mmpy-16/libc.a(memcpy.o)
                0x00005018                memcpy
 .text          0x0000511c      0x104 /usr/lib/gcc/msp430/4.5.3/../../../../msp430/lib/mmpy-16/libc.a(memmove.o)
                0x0000511c                memmove
 .text          0x00005220       0x66 /usr/lib/gcc/msp430/4.5.3/../../../../msp430/lib/mmpy-16/libc.a(memset.o)
                0x00005220                memset
 .text          0x00005286       0x20 /usr/lib/gcc/msp430/4.5.3/../../../../msp430/lib/mmpy-16/libc.a(printf.o)
                0x00005286                printf
                0x00005298                vprintf
 .text          0x000052a6      0x476 /usr/lib/gcc/msp430/4.5.3/../../../../msp430/lib/mmpy-16/libc.a(vuprintf.o)
                0x000053b2                vuprintf
 .text          0x0000571c       0x2c /usr/lib/gcc/msp430/4.5.3/../../../../msp430/lib/mmpy-16/libc.a(puts.o)
                0x0000571c                puts
 .text          0x00005748      0x134 /usr/lib/gcc/msp430/4.5.3/../../../../msp430/lib/mmpy-16/libc.a(rand.o)
                0x00005748                rand_r
                0x000057dc                rand
                0x00005872                srand
                0x0000587c                . = ALIGN (0x2)
 *(.text.*)
 .text.process_thread_udp_client_process
                0x0000587c      0x184 udp-sender.co
 .text.collect_common_set_sink
                0x00005a00        0x2 udp-sender.co
                0x00005a00                collect_common_set_sink
 .text.collect_common_net_print
                0x00005a02       0x52 udp-sender.co
                0x00005a02                collect_common_net_print
 .text.collect_common_send
                0x00005a54      0x10c udp-sender.co
                0x00005a54                collect_common_send
 .text.collect_common_net_init
                0x00005b60        0xe udp-sender.co
                0x00005b60                collect_common_net_init
 .text.process_thread_collect_common_process
                0x00005b6e      0x1fa obj_sky/collect-common.o
 .text.rimeaddr_copy
                0x00005d68        0x8 contiki-sky.a(rimeaddr.o)
                0x00005d68                rimeaddr_copy
 .text.rimeaddr_cmp
                0x00005d70       0x12 contiki-sky.a(rimeaddr.o)
                0x00005d70                rimeaddr_cmp
 .text.rimeaddr_set_node_addr
                0x00005d82        0xc contiki-sky.a(rimeaddr.o)
                0x00005d82                rimeaddr_set_node_addr
 .text.input_packet
                0x00005d8e        0x6 contiki-sky.a(csma.o)
 .text.on       0x00005d94        0x6 contiki-sky.a(csma.o)
 .text.off      0x00005d9a        0x6 contiki-sky.a(csma.o)
 .text.channel_check_interval
                0x00005da0        0xc contiki-sky.a(csma.o)
 .text.transmit_packet_list
                0x00005dac       0x24 contiki-sky.a(csma.o)
 .text.send_packet
                0x00005dd0      0x166 contiki-sky.a(csma.o)
 .text.free_packet
                0x00005f36       0x94 contiki-sky.a(csma.o)
 .text.packet_sent
                0x00005fca      0x130 contiki-sky.a(csma.o)
 .text.init     0x000060fa       0x1a contiki-sky.a(csma.o)
 .text.on       0x00006114       0x16 contiki-sky.a(contikimac.o)
 .text.off      0x0000612a       0x1e contiki-sky.a(contikimac.o)
 .text.recv_burst_off
                0x00006148        0xa contiki-sky.a(contikimac.o)
 .text.turn_off
                0x00006152       0x20 contiki-sky.a(contikimac.o)
 .text.duty_cycle
                0x00006172        0x6 contiki-sky.a(contikimac.o)
 .text.turn_on  0x00006178       0x30 contiki-sky.a(contikimac.o)
 .text.schedule_powercycle_fixed
                0x000061a8       0x40 contiki-sky.a(contikimac.o)
 .text.powercycle_turn_radio_off
                0x000061e8       0x2c contiki-sky.a(contikimac.o)
 .text.powercycle
                0x00006214      0x1c0 contiki-sky.a(contikimac.o)
 .text.input_packet
                0x000063d4      0x108 contiki-sky.a(contikimac.o)
 .text.send_packet
                0x000064dc      0x2ba contiki-sky.a(contikimac.o)
 .text.qsend_list
                0x00006796       0x86 contiki-sky.a(contikimac.o)
 .text.qsend_packet
                0x0000681c       0x28 contiki-sky.a(contikimac.o)
 .text.init     0x00006844       0x2e contiki-sky.a(contikimac.o)
 .text.send_packet
                0x00006872       0x44 contiki-sky.a(phase.o)
 .text.phase_update
                0x000068b6       0x90 contiki-sky.a(phase.o)
                0x000068b6                phase_update
 .text.phase_wait
                0x00006946      0x112 contiki-sky.a(phase.o)
                0x00006946                phase_wait
 .text.phase_init
                0x00006a58       0x14 contiki-sky.a(phase.o)
                0x00006a58                phase_init
 .text.lollipop_greater_than
                0x00006a6c       0x44 contiki-sky.a(rpl-dag.o)
 .text.find_parent_any_dag_any_instance
                0x00006ab0       0x14 contiki-sky.a(rpl-dag.o)
 .text.rpl_set_preferred_parent
                0x00006ac4       0x30 contiki-sky.a(rpl-dag.o)
 .text.set_ip_from_prefix
                0x00006af4       0x3a contiki-sky.a(rpl-dag.o)
 .text.check_prefix
                0x00006b2e       0x7c contiki-sky.a(rpl-dag.o)
 .text.rpl_dag_init
                0x00006baa        0xe contiki-sky.a(rpl-dag.o)
                0x00006baa                rpl_dag_init
 .text.rpl_get_parent_rank
                0x00006bb8       0x14 contiki-sky.a(rpl-dag.o)
                0x00006bb8                rpl_get_parent_rank
 .text.rpl_get_parent_ipaddr
                0x00006bcc       0x10 contiki-sky.a(rpl-dag.o)
                0x00006bcc                rpl_get_parent_ipaddr
 .text.rpl_set_prefix
                0x00006bdc       0x90 contiki-sky.a(rpl-dag.o)
                0x00006bdc                rpl_set_prefix
 .text.rpl_set_default_route
                0x00006c6c       0x62 contiki-sky.a(rpl-dag.o)
                0x00006c6c                rpl_set_default_route
 .text.rpl_alloc_instance
                0x00006cce       0x2c contiki-sky.a(rpl-dag.o)
                0x00006cce                rpl_alloc_instance
 .text.rpl_add_parent
                0x00006cfa       0x38 contiki-sky.a(rpl-dag.o)
                0x00006cfa                rpl_add_parent
 .text.rpl_find_parent
                0x00006d32       0x1a contiki-sky.a(rpl-dag.o)
                0x00006d32                rpl_find_parent
 .text.rpl_find_parent_any_dag
                0x00006d4c       0x26 contiki-sky.a(rpl-dag.o)
                0x00006d4c                rpl_find_parent_any_dag
 .text.rpl_select_parent
                0x00006d72       0x78 contiki-sky.a(rpl-dag.o)
                0x00006d72                rpl_select_parent
 .text.rpl_select_dag
                0x00006dea      0x1b4 contiki-sky.a(rpl-dag.o)
                0x00006dea                rpl_select_dag
 .text.rpl_nullify_parent
                0x00006f9e       0x4e contiki-sky.a(rpl-dag.o)
                0x00006f9e                rpl_nullify_parent
 .text.rpl_remove_parent
                0x00006fec       0x16 contiki-sky.a(rpl-dag.o)
                0x00006fec                rpl_remove_parent
 .text.remove_parents.clone.2
                0x00007002       0x32 contiki-sky.a(rpl-dag.o)
 .text.rpl_free_dag
                0x00007034       0x36 contiki-sky.a(rpl-dag.o)
                0x00007034                rpl_free_dag
 .text.rpl_free_instance
                0x0000706a       0x5c contiki-sky.a(rpl-dag.o)
                0x0000706a                rpl_free_instance
 .text.rpl_move_parent
                0x000070c6       0x6e contiki-sky.a(rpl-dag.o)
                0x000070c6                rpl_move_parent
 .text.rpl_get_any_dag
                0x00007134       0x18 contiki-sky.a(rpl-dag.o)
                0x00007134                rpl_get_any_dag
 .text.rpl_get_instance
                0x0000714c       0x16 contiki-sky.a(rpl-dag.o)
                0x0000714c                rpl_get_instance
 .text.get_dag  0x00007162       0x5c contiki-sky.a(rpl-dag.o)
 .text.rpl_alloc_dag
                0x000071be       0x6a contiki-sky.a(rpl-dag.o)
                0x000071be                rpl_alloc_dag
 .text.rpl_repair_root
                0x00007228       0x4c contiki-sky.a(rpl-dag.o)
                0x00007228                rpl_repair_root
 .text.rpl_find_of
                0x00007274       0x10 contiki-sky.a(rpl-dag.o)
                0x00007274                rpl_find_of
 .text.rpl_join_instance
                0x00007284      0x142 contiki-sky.a(rpl-dag.o)
                0x00007284                rpl_join_instance
 .text.rpl_local_repair
                0x000073c6       0x7a contiki-sky.a(rpl-dag.o)
                0x000073c6                rpl_local_repair
 .text.rpl_process_parent_event
                0x00007440       0x88 contiki-sky.a(rpl-dag.o)
                0x00007440                rpl_process_parent_event
 .text.rpl_recalculate_ranks
                0x000074c8       0x42 contiki-sky.a(rpl-dag.o)
                0x000074c8                rpl_recalculate_ranks
 .text.rpl_add_dag
                0x0000750a      0x116 contiki-sky.a(rpl-dag.o)
                0x0000750a                rpl_add_dag
 .text.rpl_process_dio
                0x00007620      0x272 contiki-sky.a(rpl-dag.o)
                0x00007620                rpl_process_dio
 .text.get32    0x00007892       0x46 contiki-sky.a(rpl-icmp6.o)
 .text.set32    0x000078d8       0x3c contiki-sky.a(rpl-icmp6.o)
 .text.get16    0x00007914        0xe contiki-sky.a(rpl-icmp6.o)
 .text.set16    0x00007922       0x10 contiki-sky.a(rpl-icmp6.o)
 .text.dis_output
                0x00007932       0x50 contiki-sky.a(rpl-icmp6.o)
                0x00007932                dis_output
 .text.dio_output
                0x00007982      0x29e contiki-sky.a(rpl-icmp6.o)
                0x00007982                dio_output
 .text.dao_output_target
                0x00007c20       0xde contiki-sky.a(rpl-icmp6.o)
                0x00007c20                dao_output_target
 .text.dao_output
                0x00007cfe       0x7a contiki-sky.a(rpl-icmp6.o)
                0x00007cfe                dao_output
 .text.dao_ack_output
                0x00007d78       0x3c contiki-sky.a(rpl-icmp6.o)
                0x00007d78                dao_ack_output
 .text.uip_rpl_input
                0x00007db4      0x548 contiki-sky.a(rpl-icmp6.o)
                0x00007db4                uip_rpl_input
 .text.new_dio_interval
                0x000082fc       0xb8 contiki-sky.a(rpl-timers.o)
 .text.handle_dao_timer
                0x000083b4       0x50 contiki-sky.a(rpl-timers.o)
 .text.handle_dio_timer
                0x00008404       0x82 contiki-sky.a(rpl-timers.o)
 .text.handle_periodic_timer
                0x00008486       0x2e contiki-sky.a(rpl-timers.o)
 .text.rpl_reset_periodic_timer
                0x000084b4       0x56 contiki-sky.a(rpl-timers.o)
                0x000084b4                rpl_reset_periodic_timer
 .text.rpl_reset_dio_timer
                0x0000850a       0x18 contiki-sky.a(rpl-timers.o)
                0x0000850a                rpl_reset_dio_timer
 .text.rpl_schedule_dao
                0x00008522       0x48 contiki-sky.a(rpl-timers.o)
                0x00008522                rpl_schedule_dao
 .text.reset    0x0000856a        0x2 contiki-sky.a(rpl-mrhof.o)
 .text.neighbor_link_callback
                0x0000856c       0x7e contiki-sky.a(rpl-mrhof.o)
 .text.calculate_rank
                0x000085ea       0x30 contiki-sky.a(rpl-mrhof.o)
 .text.best_dag
                0x0000861a       0x34 contiki-sky.a(rpl-mrhof.o)
 .text.best_parent
                0x0000864e       0x66 contiki-sky.a(rpl-mrhof.o)
 .text.update_metric_container
                0x000086b4        0x6 contiki-sky.a(rpl-mrhof.o)
 .text.call_process
                0x000086ba       0x4c contiki-sky.a(process.o)
 .text.exit_process
                0x00008706       0x94 contiki-sky.a(process.o)
 .text.do_poll  0x0000879a       0x30 contiki-sky.a(process.o)
 .text.process_alloc_event
                0x000087ca        0xe contiki-sky.a(process.o)
                0x000087ca                process_alloc_event
 .text.process_init
                0x000087d8       0x1c contiki-sky.a(process.o)
                0x000087d8                process_init
 .text.process_run
                0x000087f4       0x9c contiki-sky.a(process.o)
                0x000087f4                process_run
 .text.process_nevents
                0x00008890        0xc contiki-sky.a(process.o)
                0x00008890                process_nevents
 .text.process_post
                0x0000889c       0x54 contiki-sky.a(process.o)
                0x0000889c                process_post
 .text.process_post_synch
                0x000088f0       0x12 contiki-sky.a(process.o)
                0x000088f0                process_post_synch
 .text.process_start
                0x00008902       0x32 contiki-sky.a(process.o)
                0x00008902                process_start
 .text.process_poll
                0x00008934       0x1a contiki-sky.a(process.o)
                0x00008934                process_poll
 .text.autostart_start
                0x0000894e       0x18 contiki-sky.a(autostart.o)
                0x0000894e                autostart_start
 .text.compower_accumulate
                0x00008966       0x72 contiki-sky.a(compower.o)
                0x00008966                compower_accumulate
 .text.compower_clear
                0x000089d8       0x12 contiki-sky.a(compower.o)
                0x000089d8                compower_clear
 .text.compower_attrconv
                0x000089ea       0x10 contiki-sky.a(compower.o)
                0x000089ea                compower_attrconv
 .text.process_thread_serial_line_process
                0x000089fa       0xa6 contiki-sky.a(serial-line.o)
 .text.serial_line_input_byte
                0x00008aa0       0x46 contiki-sky.a(serial-line.o)
                0x00008aa0                serial_line_input_byte
 .text.serial_line_init
                0x00008ae6       0x1c contiki-sky.a(serial-line.o)
                0x00008ae6                serial_line_init
 .text.memb_init
                0x00008b02       0x36 contiki-sky.a(memb.o)
                0x00008b02                memb_init
 .text.memb_alloc
                0x00008b38       0x3e contiki-sky.a(memb.o)
                0x00008b38                memb_alloc
 .text.memb_free
                0x00008b76       0x3a contiki-sky.a(memb.o)
                0x00008b76                memb_free
 .text.memb_inmemb
                0x00008bb0       0x2e contiki-sky.a(memb.o)
                0x00008bb0                memb_inmemb
 .text.timer_set
                0x00008bde       0x1c contiki-sky.a(timer.o)
                0x00008bde                timer_set
 .text.timer_reset
                0x00008bfa        0xe contiki-sky.a(timer.o)
                0x00008bfa                timer_reset
 .text.timer_restart
                0x00008c08       0x14 contiki-sky.a(timer.o)
                0x00008c08                timer_restart
 .text.timer_expired
                0x00008c1c       0x2e contiki-sky.a(timer.o)
                0x00008c1c                timer_expired
 .text.list_init
                0x00008c4a        0x6 contiki-sky.a(list.o)
                0x00008c4a                list_init
 .text.list_head
                0x00008c50        0x4 contiki-sky.a(list.o)
                0x00008c50                list_head
 .text.list_tail
                0x00008c54       0x14 contiki-sky.a(list.o)
                0x00008c54                list_tail
 .text.list_remove
                0x00008c68       0x2e contiki-sky.a(list.o)
                0x00008c68                list_remove
 .text.list_push
                0x00008c96       0x1a contiki-sky.a(list.o)
                0x00008c96                list_push
 .text.list_add
                0x00008cb0       0x2a contiki-sky.a(list.o)
                0x00008cb0                list_add
 .text.list_length
                0x00008cda       0x10 contiki-sky.a(list.o)
                0x00008cda                list_length
 .text.list_item_next
                0x00008cea        0x8 contiki-sky.a(list.o)
                0x00008cea                list_item_next
 .text.update_time
                0x00008cf2       0x78 contiki-sky.a(etimer.o)
 .text.etimer_request_poll
                0x00008d6a        0xa contiki-sky.a(etimer.o)
                0x00008d6a                etimer_request_poll
 .text.process_thread_etimer_process
                0x00008d74       0xce contiki-sky.a(etimer.o)
 .text.add_timer
                0x00008e42       0x40 contiki-sky.a(etimer.o)
 .text.etimer_set
                0x00008e82       0x12 contiki-sky.a(etimer.o)
                0x00008e82                etimer_set
 .text.etimer_reset
                0x00008e94       0x12 contiki-sky.a(etimer.o)
                0x00008e94                etimer_reset
 .text.etimer_restart
                0x00008ea6       0x12 contiki-sky.a(etimer.o)
                0x00008ea6                etimer_restart
 .text.etimer_expired
                0x00008eb8        0xe contiki-sky.a(etimer.o)
                0x00008eb8                etimer_expired
 .text.etimer_expiration_time
                0x00008ec6       0x14 contiki-sky.a(etimer.o)
                0x00008ec6                etimer_expiration_time
 .text.etimer_pending
                0x00008eda        0xe contiki-sky.a(etimer.o)
                0x00008eda                etimer_pending
 .text.etimer_next_expiration_time
                0x00008ee8       0x16 contiki-sky.a(etimer.o)
                0x00008ee8                etimer_next_expiration_time
 .text.etimer_stop
                0x00008efe       0x3c contiki-sky.a(etimer.o)
                0x00008efe                etimer_stop
 .text.process_thread_ctimer_process
                0x00008f3a       0xa4 contiki-sky.a(ctimer.o)
 .text.ctimer_init
                0x00008fde       0x18 contiki-sky.a(ctimer.o)
                0x00008fde                ctimer_init
 .text.ctimer_set
                0x00008ff6       0x5a contiki-sky.a(ctimer.o)
                0x00008ff6                ctimer_set
 .text.ctimer_reset
                0x00009050       0x3a contiki-sky.a(ctimer.o)
                0x00009050                ctimer_reset
 .text.ctimer_stop
                0x0000908a       0x28 contiki-sky.a(ctimer.o)
                0x0000908a                ctimer_stop
 .text.energest_init
                0x000090b2       0x2a contiki-sky.a(energest.o)
                0x000090b2                energest_init
 .text.energest_type_time
                0x000090dc       0x44 contiki-sky.a(energest.o)
                0x000090dc                energest_type_time
 .text.energest_type_set
                0x00009120        0xe contiki-sky.a(energest.o)
                0x00009120                energest_type_set
 .text.energest_flush
                0x0000912e       0x4a contiki-sky.a(energest.o)
                0x0000912e                energest_flush
 .text.rtimer_init
                0x00009178        0x6 contiki-sky.a(rtimer.o)
                0x00009178                rtimer_init
 .text.rtimer_set
                0x0000917e       0x24 contiki-sky.a(rtimer.o)
                0x0000917e                rtimer_set
 .text.rtimer_run_next
                0x000091a2       0x26 contiki-sky.a(rtimer.o)
                0x000091a2                rtimer_run_next
 .text.stimer_set
                0x000091c8       0x1c contiki-sky.a(stimer.o)
                0x000091c8                stimer_set
 .text.stimer_expired
                0x000091e4       0x42 contiki-sky.a(stimer.o)
                0x000091e4                stimer_expired
 .text.random_init
                0x00009226        0x6 contiki-sky.a(random.o)
                0x00009226                random_init
 .text.random_rand
                0x0000922c        0x6 contiki-sky.a(random.o)
                0x0000922c                random_rand
 .text.ringbuf_init
                0x00009232       0x14 contiki-sky.a(ringbuf.o)
                0x00009232                ringbuf_init
 .text.ringbuf_put
                0x00009246       0x3c contiki-sky.a(ringbuf.o)
                0x00009246                ringbuf_put
 .text.ringbuf_get
                0x00009282       0x32 contiki-sky.a(ringbuf.o)
                0x00009282                ringbuf_get
 .text.index_from_key
                0x000092b4       0xb4 contiki-sky.a(nbr-table.o)
 .text.item_from_key
                0x00009368       0x38 contiki-sky.a(nbr-table.o)
 .text.key_from_item
                0x000093a0       0x3a contiki-sky.a(nbr-table.o)
 .text.nbr_set_bit
                0x000093da       0x6e contiki-sky.a(nbr-table.o)
 .text.index_from_lladdr
                0x00009448       0x42 contiki-sky.a(nbr-table.o)
 .text.nbr_get_bit.clone.0
                0x0000948a       0x40 contiki-sky.a(nbr-table.o)
 .text.nbr_table_register
                0x000094ca       0x26 contiki-sky.a(nbr-table.o)
                0x000094ca                nbr_table_register
 .text.nbr_table_next
                0x000094f0       0x36 contiki-sky.a(nbr-table.o)
                0x000094f0                nbr_table_next
 .text.nbr_table_head
                0x00009526       0x36 contiki-sky.a(nbr-table.o)
                0x00009526                nbr_table_head
 .text.nbr_table_add_lladdr
                0x0000955c      0x13e contiki-sky.a(nbr-table.o)
                0x0000955c                nbr_table_add_lladdr
 .text.nbr_table_get_from_lladdr
                0x0000969a       0x4c contiki-sky.a(nbr-table.o)
                0x0000969a                nbr_table_get_from_lladdr
 .text.nbr_table_remove
                0x000096e6       0x32 contiki-sky.a(nbr-table.o)
                0x000096e6                nbr_table_remove
 .text.nbr_table_lock
                0x00009718       0x10 contiki-sky.a(nbr-table.o)
                0x00009718                nbr_table_lock
 .text.nbr_table_unlock
                0x00009728       0x10 contiki-sky.a(nbr-table.o)
                0x00009728                nbr_table_unlock
 .text.nbr_table_get_lladdr
                0x00009738        0xc contiki-sky.a(nbr-table.o)
                0x00009738                nbr_table_get_lladdr
 .text.packetbuf_copyto_hdr
                0x00009744       0x1c contiki-sky.a(packetbuf.o)
                0x00009744                packetbuf_copyto_hdr
 .text.packetbuf_copyto
                0x00009760       0x52 contiki-sky.a(packetbuf.o)
                0x00009760                packetbuf_copyto
 .text.packetbuf_hdr_remove
                0x000097b2        0x6 contiki-sky.a(packetbuf.o)
                0x000097b2                packetbuf_hdr_remove
 .text.packetbuf_hdrreduce
                0x000097b8       0x1a contiki-sky.a(packetbuf.o)
                0x000097b8                packetbuf_hdrreduce
 .text.packetbuf_set_datalen
                0x000097d2        0x6 contiki-sky.a(packetbuf.o)
                0x000097d2                packetbuf_set_datalen
 .text.packetbuf_dataptr
                0x000097d8        0xa contiki-sky.a(packetbuf.o)
                0x000097d8                packetbuf_dataptr
 .text.packetbuf_hdrptr
                0x000097e2        0xa contiki-sky.a(packetbuf.o)
                0x000097e2                packetbuf_hdrptr
 .text.packetbuf_is_reference
                0x000097ec        0xe contiki-sky.a(packetbuf.o)
                0x000097ec                packetbuf_is_reference
 .text.packetbuf_compact
                0x000097fa       0x48 contiki-sky.a(packetbuf.o)
                0x000097fa                packetbuf_compact
 .text.packetbuf_reference_ptr
                0x00009842        0x6 contiki-sky.a(packetbuf.o)
                0x00009842                packetbuf_reference_ptr
 .text.packetbuf_datalen
                0x00009848        0x6 contiki-sky.a(packetbuf.o)
                0x00009848                packetbuf_datalen
 .text.packetbuf_totlen
                0x0000984e       0x10 contiki-sky.a(packetbuf.o)
                0x0000984e                packetbuf_totlen
 .text.packetbuf_hdralloc
                0x0000985e       0x2e contiki-sky.a(packetbuf.o)
                0x0000985e                packetbuf_hdralloc
 .text.packetbuf_attr_clear
                0x0000988c       0x32 contiki-sky.a(packetbuf.o)
                0x0000988c                packetbuf_attr_clear
 .text.packetbuf_clear
                0x000098be       0x20 contiki-sky.a(packetbuf.o)
                0x000098be                packetbuf_clear
 .text.packetbuf_copyfrom
                0x000098de       0x2e contiki-sky.a(packetbuf.o)
                0x000098de                packetbuf_copyfrom
 .text.packetbuf_attr_copyto
                0x0000990c       0x22 contiki-sky.a(packetbuf.o)
                0x0000990c                packetbuf_attr_copyto
 .text.packetbuf_attr_copyfrom
                0x0000992e       0x24 contiki-sky.a(packetbuf.o)
                0x0000992e                packetbuf_attr_copyfrom
 .text.queuebuf_init
                0x00009952       0x1a contiki-sky.a(queuebuf.o)
                0x00009952                queuebuf_init
 .text.queuebuf_new_from_packetbuf
                0x0000996c       0x80 contiki-sky.a(queuebuf.o)
                0x0000996c                queuebuf_new_from_packetbuf
 .text.queuebuf_update_attr_from_packetbuf
                0x000099ec       0x12 contiki-sky.a(queuebuf.o)
                0x000099ec                queuebuf_update_attr_from_packetbuf
 .text.queuebuf_free
                0x000099fe       0x46 contiki-sky.a(queuebuf.o)
                0x000099fe                queuebuf_free
 .text.queuebuf_to_packetbuf
                0x00009a44       0x70 contiki-sky.a(queuebuf.o)
                0x00009a44                queuebuf_to_packetbuf
 .text.queuebuf_attr
                0x00009ab4        0xe contiki-sky.a(queuebuf.o)
                0x00009ab4                queuebuf_attr
 .text.set_packet_attrs
                0x00009ac2       0x44 contiki-sky.a(sicslowpan.o)
 .text.addr_context_lookup_by_number
                0x00009b06       0x36 contiki-sky.a(sicslowpan.o)
 .text.compress_addr_64
                0x00009b3c       0x92 contiki-sky.a(sicslowpan.o)
 .text.uncompress_addr
                0x00009bce       0xae contiki-sky.a(sicslowpan.o)
 .text.input    0x00009c7c      0x646 contiki-sky.a(sicslowpan.o)
 .text.sicslowpan_init
                0x0000a2c2       0x26 contiki-sky.a(sicslowpan.o)
                0x0000a2c2                sicslowpan_init
 .text.addr_context_lookup_by_prefix
                0x0000a2e8       0x4c contiki-sky.a(sicslowpan.o)
 .text.send_packet
                0x0000a334       0x1a contiki-sky.a(sicslowpan.o)
 .text.output   0x0000a34e      0x6ea contiki-sky.a(sicslowpan.o)
 .text.packet_sent
                0x0000aa38       0x22 contiki-sky.a(sicslowpan.o)
 .text.start_periodic_tcp_timer
                0x0000aa5a       0x16 contiki-sky.a(tcpip.o)
 .text.tcpip_output
                0x0000aa70       0x10 contiki-sky.a(tcpip.o)
                0x0000aa70                tcpip_output
 .text.tcpip_set_outputfunc
                0x0000aa80        0x6 contiki-sky.a(tcpip.o)
                0x0000aa80                tcpip_set_outputfunc
 .text.udp_new  0x0000aa86       0x1a contiki-sky.a(tcpip.o)
                0x0000aa86                udp_new
 .text.tcpip_input
                0x0000aaa0       0x16 contiki-sky.a(tcpip.o)
                0x0000aaa0                tcpip_input
 .text.tcpip_ipv6_output
                0x0000aab6      0x166 contiki-sky.a(tcpip.o)
                0x0000aab6                tcpip_ipv6_output
 .text.process_thread_tcpip_process
                0x0000ac1c      0x1d8 contiki-sky.a(tcpip.o)
 .text.tcpip_uipcall
                0x0000adf4       0x7c contiki-sky.a(tcpip.o)
                0x0000adf4                tcpip_uipcall
 .text.uip_debug_ipaddr_print
                0x0000ae70       0x82 contiki-sky.a(uip-debug.o)
                0x0000ae70                uip_debug_ipaddr_print
 .text.call_route_callback
                0x0000aef2       0x54 contiki-sky.a(uip-ds6-route.o)
 .text.uip_ds6_route_init
                0x0000af46       0x2e contiki-sky.a(uip-ds6-route.o)
                0x0000af46                uip_ds6_route_init
 .text.uip_ds6_route_nexthop
                0x0000af74       0x16 contiki-sky.a(uip-ds6-route.o)
                0x0000af74                uip_ds6_route_nexthop
 .text.uip_ds6_route_head
                0x0000af8a       0x26 contiki-sky.a(uip-ds6-route.o)
                0x0000af8a                uip_ds6_route_head
 .text.uip_ds6_route_next
                0x0000afb0       0x3a contiki-sky.a(uip-ds6-route.o)
                0x0000afb0                uip_ds6_route_next
 .text.uip_ds6_route_lookup
                0x0000afea       0x5a contiki-sky.a(uip-ds6-route.o)
                0x0000afea                uip_ds6_route_lookup
 .text.uip_ds6_route_add
                0x0000b044       0xba contiki-sky.a(uip-ds6-route.o)
                0x0000b044                uip_ds6_route_add
 .text.uip_ds6_route_rm
                0x0000b0fe       0x60 contiki-sky.a(uip-ds6-route.o)
                0x0000b0fe                uip_ds6_route_rm
 .text.rm_routelist
                0x0000b15e       0x30 contiki-sky.a(uip-ds6-route.o)
 .text.rm_routelist_callback
                0x0000b18e        0x6 contiki-sky.a(uip-ds6-route.o)
 .text.uip_ds6_defrt_rm
                0x0000b194       0x48 contiki-sky.a(uip-ds6-route.o)
                0x0000b194                uip_ds6_defrt_rm
 .text.uip_ds6_defrt_lookup
                0x0000b1dc       0x36 contiki-sky.a(uip-ds6-route.o)
                0x0000b1dc                uip_ds6_defrt_lookup
 .text.uip_ds6_defrt_add
                0x0000b212       0x74 contiki-sky.a(uip-ds6-route.o)
                0x0000b212                uip_ds6_defrt_add
 .text.uip_ds6_defrt_choose
                0x0000b286       0x3a contiki-sky.a(uip-ds6-route.o)
                0x0000b286                uip_ds6_defrt_choose
 .text.uip_ds6_defrt_periodic
                0x0000b2c0       0x38 contiki-sky.a(uip-ds6-route.o)
                0x0000b2c0                uip_ds6_defrt_periodic
 .text.uip_ds6_nbr_rm
                0x0000b2f8       0x1a contiki-sky.a(uip-ds6-nbr.o)
                0x0000b2f8                uip_ds6_nbr_rm
 .text.uip_ds6_neighbors_init
                0x0000b312        0xe contiki-sky.a(uip-ds6-nbr.o)
                0x0000b312                uip_ds6_neighbors_init
 .text.uip_ds6_nbr_add
                0x0000b320       0x60 contiki-sky.a(uip-ds6-nbr.o)
                0x0000b320                uip_ds6_nbr_add
 .text.uip_ds6_nbr_get_ll
                0x0000b380        0xc contiki-sky.a(uip-ds6-nbr.o)
                0x0000b380                uip_ds6_nbr_get_ll
 .text.uip_ds6_nbr_lookup
                0x0000b38c       0x40 contiki-sky.a(uip-ds6-nbr.o)
                0x0000b38c                uip_ds6_nbr_lookup
 .text.uip_ds6_nbr_ll_lookup
                0x0000b3cc        0xc contiki-sky.a(uip-ds6-nbr.o)
                0x0000b3cc                uip_ds6_nbr_ll_lookup
 .text.uip_ds6_nbr_ipaddr_from_lladdr
                0x0000b3d8        0x6 contiki-sky.a(uip-ds6-nbr.o)
                0x0000b3d8                uip_ds6_nbr_ipaddr_from_lladdr
 .text.uip_ds6_nbr_lladdr_from_ipaddr
                0x0000b3de       0x10 contiki-sky.a(uip-ds6-nbr.o)
                0x0000b3de                uip_ds6_nbr_lladdr_from_ipaddr
 .text.uip_ds6_link_neighbor_callback
                0x0000b3ee       0x2a contiki-sky.a(uip-ds6-nbr.o)
                0x0000b3ee                uip_ds6_link_neighbor_callback
 .text.uip_ds6_neighbor_periodic
                0x0000b418      0x114 contiki-sky.a(uip-ds6-nbr.o)
                0x0000b418                uip_ds6_neighbor_periodic
 .text.uip_ds6_list_loop
                0x0000b52c       0x82 contiki-sky.a(uip-ds6.o)
                0x0000b52c                uip_ds6_list_loop
 .text.uip_ds6_prefix_add
                0x0000b5ae       0x80 contiki-sky.a(uip-ds6.o)
                0x0000b5ae                uip_ds6_prefix_add
 .text.uip_ds6_is_addr_onlink
                0x0000b62e       0x50 contiki-sky.a(uip-ds6.o)
                0x0000b62e                uip_ds6_is_addr_onlink
 .text.uip_ds6_addr_lookup
                0x0000b67e       0x2a contiki-sky.a(uip-ds6.o)
                0x0000b67e                uip_ds6_addr_lookup
 .text.uip_ds6_get_link_local
                0x0000b6a8       0x3e contiki-sky.a(uip-ds6.o)
                0x0000b6a8                uip_ds6_get_link_local
 .text.uip_ds6_maddr_add
                0x0000b6e6       0x4c contiki-sky.a(uip-ds6.o)
                0x0000b6e6                uip_ds6_maddr_add
 .text.uip_ds6_addr_add
                0x0000b732       0xca contiki-sky.a(uip-ds6.o)
                0x0000b732                uip_ds6_addr_add
 .text.uip_ds6_maddr_lookup
                0x0000b7fc       0x2a contiki-sky.a(uip-ds6.o)
                0x0000b7fc                uip_ds6_maddr_lookup
 .text.uip_ds6_addr_rm
                0x0000b826       0x54 contiki-sky.a(uip-ds6.o)
                0x0000b826                uip_ds6_addr_rm
 .text.uip_ds6_periodic
                0x0000b87a       0x4a contiki-sky.a(uip-ds6.o)
                0x0000b87a                uip_ds6_periodic
 .text.uip_ds6_set_addr_iid
                0x0000b8c4       0x14 contiki-sky.a(uip-ds6.o)
                0x0000b8c4                uip_ds6_set_addr_iid
 .text.get_match_length
                0x0000b8d8       0x46 contiki-sky.a(uip-ds6.o)
                0x0000b8d8                get_match_length
 .text.uip_ds6_select_src
                0x0000b91e       0xaa contiki-sky.a(uip-ds6.o)
                0x0000b91e                uip_ds6_select_src
 .text.uip_ds6_compute_reachable_time
                0x0000b9c8       0x4a contiki-sky.a(uip-ds6.o)
                0x0000b9c8                uip_ds6_compute_reachable_time
 .text.uip_ds6_init
                0x0000ba12      0x15a contiki-sky.a(uip-ds6.o)
                0x0000ba12                uip_ds6_init
 .text.uip_icmp6_echo_request_input
                0x0000bb6c      0x122 contiki-sky.a(uip-icmp6.o)
                0x0000bb6c                uip_icmp6_echo_request_input
 .text.uip_icmp6_error_output
                0x0000bc8e      0x16a contiki-sky.a(uip-icmp6.o)
                0x0000bc8e                uip_icmp6_error_output
 .text.uip_icmp6_send
                0x0000bdf8       0x94 contiki-sky.a(uip-icmp6.o)
                0x0000bdf8                uip_icmp6_send
 .text.create_llao
                0x0000be8c       0x2c contiki-sky.a(uip-nd6.o)
 .text.uip_nd6_ns_input
                0x0000beb8      0x236 contiki-sky.a(uip-nd6.o)
                0x0000beb8                uip_nd6_ns_input
 .text.uip_nd6_ns_output
                0x0000c0ee      0x16c contiki-sky.a(uip-nd6.o)
                0x0000c0ee                uip_nd6_ns_output
 .text.uip_nd6_na_input
                0x0000c25a      0x1b8 contiki-sky.a(uip-nd6.o)
                0x0000c25a                uip_nd6_na_input
 .text.uip_udp_packet_send
                0x0000c412       0x2e contiki-sky.a(uip-udp-packet.)
                0x0000c412                uip_udp_packet_send
 .text.uip_udp_packet_sendto
                0x0000c440       0x66 contiki-sky.a(uip-udp-packet.)
                0x0000c440                uip_udp_packet_sendto
 .text.chksum   0x0000c4a6       0x34 contiki-sky.a(uip6.o)
 .text.upper_layer_chksum
                0x0000c4da       0x54 contiki-sky.a(uip6.o)
 .text.ext_hdr_options_process
                0x0000c52e       0xe0 contiki-sky.a(uip6.o)
 .text.uip_add32
                0x0000c60e       0x72 contiki-sky.a(uip6.o)
                0x0000c60e                uip_add32
 .text.uip_add_rcv_nxt
                0x0000c680       0x2e contiki-sky.a(uip6.o)
 .text.uip_icmp6chksum
                0x0000c6ae        0xa contiki-sky.a(uip6.o)
                0x0000c6ae                uip_icmp6chksum
 .text.uip_tcpchksum
                0x0000c6b8        0xa contiki-sky.a(uip6.o)
                0x0000c6b8                uip_tcpchksum
 .text.uip_udpchksum
                0x0000c6c2        0xa contiki-sky.a(uip6.o)
                0x0000c6c2                uip_udpchksum
 .text.uip_init
                0x0000c6cc       0x6c contiki-sky.a(uip6.o)
                0x0000c6cc                uip_init
 .text.remove_ext_hdr
                0x0000c738       0x58 contiki-sky.a(uip6.o)
                0x0000c738                remove_ext_hdr
 .text.uip_udp_new
                0x0000c790       0xee contiki-sky.a(uip6.o)
                0x0000c790                uip_udp_new
 .text.uip_unlisten
                0x0000c87e       0x32 contiki-sky.a(uip6.o)
                0x0000c87e                uip_unlisten
 .text.uip_process
                0x0000c8b0      0xece contiki-sky.a(uip6.o)
                0x0000c8b0                uip_process
 .text.uip_htonl
                0x0000d77e       0x3e contiki-sky.a(uip6.o)
                0x0000d77e                uip_htonl
 .text.collect_view_construct_message
                0x0000d7bc      0x15a contiki-sky.a(collect-view.o)
                0x0000d7bc                collect_view_construct_message
 .text.collect_view_arch_read_sensors
                0x0000d916       0x98 contiki-sky.a(collect-view-sk)
                0x0000d916                collect_view_arch_read_sensors
 .text.init_platform
                0x0000d9ae        0xc contiki-sky.a(contiki-sky-pla)
                0x0000d9ae                init_platform
 .text.status   0x0000d9ba       0x1a contiki-sky.a(sht11-sensor.o)
 .text.configure
                0x0000d9d4       0x40 contiki-sky.a(sht11-sensor.o)
 .text.value    0x0000da14       0x30 contiki-sky.a(sht11-sensor.o)
 .text.value    0x0000da44       0x1a contiki-sky.a(light-sensor.o)
 .text.status   0x0000da5e        0xc contiki-sky.a(light-sensor.o)
 .text.configure
                0x0000da6a       0x10 contiki-sky.a(light-sensor.o)
 .text.value    0x0000da7a        0x6 contiki-sky.a(battery-sensor.)
 .text.status   0x0000da80        0xc contiki-sky.a(battery-sensor.)
 .text.configure
                0x0000da8c       0x12 contiki-sky.a(battery-sensor.)
 .text.status   0x0000da9e       0x16 contiki-sky.a(button-sensor.o)
 .text.configure
                0x0000dab4       0x4a contiki-sky.a(button-sensor.o)
 .text.value    0x0000dafe       0x26 contiki-sky.a(button-sensor.o)
 .text.irq_p2   0x0000db24       0x92 contiki-sky.a(button-sensor.o)
                0x0000db24                irq_p2
                0x0000db24                __isr_1
 .text.crc8_add
                0x0000dbb6       0x1a contiki-sky.a(ds2411.o)
 .text.owreadb  0x0000dbd0       0x56 contiki-sky.a(ds2411.o)
 .text.ds2411_init
                0x0000dc26      0x10a contiki-sky.a(ds2411.o)
                0x0000dc26                ds2411_init
 .text.wait_ready
                0x0000dd30       0x4e contiki-sky.a(xmem.o)
 .text.xmem_init
                0x0000dd7e       0x3c contiki-sky.a(xmem.o)
                0x0000dd7e                xmem_init
 .text.xmem_pread
                0x0000ddba       0xdc contiki-sky.a(xmem.o)
                0x0000ddba                xmem_pread
 .text.node_id_restore
                0x0000de96       0x38 contiki-sky.a(node-id.o)
                0x0000de96                node_id_restore
 .text.get_sensor_index
                0x0000dece       0x22 contiki-sky.a(sensors.o)
 .text.process_thread_sensors_process
                0x0000def0       0xc2 contiki-sky.a(sensors.o)
 .text.sensors_changed
                0x0000dfb2       0x14 contiki-sky.a(sensors.o)
                0x0000dfb2                sensors_changed
 .text.strobe   0x0000dfc6       0x1e contiki-sky.a(cc2420.o)
 .text.status   0x0000dfe4       0x24 contiki-sky.a(cc2420.o)
 .text.getreg   0x0000e008       0x50 contiki-sky.a(cc2420.o)
 .text.setreg   0x0000e058       0x48 contiki-sky.a(cc2420.o)
 .text.set_txpower
                0x0000e0a0       0x2a contiki-sky.a(cc2420.o)
 .text.cc2420_receiving_packet
                0x0000e0ca       0x10 contiki-sky.a(cc2420.o)
 .text.pending_packet
                0x0000e0da        0x8 contiki-sky.a(cc2420.o)
 .text.on       0x0000e0e2       0x46 contiki-sky.a(cc2420.o)
 .text.flushrx  0x0000e128       0x74 contiki-sky.a(cc2420.o)
 .text.off      0x0000e19c       0x78 contiki-sky.a(cc2420.o)
 .text.RELEASE_LOCK
                0x0000e214       0x28 contiki-sky.a(cc2420.o)
 .text.cc2420_prepare
                0x0000e23c       0x82 contiki-sky.a(cc2420.o)
 .text.cc2420_on
                0x0000e2be       0x22 contiki-sky.a(cc2420.o)
                0x0000e2be                cc2420_on
 .text.cc2420_off
                0x0000e2e0       0x30 contiki-sky.a(cc2420.o)
                0x0000e2e0                cc2420_off
 .text.cc2420_cca
                0x0000e310       0x7a contiki-sky.a(cc2420.o)
 .text.getrxdata
                0x0000e38a       0x4e contiki-sky.a(cc2420.o)
 .text.cc2420_read
                0x0000e3d8       0xe6 contiki-sky.a(cc2420.o)
 .text.process_thread_cc2420_process
                0x0000e4be       0x50 contiki-sky.a(cc2420.o)
 .text.cc2420_set_channel
                0x0000e50e       0x7a contiki-sky.a(cc2420.o)
                0x0000e50e                cc2420_set_channel
 .text.cc2420_set_pan_addr
                0x0000e588      0x13a contiki-sky.a(cc2420.o)
                0x0000e588                cc2420_set_pan_addr
 .text.cc2420_interrupt
                0x0000e6c2       0x20 contiki-sky.a(cc2420.o)
                0x0000e6c2                cc2420_interrupt
 .text.cc2420_set_txpower
                0x0000e6e2        0xe contiki-sky.a(cc2420.o)
                0x0000e6e2                cc2420_set_txpower
 .text.cc2420_get_txpower
                0x0000e6f0       0x1e contiki-sky.a(cc2420.o)
                0x0000e6f0                cc2420_get_txpower
 .text.cc2420_transmit
                0x0000e70e      0x1a4 contiki-sky.a(cc2420.o)
 .text.cc2420_send
                0x0000e8b2       0x12 contiki-sky.a(cc2420.o)
 .text.cc2420_set_cca_threshold
                0x0000e8c4       0x16 contiki-sky.a(cc2420.o)
                0x0000e8c4                cc2420_set_cca_threshold
 .text.cc2420_init
                0x0000e8da       0xdc contiki-sky.a(cc2420.o)
                0x0000e8da                cc2420_init
 .text.cc2420_port1_interrupt
                0x0000e9b6       0x6a contiki-sky.a(cc2420-arch.o)
                0x0000e9b6                __isr_4
                0x0000e9b6                cc2420_port1_interrupt
 .text.cc2420_arch_init
                0x0000ea20       0x1a contiki-sky.a(cc2420-arch.o)
                0x0000ea20                cc2420_arch_init
 .text.sky_sensors_status
                0x0000ea3a       0x3c contiki-sky.a(sky-sensors.o)
                0x0000ea3a                sky_sensors_status
 .text.sky_sensors_configure
                0x0000ea76       0xf6 contiki-sky.a(sky-sensors.o)
                0x0000ea76                sky_sensors_configure
 .text.handle_rxdma_timer
                0x0000eb6c       0x42 contiki-sky.a(uart1.o)
 .text.uart1_active
                0x0000ebae       0x18 contiki-sky.a(uart1.o)
                0x0000ebae                uart1_active
 .text.uart1_set_input
                0x0000ebc6       0x20 contiki-sky.a(uart1.o)
                0x0000ebc6                uart1_set_input
 .text.uart1_writeb
                0x0000ebe6       0x1a contiki-sky.a(uart1.o)
                0x0000ebe6                uart1_writeb
 .text.uart1_init
                0x0000ec00       0xee contiki-sky.a(uart1.o)
                0x0000ec00                uart1_init
 .text.putchar  0x0000ecee        0xe contiki-sky.a(uart1-putchar.o)
                0x0000ecee                putchar
 .text.msp430_init_dco
                0x0000ecfc       0x74 contiki-sky.a(msp430.o)
                0x0000ecfc                msp430_init_dco
 .text.msp430_add_lpm_req
                0x0000ed70        0xa contiki-sky.a(msp430.o)
                0x0000ed70                msp430_add_lpm_req
 .text.msp430_cpu_init
                0x0000ed7a       0x2a contiki-sky.a(msp430.o)
                0x0000ed7a                msp430_cpu_init
 .text.splhigh_
                0x0000eda4        0x8 contiki-sky.a(msp430.o)
                0x0000eda4                splhigh_
 .text.msp430_sync_dco
                0x0000edac       0x60 contiki-sky.a(msp430.o)
                0x0000edac                msp430_sync_dco
 .text.timera1  0x0000ee0c       0xee contiki-sky.a(clock.o)
                0x0000ee0c                __isr_5
                0x0000ee0c                timera1
 .text.clock_time
                0x0000eefa       0x1a contiki-sky.a(clock.o)
                0x0000eefa                clock_time
 .text.clock_init
                0x0000ef14       0x28 contiki-sky.a(clock.o)
                0x0000ef14                clock_init
 .text.clock_delay
                0x0000ef3c        0xc contiki-sky.a(clock.o)
                0x0000ef3c                clock_delay
 .text.clock_wait
                0x0000ef48       0x36 contiki-sky.a(clock.o)
                0x0000ef48                clock_wait
 .text.clock_seconds
                0x0000ef7e       0x1a contiki-sky.a(clock.o)
                0x0000ef7e                clock_seconds
 .text.show_leds
                0x0000ef98      0x10c contiki-sky.a(leds.o)
 .text.leds_init
                0x0000f0a4        0xe contiki-sky.a(leds.o)
                0x0000f0a4                leds_init
 .text.leds_on  0x0000f0b2       0x14 contiki-sky.a(leds.o)
                0x0000f0b2                leds_on
 .text.leds_off
                0x0000f0c6       0x14 contiki-sky.a(leds.o)
                0x0000f0c6                leds_off
 .text.leds_arch_init
                0x0000f0da        0xe contiki-sky.a(leds-arch.o)
                0x0000f0da                leds_arch_init
 .text.leds_arch_set
                0x0000f0e8       0x3a contiki-sky.a(leds-arch.o)
                0x0000f0e8                leds_arch_set
 .text.watchdog_interrupt
                0x0000f122        0x6 contiki-sky.a(watchdog.o)
                0x0000f122                __isr_10
                0x0000f122                watchdog_interrupt
 .text.watchdog_start
                0x0000f128       0x14 contiki-sky.a(watchdog.o)
                0x0000f128                watchdog_start
 .text.watchdog_periodic
                0x0000f13c       0x12 contiki-sky.a(watchdog.o)
                0x0000f13c                watchdog_periodic
 .text.watchdog_stop
                0x0000f14e       0x16 contiki-sky.a(watchdog.o)
                0x0000f14e                watchdog_stop
 .text.watchdog_init
                0x0000f164       0x14 contiki-sky.a(watchdog.o)
                0x0000f164                watchdog_init
 .text.rtimer_arch_init
                0x0000f178        0xe contiki-sky.a(rtimer-arch.o)
                0x0000f178                rtimer_arch_init
 .text.rtimer_arch_now
                0x0000f186        0xe contiki-sky.a(rtimer-arch.o)
                0x0000f186                rtimer_arch_now
 .text.timera0  0x0000f194       0x76 contiki-sky.a(rtimer-arch.o)
                0x0000f194                __isr_6
                0x0000f194                timera0
 .text.rtimer_arch_schedule
                0x0000f20a        0x6 contiki-sky.a(rtimer-arch.o)
                0x0000f20a                rtimer_arch_schedule
 .text.mac_call_sent_callback
                0x0000f210       0x14 contiki-sky.a(mac.o)
                0x0000f210                mac_call_sent_callback
 .text.parse    0x0000f224       0xa8 contiki-sky.a(framer-802154.o)
 .text.create   0x0000f2cc      0x10a contiki-sky.a(framer-802154.o)
 .text.rpl_purge_routes
                0x0000f3d6       0x96 contiki-sky.a(rpl.o)
                0x0000f3d6                rpl_purge_routes
 .text.rpl_remove_routes
                0x0000f46c       0x22 contiki-sky.a(rpl.o)
                0x0000f46c                rpl_remove_routes
 .text.rpl_remove_routes_by_nexthop
                0x0000f48e       0x46 contiki-sky.a(rpl.o)
                0x0000f48e                rpl_remove_routes_by_nexthop
 .text.rpl_add_route
                0x0000f4d4       0x46 contiki-sky.a(rpl.o)
                0x0000f4d4                rpl_add_route
 .text.rpl_link_neighbor_callback
                0x0000f51a       0x6a contiki-sky.a(rpl.o)
                0x0000f51a                rpl_link_neighbor_callback
 .text.rpl_ipv6_neighbor_callback
                0x0000f584       0x1e contiki-sky.a(rpl.o)
                0x0000f584                rpl_ipv6_neighbor_callback
 .text.rpl_init
                0x0000f5a2       0x40 contiki-sky.a(rpl.o)
                0x0000f5a2                rpl_init
 .text.rpl_verify_header
                0x0000f5e2       0xae contiki-sky.a(rpl-ext-header.)
                0x0000f5e2                rpl_verify_header
 .text.rpl_update_header_empty
                0x0000f690       0xf8 contiki-sky.a(rpl-ext-header.)
                0x0000f690                rpl_update_header_empty
 .text.rpl_update_header_final
                0x0000f788       0x84 contiki-sky.a(rpl-ext-header.)
                0x0000f788                rpl_update_header_final
 .text.rpl_invert_header
                0x0000f80c       0x5c contiki-sky.a(rpl-ext-header.)
                0x0000f80c                rpl_invert_header
 .text.rpl_insert_header
                0x0000f868       0x18 contiki-sky.a(rpl-ext-header.)
                0x0000f868                rpl_insert_header
 .text.rev8bits
                0x0000f880       0x2c contiki-sky.a(sht11.o)
 .text.crc8_add
                0x0000f8ac       0x1c contiki-sky.a(sht11.o)
 .text.sstart   0x0000f8c8       0x3e contiki-sky.a(sht11.o)
 .text.swrite   0x0000f906       0x52 contiki-sky.a(sht11.o)
 .text.sread    0x0000f958       0x4e contiki-sky.a(sht11.o)
 .text.sreset   0x0000f9a6       0x2a contiki-sky.a(sht11.o)
 .text.scmd     0x0000f9d0       0x98 contiki-sky.a(sht11.o)
 .text.sht11_init
                0x0000fa68       0x1a contiki-sky.a(sht11.o)
                0x0000fa68                sht11_init
 .text.sht11_off
                0x0000fa82       0x14 contiki-sky.a(sht11.o)
                0x0000fa82                sht11_off
 .text.sht11_temp
                0x0000fa96        0xa contiki-sky.a(sht11.o)
                0x0000fa96                sht11_temp
 .text.sht11_humidity
                0x0000faa0        0xa contiki-sky.a(sht11.o)
                0x0000faa0                sht11_humidity
 .text.sht11_sreg
                0x0000faaa       0x54 contiki-sky.a(sht11.o)
                0x0000faaa                sht11_sreg
 .text.spi_init
                0x0000fafe       0x32 contiki-sky.a(spi.o)
                0x0000fafe                spi_init
 .text.field_len
                0x0000fb30       0x98 contiki-sky.a(frame802154.o)
 .text.frame802154_hdrlen
                0x0000fbc8       0x2e contiki-sky.a(frame802154.o)
                0x0000fbc8                frame802154_hdrlen
 .text.frame802154_create
                0x0000fbf6      0x16c contiki-sky.a(frame802154.o)
                0x0000fbf6                frame802154_create
 .text.frame802154_parse
                0x0000fd62      0x19e contiki-sky.a(frame802154.o)
                0x0000fd62                frame802154_parse
 .text.libgcc   0x0000ff00       0x20 /usr/lib/gcc/msp430/4.5.3/mmpy-16/libgcc.a(_mulsi3.o)
                0x0000ff00                __mulsi3
 .text.libgcc   0x0000ff20       0x1c /usr/lib/gcc/msp430/4.5.3/mmpy-16/libgcc.a(_udivmodhi4.o)
                0x0000ff20                __udivmodhi4
 .text.libgcc   0x0000ff3c       0x36 /usr/lib/gcc/msp430/4.5.3/mmpy-16/libgcc.a(_divmodhi4.o)
                0x0000ff3c                __divmodhi4
 .text.libgcc   0x0000ff72       0x2a /usr/lib/gcc/msp430/4.5.3/mmpy-16/libgcc.a(_udivmodsi4.o)
                0x0000ff72                __udivmodsi4
 .text.libgcc   0x0000ff9c       0x4a /usr/lib/gcc/msp430/4.5.3/mmpy-16/libgcc.a(_divmodsi4.o)
                0x0000ff9c                __divmodsi4
 .text.crt0     0x0000ffe6        0x2 /usr/lib/gcc/msp430/4.5.3/mmpy-16/libcrt0.a(_unexpected_.o)
                0x0000ffe6                _unexpected_

.rodata         0x0000ffe8        0x0
                0x0000ffe8                . = ALIGN (0x2)
 *(.rodata .rodata.* .gnu.linkonce.r.*)
                0x0000ffe8                . = ALIGN (0x2)
                0x0000ffe8                _etext = .

.data           0x00001100       0xe0 load address 0x0000ffe8
                0x00001100                . = ALIGN (0x2)
                0x00001100                PROVIDE (__data_start, .)
 *(.data)
 .data          0x00001100        0xa udp-sender.co
                0x00001100                udp_client_process
 .data          0x0000110a        0xc obj_sky/collect-common.o
                0x0000110a                collect_common_process
 .data          0x00001116       0x18 contiki-sky.a(csma.o)
 .data          0x0000112e       0x10 contiki-sky.a(phase.o)
 .data          0x0000113e        0x8 contiki-sky.a(rpl-dag.o)
 .data          0x00001146        0x1 contiki-sky.a(rpl-icmp6.o)
 *fill*         0x00001147        0x1 00
 .data          0x00001148        0xe contiki-sky.a(rpl-mrhof.o)
                0x00001148                rpl_mrhof
 .data          0x00001156        0xa contiki-sky.a(serial-line.o)
                0x00001156                serial_line_process
 .data          0x00001160        0xa contiki-sky.a(etimer.o)
                0x00001160                etimer_process
 .data          0x0000116a        0xa contiki-sky.a(ctimer.o)
                0x0000116a                ctimer_process
 .data          0x00001174        0x8 contiki-sky.a(nbr-table.o)
 .data          0x0000117c       0x18 contiki-sky.a(queuebuf.o)
 .data          0x00001194        0xa contiki-sky.a(tcpip.o)
                0x00001194                tcpip_process
 .data          0x0000119e       0x18 contiki-sky.a(uip-ds6-route.o)
 .data          0x000011b6        0xa contiki-sky.a(uip-ds6-nbr.o)
                0x000011b6                ds6_neighbors
 .data          0x000011c0        0x4 contiki-sky.a(contiki-sky-pla)
                0x000011c0                sensors
 .data          0x000011c4        0x1 contiki-sky.a(sht11-sensor.o)
 *fill*         0x000011c5        0x1 00
 .data          0x000011c6        0xa contiki-sky.a(sensors.o)
                0x000011c6                sensors_process
 .data          0x000011d0        0xa contiki-sky.a(cc2420.o)
                0x000011d0                cc2420_process
 .data          0x000011da        0x2 contiki-sky.a(msp430.o)
 .data          0x000011dc        0x4 /usr/lib/gcc/msp430/4.5.3/../../../../msp430/lib/mmpy-16/libc.a(rand.o)
 *(SORT(.data.*))
                0x000011e0                . = ALIGN (0x2)
 *(.gnu.linkonce.d*)
                0x000011e0                . = ALIGN (0x2)
                0x000011e0                _edata = .
                0x0000ffe8                PROVIDE (__data_load_start, LOADADDR (.data))
                0x000000e0                PROVIDE (__data_size, SIZEOF (.data))

.bss            0x000011e0     0x1c30 load address 0x000100c8
                0x000011e0                PROVIDE (__bss_start, .)
 *(.bss)
 .bss           0x000011e0       0x14 udp-sender.co
 .bss           0x000011f4       0x1c obj_sky/collect-common.o
 .bss           0x00001210        0xc obj_sky/contiki-sky-main.o
 .bss           0x0000121c       0xc2 contiki-sky.a(csma.o)
 .bss           0x000012de       0xd8 contiki-sky.a(contikimac.o)
 .bss           0x000013b6      0x1d8 contiki-sky.a(phase.o)
 .bss           0x0000158e       0xf0 contiki-sky.a(rpl-dag.o)
 .bss           0x0000167e       0x18 contiki-sky.a(rpl-timers.o)
 .bss           0x00001696       0x42 contiki-sky.a(process.o)
                0x00001696                process_list
                0x00001698                process_current
 .bss           0x000016d8        0x8 contiki-sky.a(compower.o)
 .bss           0x000016e0      0x10a contiki-sky.a(serial-line.o)
 .bss           0x000017ea        0x6 contiki-sky.a(etimer.o)
 .bss           0x000017f0        0x4 contiki-sky.a(ctimer.o)
 .bss           0x000017f4        0x2 contiki-sky.a(rtimer.o)
 .bss           0x000017f6      0x118 contiki-sky.a(nbr-table.o)
 .bss           0x0000190e       0xba contiki-sky.a(packetbuf.o)
 .bss           0x000019c8      0x71e contiki-sky.a(queuebuf.o)
 .bss           0x000020e6       0x96 contiki-sky.a(sicslowpan.o)
 .bss           0x0000217c       0x36 contiki-sky.a(tcpip.o)
 .bss           0x000021b2      0x2fc contiki-sky.a(uip-ds6-route.o)
 .bss           0x000024ae      0x2d0 contiki-sky.a(uip-ds6-nbr.o)
 .bss           0x0000277e       0x18 contiki-sky.a(uip-ds6.o)
 .bss           0x00002796       0x10 contiki-sky.a(uip-icmp6.o)
 .bss           0x000027a6        0xa contiki-sky.a(uip-nd6.o)
 .bss           0x000027b0       0x10 contiki-sky.a(uip6.o)
                0x000027b0                uip_ext_bitmap
                0x000027b2                uip_ext_len
                0x000027b4                uip_ext_opt_offset
 .bss           0x000027c0       0x10 contiki-sky.a(collect-view.o)
 .bss           0x000027d0        0x8 contiki-sky.a(button-sensor.o)
 .bss           0x000027d8        0x2 contiki-sky.a(node-id.o)
                0x000027d8                node_id
 .bss           0x000027da        0x6 contiki-sky.a(sensors.o)
 .bss           0x000027e0        0xa contiki-sky.a(cc2420.o)
 .bss           0x000027ea        0x4 contiki-sky.a(sky-sensors.o)
 .bss           0x000027ee       0x9a contiki-sky.a(uart1.o)
 .bss           0x00002888        0xa contiki-sky.a(clock.o)
 .bss           0x00002892        0x2 contiki-sky.a(leds.o)
 .bss           0x00002894        0x2 contiki-sky.a(watchdog.o)
 .bss           0x00002896        0x2 contiki-sky.a(framer-802154.o)
 *(SORT(.bss.*))
 *(COMMON)
 COMMON         0x00002898        0x8 contiki-sky.a(rimeaddr.o)
                0x00002898                rimeaddr_node_addr
 COMMON         0x000028a0       0xbe contiki-sky.a(rpl-dag.o)
                0x000028a0                default_instance
                0x000028a2                instance_table
 COMMON         0x0000295e        0x1 contiki-sky.a(process.o)
                0x0000295e                process_maxevents
 *fill*         0x0000295f        0x1 00
 COMMON         0x00002960        0x8 contiki-sky.a(compower.o)
                0x00002960                compower_idle_activity
 COMMON         0x00002968        0x1 contiki-sky.a(serial-line.o)
                0x00002968                serial_line_event_message
 *fill*         0x00002969        0x1 00
 COMMON         0x0000296a       0x56 contiki-sky.a(energest.o)
                0x0000296a                energest_total_time
                0x0000299a                energest_total_count
                0x0000299c                energest_current_mode
                0x000029a8                energest_current_time
 COMMON         0x000029c0       0x50 contiki-sky.a(packetbuf.o)
                0x000029c0                packetbuf_addrs
                0x000029e0                packetbuf_attrs
 COMMON         0x00002a10        0x8 contiki-sky.a(sicslowpan.o)
                0x00002a10                frag_sender
 COMMON         0x00002a18        0x1 contiki-sky.a(tcpip.o)
                0x00002a18                tcpip_event
 *fill*         0x00002a19        0x1 00
 COMMON         0x00002a1a      0x15c contiki-sky.a(uip-ds6.o)
                0x00002a1a                uip_ds6_timer_ra
                0x00002a22                uip_ds6_if
                0x00002b0e                uip_ds6_netif_addr_list_offset
                0x00002b0f                uip_ds6_addr_size
                0x00002b10                uip_ds6_prefix_list
                0x00002b6a                uip_ds6_timer_periodic
 COMMON         0x00002b76      0x278 contiki-sky.a(uip6.o)
                0x00002b76                uip_len
                0x00002b78                uip_sappdata
                0x00002b7a                uip_acc32
                0x00002b7e                uip_lladdr
                0x00002b86                uip_aligned_buf
                0x00002bea                uip_flags
                0x00002bec                uip_next_hdr
                0x00002bee                uip_udp_conn
                0x00002bf0                uip_appdata
                0x00002bf2                uip_conn
                0x00002bf4                uip_conns
                0x00002ca4                uip_listenports
                0x00002cb4                uip_slen
                0x00002cb6                uip_udp_conns
 COMMON         0x00002dee        0x2 contiki-sky.a(contiki-sky-pla)
                0x00002dee                sensors_flags
 COMMON         0x00002df0        0x8 contiki-sky.a(ds2411.o)
                0x00002df0                ds2411_id
 COMMON         0x00002df8        0x1 contiki-sky.a(sensors.o)
                0x00002df8                sensors_event
 *fill*         0x00002df9        0x1 00
 COMMON         0x00002dfa       0x14 contiki-sky.a(cc2420.o)
                0x00002dfa                cc2420_last_rssi
                0x00002dfc                cc2420_packets_read
                0x00002dfe                cc2420_packets_seen
                0x00002e00                cc2420_sfd_start_time
                0x00002e02                cc2420_time_of_departure
                0x00002e04                cc2420_time_of_arrival
                0x00002e06                cc2420_last_correlation
                0x00002e08                cc2420_authority_level_of_sender
                0x00002e0a                cc2420_sfd_counter
                0x00002e0c                cc2420_sfd_end_time
 COMMON         0x00002e0e        0x2 contiki-sky.a(msp430.o)
                0x00002e0e                msp430_dco_required
                0x00002e10                PROVIDE (__bss_end, .)
                0x00002e10                _end = .
                0x00001c30                PROVIDE (__bss_size, SIZEOF (.bss))

.noinit         0x00002e10        0x0 load address 0x000100c8
                0x00002e10                PROVIDE (__noinit_start, .)
 *(.noinit)
 *(.noinit.*)
 *(COMMON)
                0x00002e10                PROVIDE (__noinit_end, .)
                0x00002e10                _end = .

.infomem        0x00001000        0x0
 *(.infomem)
                0x00001000                . = ALIGN (0x2)
 *(.infomem.*)

.infomemnobits  0x00001000        0x0
                0x00001000                . = ALIGN (0x2)
 *(.infomemnobits)
                0x00001000                . = ALIGN (0x2)
 *(.infomemnobits.*)

.vectors        0x0000ffe0       0x20
                0x0000ffe0                PROVIDE (__vectors_start, .)
 *(.vectors*)
 .vectors       0x0000ffe0       0x20 /usr/lib/gcc/msp430/4.5.3/mmpy-16/crt0ivtbl16.o
                0x0000ffe0                __ivtbl_16
                0x00010000                _vectors_end = .

.fartext        0x00000000        0x0
                0x00000000                . = ALIGN (0x2)
 *(.fartext)
                0x00000000                . = ALIGN (0x2)
 *(.fartext.*)
                0x00000000                _efartext = .

.profiler
 *(.profiler)

.stab
 *(.stab)

.stabstr
 *(.stabstr)

.stab.excl
 *(.stab.excl)

.stab.exclstr
 *(.stab.exclstr)

.stab.index
 *(.stab.index)

.stab.indexstr
 *(.stab.indexstr)

.comment
 *(.comment)

.debug
 *(.debug)

.line
 *(.line)

.debug_srcinfo
 *(.debug_srcinfo)

.debug_sfnames
 *(.debug_sfnames)

.debug_aranges  0x00000000      0x21c
 *(.debug_aranges)
 .debug_aranges
                0x00000000       0x14 /usr/lib/gcc/msp430/4.5.3/mmpy-16/libgcc.a(_mulsi3.o)
 .debug_aranges
                0x00000014       0x14 /usr/lib/gcc/msp430/4.5.3/mmpy-16/libgcc.a(_udivmodhi4.o)
 .debug_aranges
                0x00000028       0x14 /usr/lib/gcc/msp430/4.5.3/mmpy-16/libgcc.a(_divmodhi4.o)
 .debug_aranges
                0x0000003c       0x14 /usr/lib/gcc/msp430/4.5.3/mmpy-16/libgcc.a(_udivmodsi4.o)
 .debug_aranges
                0x00000050       0x14 /usr/lib/gcc/msp430/4.5.3/mmpy-16/libgcc.a(_divmodsi4.o)
 .debug_aranges
                0x00000064       0x14 /usr/lib/gcc/msp430/4.5.3/mmpy-16/libgcc.a(_mul_sf.o)
 .debug_aranges
                0x00000078       0x14 /usr/lib/gcc/msp430/4.5.3/mmpy-16/libgcc.a(_le_sf.o)
 .debug_aranges
                0x0000008c       0x14 /usr/lib/gcc/msp430/4.5.3/mmpy-16/libgcc.a(_usi_to_sf.o)
 .debug_aranges
                0x000000a0       0x14 /usr/lib/gcc/msp430/4.5.3/mmpy-16/libgcc.a(_clzsi2.o)
 .debug_aranges
                0x000000b4       0x14 /usr/lib/gcc/msp430/4.5.3/mmpy-16/libgcc.a(_pack_sf.o)
 .debug_aranges
                0x000000c8       0x14 /usr/lib/gcc/msp430/4.5.3/mmpy-16/libgcc.a(_unpack_sf.o)
 .debug_aranges
                0x000000dc       0x14 /usr/lib/gcc/msp430/4.5.3/mmpy-16/libgcc.a(_fpcmp_parts_sf.o)
 .debug_aranges
                0x000000f0       0x14 /usr/lib/gcc/msp430/4.5.3/../../../../msp430/lib/mmpy-16/libc.a(strncmp.o)
 .debug_aranges
                0x00000104       0x14 /usr/lib/gcc/msp430/4.5.3/../../../../msp430/lib/mmpy-16/libc.a(memcmp.o)
 .debug_aranges
                0x00000118       0x14 /usr/lib/gcc/msp430/4.5.3/../../../../msp430/lib/mmpy-16/libc.a(memcpy.o)
 .debug_aranges
                0x0000012c       0x14 /usr/lib/gcc/msp430/4.5.3/../../../../msp430/lib/mmpy-16/libc.a(memmove.o)
 .debug_aranges
                0x00000140       0x14 /usr/lib/gcc/msp430/4.5.3/../../../../msp430/lib/mmpy-16/libc.a(memset.o)
 .debug_aranges
                0x00000154       0x14 /usr/lib/gcc/msp430/4.5.3/../../../../msp430/lib/mmpy-16/libc.a(printf.o)
 .debug_aranges
                0x00000168       0x14 /usr/lib/gcc/msp430/4.5.3/../../../../msp430/lib/mmpy-16/libc.a(vuprintf.o)
 .debug_aranges
                0x0000017c       0x14 /usr/lib/gcc/msp430/4.5.3/../../../../msp430/lib/mmpy-16/libc.a(puts.o)
 .debug_aranges
                0x00000190       0x14 /usr/lib/gcc/msp430/4.5.3/../../../../msp430/lib/mmpy-16/libc.a(rand.o)
 .debug_aranges
                0x000001a4       0x14 /usr/lib/gcc/msp430/4.5.3/mmpy-16/libcrt0.a(__init_stack.o)
 .debug_aranges
                0x000001b8       0x14 /usr/lib/gcc/msp430/4.5.3/mmpy-16/libcrt0.a(__low_level_init.o)
 .debug_aranges
                0x000001cc       0x14 /usr/lib/gcc/msp430/4.5.3/mmpy-16/libcrt0.a(_copy_data.o)
 .debug_aranges
                0x000001e0       0x14 /usr/lib/gcc/msp430/4.5.3/mmpy-16/libcrt0.a(_clear_bss.o)
 .debug_aranges
                0x000001f4       0x14 /usr/lib/gcc/msp430/4.5.3/mmpy-16/libcrt0.a(_endless_loop__.o)
 .debug_aranges
                0x00000208       0x14 /usr/lib/gcc/msp430/4.5.3/mmpy-16/libcrt0.a(_unexpected_.o)

.debug_pubnames
                0x00000000      0x24e
 *(.debug_pubnames)
 .debug_pubnames
                0x00000000       0x1f /usr/lib/gcc/msp430/4.5.3/mmpy-16/libgcc.a(_mul_sf.o)
 .debug_pubnames
                0x0000001f       0x1e /usr/lib/gcc/msp430/4.5.3/mmpy-16/libgcc.a(_le_sf.o)
 .debug_pubnames
                0x0000003d       0x22 /usr/lib/gcc/msp430/4.5.3/mmpy-16/libgcc.a(_thenan_sf.o)
 .debug_pubnames
                0x0000005f       0x24 /usr/lib/gcc/msp430/4.5.3/mmpy-16/libgcc.a(_usi_to_sf.o)
 .debug_pubnames
                0x00000083       0x1f /usr/lib/gcc/msp430/4.5.3/mmpy-16/libgcc.a(_clzsi2.o)
 .debug_pubnames
                0x000000a2       0x1f /usr/lib/gcc/msp430/4.5.3/mmpy-16/libgcc.a(_pack_sf.o)
 .debug_pubnames
                0x000000c1       0x21 /usr/lib/gcc/msp430/4.5.3/mmpy-16/libgcc.a(_unpack_sf.o)
 .debug_pubnames
                0x000000e2       0x26 /usr/lib/gcc/msp430/4.5.3/mmpy-16/libgcc.a(_fpcmp_parts_sf.o)
 .debug_pubnames
                0x00000108       0x20 /usr/lib/gcc/msp430/4.5.3/mmpy-16/libgcc.a(_clz.o)
 .debug_pubnames
                0x00000128       0x1e /usr/lib/gcc/msp430/4.5.3/../../../../msp430/lib/mmpy-16/libc.a(strncmp.o)
 .debug_pubnames
                0x00000146       0x1d /usr/lib/gcc/msp430/4.5.3/../../../../msp430/lib/mmpy-16/libc.a(memcmp.o)
 .debug_pubnames
                0x00000163       0x1d /usr/lib/gcc/msp430/4.5.3/../../../../msp430/lib/mmpy-16/libc.a(memcpy.o)
 .debug_pubnames
                0x00000180       0x1e /usr/lib/gcc/msp430/4.5.3/../../../../msp430/lib/mmpy-16/libc.a(memmove.o)
 .debug_pubnames
                0x0000019e       0x1d /usr/lib/gcc/msp430/4.5.3/../../../../msp430/lib/mmpy-16/libc.a(memset.o)
 .debug_pubnames
                0x000001bb       0x29 /usr/lib/gcc/msp430/4.5.3/../../../../msp430/lib/mmpy-16/libc.a(printf.o)
 .debug_pubnames
                0x000001e4       0x1f /usr/lib/gcc/msp430/4.5.3/../../../../msp430/lib/mmpy-16/libc.a(vuprintf.o)
 .debug_pubnames
                0x00000203       0x1b /usr/lib/gcc/msp430/4.5.3/../../../../msp430/lib/mmpy-16/libc.a(puts.o)
 .debug_pubnames
                0x0000021e       0x30 /usr/lib/gcc/msp430/4.5.3/../../../../msp430/lib/mmpy-16/libc.a(rand.o)

.debug_info     0x00000000     0x2629
 *(.debug_info)
 .debug_info    0x00000000       0xd7 /usr/lib/gcc/msp430/4.5.3/mmpy-16/libgcc.a(_mulsi3.o)
 .debug_info    0x000000d7       0xd7 /usr/lib/gcc/msp430/4.5.3/mmpy-16/libgcc.a(_udivmodhi4.o)
 .debug_info    0x000001ae       0xd7 /usr/lib/gcc/msp430/4.5.3/mmpy-16/libgcc.a(_divmodhi4.o)
 .debug_info    0x00000285       0xd7 /usr/lib/gcc/msp430/4.5.3/mmpy-16/libgcc.a(_udivmodsi4.o)
 .debug_info    0x0000035c       0xd7 /usr/lib/gcc/msp430/4.5.3/mmpy-16/libgcc.a(_divmodsi4.o)
 .debug_info    0x00000433      0x3d6 /usr/lib/gcc/msp430/4.5.3/mmpy-16/libgcc.a(_mul_sf.o)
 .debug_info    0x00000809      0x27b /usr/lib/gcc/msp430/4.5.3/mmpy-16/libgcc.a(_le_sf.o)
 .debug_info    0x00000a84      0x151 /usr/lib/gcc/msp430/4.5.3/mmpy-16/libgcc.a(_thenan_sf.o)
 .debug_info    0x00000bd5      0x217 /usr/lib/gcc/msp430/4.5.3/mmpy-16/libgcc.a(_usi_to_sf.o)
 .debug_info    0x00000dec      0x115 /usr/lib/gcc/msp430/4.5.3/mmpy-16/libgcc.a(_clzsi2.o)
 .debug_info    0x00000f01      0x2c2 /usr/lib/gcc/msp430/4.5.3/mmpy-16/libgcc.a(_pack_sf.o)
 .debug_info    0x000011c3      0x24d /usr/lib/gcc/msp430/4.5.3/mmpy-16/libgcc.a(_unpack_sf.o)
 .debug_info    0x00001410      0x1e2 /usr/lib/gcc/msp430/4.5.3/mmpy-16/libgcc.a(_fpcmp_parts_sf.o)
 .debug_info    0x000015f2       0x99 /usr/lib/gcc/msp430/4.5.3/mmpy-16/libgcc.a(_clz.o)
 .debug_info    0x0000168b       0xbd /usr/lib/gcc/msp430/4.5.3/../../../../msp430/lib/mmpy-16/libc.a(strncmp.o)
 .debug_info    0x00001748       0xe2 /usr/lib/gcc/msp430/4.5.3/../../../../msp430/lib/mmpy-16/libc.a(memcmp.o)
 .debug_info    0x0000182a      0x113 /usr/lib/gcc/msp430/4.5.3/../../../../msp430/lib/mmpy-16/libc.a(memcpy.o)
 .debug_info    0x0000193d      0x113 /usr/lib/gcc/msp430/4.5.3/../../../../msp430/lib/mmpy-16/libc.a(memmove.o)
 .debug_info    0x00001a50       0xfe /usr/lib/gcc/msp430/4.5.3/../../../../msp430/lib/mmpy-16/libc.a(memset.o)
 .debug_info    0x00001b4e      0x103 /usr/lib/gcc/msp430/4.5.3/../../../../msp430/lib/mmpy-16/libc.a(printf.o)
 .debug_info    0x00001c51      0x3b5 /usr/lib/gcc/msp430/4.5.3/../../../../msp430/lib/mmpy-16/libc.a(vuprintf.o)
 .debug_info    0x00002006       0x96 /usr/lib/gcc/msp430/4.5.3/../../../../msp430/lib/mmpy-16/libc.a(puts.o)
 .debug_info    0x0000209c      0x137 /usr/lib/gcc/msp430/4.5.3/../../../../msp430/lib/mmpy-16/libc.a(rand.o)
 .debug_info    0x000021d3       0xb9 /usr/lib/gcc/msp430/4.5.3/mmpy-16/libcrt0.a(__init_stack.o)
 .debug_info    0x0000228c       0xb9 /usr/lib/gcc/msp430/4.5.3/mmpy-16/libcrt0.a(__low_level_init.o)
 .debug_info    0x00002345       0xb9 /usr/lib/gcc/msp430/4.5.3/mmpy-16/libcrt0.a(_copy_data.o)
 .debug_info    0x000023fe       0xb9 /usr/lib/gcc/msp430/4.5.3/mmpy-16/libcrt0.a(_clear_bss.o)
 .debug_info    0x000024b7       0xb9 /usr/lib/gcc/msp430/4.5.3/mmpy-16/libcrt0.a(_endless_loop__.o)
 .debug_info    0x00002570       0xb9 /usr/lib/gcc/msp430/4.5.3/mmpy-16/libcrt0.a(_unexpected_.o)
 *(.gnu.linkonce.wi.*)

.debug_abbrev   0x00000000     0x11bc
 *(.debug_abbrev)
 .debug_abbrev  0x00000000       0x14 /usr/lib/gcc/msp430/4.5.3/mmpy-16/libgcc.a(_mulsi3.o)
 .debug_abbrev  0x00000014       0x14 /usr/lib/gcc/msp430/4.5.3/mmpy-16/libgcc.a(_udivmodhi4.o)
 .debug_abbrev  0x00000028       0x14 /usr/lib/gcc/msp430/4.5.3/mmpy-16/libgcc.a(_divmodhi4.o)
 .debug_abbrev  0x0000003c       0x14 /usr/lib/gcc/msp430/4.5.3/mmpy-16/libgcc.a(_udivmodsi4.o)
 .debug_abbrev  0x00000050       0x14 /usr/lib/gcc/msp430/4.5.3/mmpy-16/libgcc.a(_divmodsi4.o)
 .debug_abbrev  0x00000064      0x1d9 /usr/lib/gcc/msp430/4.5.3/mmpy-16/libgcc.a(_mul_sf.o)
 .debug_abbrev  0x0000023d      0x151 /usr/lib/gcc/msp430/4.5.3/mmpy-16/libgcc.a(_le_sf.o)
 .debug_abbrev  0x0000038e       0xcb /usr/lib/gcc/msp430/4.5.3/mmpy-16/libgcc.a(_thenan_sf.o)
 .debug_abbrev  0x00000459      0x16d /usr/lib/gcc/msp430/4.5.3/mmpy-16/libgcc.a(_usi_to_sf.o)
 .debug_abbrev  0x000005c6       0xbd /usr/lib/gcc/msp430/4.5.3/mmpy-16/libgcc.a(_clzsi2.o)
 .debug_abbrev  0x00000683      0x183 /usr/lib/gcc/msp430/4.5.3/mmpy-16/libgcc.a(_pack_sf.o)
 .debug_abbrev  0x00000806      0x14b /usr/lib/gcc/msp430/4.5.3/mmpy-16/libgcc.a(_unpack_sf.o)
 .debug_abbrev  0x00000951      0x10b /usr/lib/gcc/msp430/4.5.3/mmpy-16/libgcc.a(_fpcmp_parts_sf.o)
 .debug_abbrev  0x00000a5c       0x61 /usr/lib/gcc/msp430/4.5.3/mmpy-16/libgcc.a(_clz.o)
 .debug_abbrev  0x00000abd       0x6d /usr/lib/gcc/msp430/4.5.3/../../../../msp430/lib/mmpy-16/libc.a(strncmp.o)
 .debug_abbrev  0x00000b2a       0x8a /usr/lib/gcc/msp430/4.5.3/../../../../msp430/lib/mmpy-16/libc.a(memcmp.o)
 .debug_abbrev  0x00000bb4       0x97 /usr/lib/gcc/msp430/4.5.3/../../../../msp430/lib/mmpy-16/libc.a(memcpy.o)
 .debug_abbrev  0x00000c4b       0x97 /usr/lib/gcc/msp430/4.5.3/../../../../msp430/lib/mmpy-16/libc.a(memmove.o)
 .debug_abbrev  0x00000ce2       0x8d /usr/lib/gcc/msp430/4.5.3/../../../../msp430/lib/mmpy-16/libc.a(memset.o)
 .debug_abbrev  0x00000d6f       0xce /usr/lib/gcc/msp430/4.5.3/../../../../msp430/lib/mmpy-16/libc.a(printf.o)
 .debug_abbrev  0x00000e3d      0x1cb /usr/lib/gcc/msp430/4.5.3/../../../../msp430/lib/mmpy-16/libc.a(vuprintf.o)
 .debug_abbrev  0x00001008       0x60 /usr/lib/gcc/msp430/4.5.3/../../../../msp430/lib/mmpy-16/libc.a(puts.o)
 .debug_abbrev  0x00001068       0xdc /usr/lib/gcc/msp430/4.5.3/../../../../msp430/lib/mmpy-16/libc.a(rand.o)
 .debug_abbrev  0x00001144       0x14 /usr/lib/gcc/msp430/4.5.3/mmpy-16/libcrt0.a(__init_stack.o)
 .debug_abbrev  0x00001158       0x14 /usr/lib/gcc/msp430/4.5.3/mmpy-16/libcrt0.a(__low_level_init.o)
 .debug_abbrev  0x0000116c       0x14 /usr/lib/gcc/msp430/4.5.3/mmpy-16/libcrt0.a(_copy_data.o)
 .debug_abbrev  0x00001180       0x14 /usr/lib/gcc/msp430/4.5.3/mmpy-16/libcrt0.a(_clear_bss.o)
 .debug_abbrev  0x00001194       0x14 /usr/lib/gcc/msp430/4.5.3/mmpy-16/libcrt0.a(_endless_loop__.o)
 .debug_abbrev  0x000011a8       0x14 /usr/lib/gcc/msp430/4.5.3/mmpy-16/libcrt0.a(_unexpected_.o)

.debug_line     0x00000000     0x13c6
 *(.debug_line)
 .debug_line    0x00000000       0x9d /usr/lib/gcc/msp430/4.5.3/mmpy-16/libgcc.a(_mulsi3.o)
 .debug_line    0x0000009d       0x9a /usr/lib/gcc/msp430/4.5.3/mmpy-16/libgcc.a(_udivmodhi4.o)
 .debug_line    0x00000137       0xa5 /usr/lib/gcc/msp430/4.5.3/mmpy-16/libgcc.a(_divmodhi4.o)
 .debug_line    0x000001dc       0xa1 /usr/lib/gcc/msp430/4.5.3/mmpy-16/libgcc.a(_udivmodsi4.o)
 .debug_line    0x0000027d       0xaf /usr/lib/gcc/msp430/4.5.3/mmpy-16/libgcc.a(_divmodsi4.o)
 .debug_line    0x0000032c      0x13d /usr/lib/gcc/msp430/4.5.3/mmpy-16/libgcc.a(_mul_sf.o)
 .debug_line    0x00000469       0xb1 /usr/lib/gcc/msp430/4.5.3/mmpy-16/libgcc.a(_le_sf.o)
 .debug_line    0x0000051a       0x94 /usr/lib/gcc/msp430/4.5.3/mmpy-16/libgcc.a(_thenan_sf.o)
 .debug_line    0x000005ae       0xc4 /usr/lib/gcc/msp430/4.5.3/mmpy-16/libgcc.a(_usi_to_sf.o)
 .debug_line    0x00000672       0xbd /usr/lib/gcc/msp430/4.5.3/mmpy-16/libgcc.a(_clzsi2.o)
 .debug_line    0x0000072f       0xfd /usr/lib/gcc/msp430/4.5.3/mmpy-16/libgcc.a(_pack_sf.o)
 .debug_line    0x0000082c       0xd9 /usr/lib/gcc/msp430/4.5.3/mmpy-16/libgcc.a(_unpack_sf.o)
 .debug_line    0x00000905       0xe8 /usr/lib/gcc/msp430/4.5.3/mmpy-16/libgcc.a(_fpcmp_parts_sf.o)
 .debug_line    0x000009ed       0x80 /usr/lib/gcc/msp430/4.5.3/mmpy-16/libgcc.a(_clz.o)