Archive member included because of file (symbol)

contiki-sky.a(rimeaddr.o)     obj_sky/contiki-sky-main.o (rimeaddr_copy)
contiki-sky.a(rime.o)         obj_sky/contiki-sky-main.o (rime_driver)
contiki-sky.a(announcement.o)
                              contiki-sky.a(rime.o) (announcement_init)
contiki-sky.a(broadcast-annou)
                              contiki-sky.a(rime.o) (broadcast_announcement_init)
contiki-sky.a(broadcast.o)    example-broadcast.co (broadcast_open)
contiki-sky.a(abc.o)          contiki-sky.a(broadcast.o) (abc_open)
contiki-sky.a(chameleon.o)    contiki-sky.a(rime.o) (chameleon_init)
contiki-sky.a(channel.o)      contiki-sky.a(chameleon.o) (channel_init)
contiki-sky.a(chameleon-bitop)
                              contiki-sky.a(chameleon.o) (chameleon_bitopt)
contiki-sky.a(csma.o)         obj_sky/contiki-sky-main.o (csma_driver)
contiki-sky.a(contikimac.o)   obj_sky/contiki-sky-main.o (contikimac_driver)
contiki-sky.a(phase.o)        contiki-sky.a(contikimac.o) (phase_update)
contiki-sky.a(process.o)      obj_sky/contiki-sky-main.o (process_init)
contiki-sky.a(autostart.o)    obj_sky/contiki-sky-main.o (autostart_start)
contiki-sky.a(compower.o)     contiki-sky.a(contikimac.o) (compower_idle_activity)
contiki-sky.a(serial-line.o)  obj_sky/contiki-sky-main.o (serial_line_input_byte)
contiki-sky.a(memb.o)         contiki-sky.a(csma.o) (memb_init)
contiki-sky.a(timer.o)        obj_sky/contiki-sky-main.o (timer_set)
contiki-sky.a(list.o)         contiki-sky.a(announcement.o) (list_init)
contiki-sky.a(etimer.o)       obj_sky/contiki-sky-main.o (etimer_process)
contiki-sky.a(ctimer.o)       obj_sky/contiki-sky-main.o (ctimer_init)
contiki-sky.a(energest.o)     obj_sky/contiki-sky-main.o (energest_init)
contiki-sky.a(rtimer.o)       obj_sky/contiki-sky-main.o (rtimer_init)
contiki-sky.a(random.o)       obj_sky/contiki-sky-main.o (random_init)
contiki-sky.a(ringbuf.o)      contiki-sky.a(serial-line.o) (ringbuf_init)
contiki-sky.a(nbr-table.o)    contiki-sky.a(phase.o) (nbr_table_register)
contiki-sky.a(packetbuf.o)    contiki-sky.a(contikimac.o) (packetbuf_hdr_remove)
contiki-sky.a(queuebuf.o)     contiki-sky.a(rime.o) (queuebuf_init)
contiki-sky.a(contiki-sky-pla)
                              obj_sky/contiki-sky-main.o (init_platform)
contiki-sky.a(button-sensor.o)
                              contiki-sky.a(contiki-sky-pla) (button_sensor)
contiki-sky.a(ds2411.o)       obj_sky/contiki-sky-main.o (ds2411_init)
contiki-sky.a(xmem.o)         obj_sky/contiki-sky-main.o (xmem_init)
contiki-sky.a(node-id.o)      obj_sky/contiki-sky-main.o (node_id_restore)
contiki-sky.a(sensors.o)      contiki-sky.a(button-sensor.o) (sensors_changed)
contiki-sky.a(cc2420.o)       obj_sky/contiki-sky-main.o (cc2420_set_pan_addr)
contiki-sky.a(cc2420-arch.o)  contiki-sky.a(cc2420.o) (cc2420_arch_init)
contiki-sky.a(uart1.o)        obj_sky/contiki-sky-main.o (uart1_active)
contiki-sky.a(uart1-putchar.o)
                              obj_sky/contiki-sky-main.o (putchar)
contiki-sky.a(msp430.o)       contiki-sky.a(uart1.o) (msp430_add_lpm_req)
contiki-sky.a(clock.o)        contiki-sky.a(timer.o) (clock_time)
contiki-sky.a(leds.o)         obj_sky/contiki-sky-main.o (leds_init)
contiki-sky.a(leds-arch.o)    contiki-sky.a(leds.o) (leds_arch_init)
contiki-sky.a(watchdog.o)     obj_sky/contiki-sky-main.o (watchdog_start)
contiki-sky.a(rtimer-arch.o)  contiki-sky.a(rtimer.o) (rtimer_arch_init)
contiki-sky.a(mac.o)          contiki-sky.a(csma.o) (mac_call_sent_callback)
contiki-sky.a(framer-802154.o)
                              contiki-sky.a(contikimac.o) (framer_802154)
contiki-sky.a(spi.o)          contiki-sky.a(xmem.o) (spi_init)
contiki-sky.a(frame802154.o)  contiki-sky.a(framer-802154.o) (frame802154_hdrlen)
/usr/local/msp430/bin/../lib/gcc/msp430/4.7.0/mmpy-16/libgcc.a(_mulsi3.o)
                              contiki-sky.a(csma.o) (__mulsi3)
/usr/local/msp430/bin/../lib/gcc/msp430/4.7.0/mmpy-16/libgcc.a(_udivmod16.o)
                              contiki-sky.a(phase.o) (__umodhi3)
/usr/local/msp430/bin/../lib/gcc/msp430/4.7.0/mmpy-16/libgcc.a(_divmod16.o)
                              contiki-sky.a(nbr-table.o) (__divhi3)
/usr/local/msp430/bin/../lib/gcc/msp430/4.7.0/mmpy-16/libgcc.a(_udivmod32.o)
                              obj_sky/contiki-sky-main.o (__udivsi3)
/usr/local/msp430/bin/../lib/gcc/msp430/4.7.0/../../../../msp430/lib/mmpy-16/libc.a(printf.o)
                              example-broadcast.co (printf)
/usr/local/msp430/bin/../lib/gcc/msp430/4.7.0/../../../../msp430/lib/mmpy-16/libc.a(vuprintf.o)
                              /usr/local/msp430/bin/../lib/gcc/msp430/4.7.0/../../../../msp430/lib/mmpy-16/libc.a(printf.o) (vuprintf)
/usr/local/msp430/bin/../lib/gcc/msp430/4.7.0/../../../../msp430/lib/mmpy-16/libc.a(puts.o)
                              example-broadcast.co (puts)
/usr/local/msp430/bin/../lib/gcc/msp430/4.7.0/../../../../msp430/lib/mmpy-16/libc.a(rand.o)
[...]
Memory Configuration

Name             Origin             Length             Attributes
sfr              0x00000000         0x00000010
peripheral_8bit  0x00000010         0x000000f0
peripheral_16bit 0x00000100         0x00000100
ram_mirror       0x00000200         0x00000800         xw
infomem          0x00001000         0x00000100
infob            0x00001000         0x00000080
infoa            0x00001080         0x00000080
ram              0x00001100         0x00002800         xw
rom              0x00004000         0x0000bfe0         xr
vectors          0x0000ffe0         0x00000020
bsl              0x00000000         0x00000000
infoc            0x00000000         0x00000000
infod            0x00000000         0x00000000
ram2             0x00000000         0x00000000         xw
usbram           0x00000000         0x00000000         xw
far_rom          0x00000000         0x00000000
*default*        0x00000000         0xffffffff

Linker script and memory map

LOAD /usr/local/msp430/bin/../lib/gcc/msp430/4.7.0/mmpy-16/crt0ivtbl16.o
LOAD example-broadcast.co
LOAD obj_sky/contiki-sky-main.o
LOAD contiki-sky.a
LOAD /usr/local/msp430/bin/../lib/gcc/msp430/4.7.0/mmpy-16/libgcc.a
LOAD /usr/local/msp430/bin/../lib/gcc/msp430/4.7.0/../../../../msp430/lib/mmpy-16/libc.a
LOAD /usr/local/msp430/bin/../lib/gcc/msp430/4.7.0/mmpy-16/libgcc.a
LOAD /usr/local/msp430/bin/../lib/gcc/msp430/4.7.0/mmpy-16/libcrt0.a
                0x00000080                PROVIDE (__info_segment_size, 0x80)
                0x00001000                PROVIDE (__infob, 0x1000)
                0x00001080                PROVIDE (__infoa, 0x1080)
                0x00000000                __IE1 = 0x0
                0x00000002                __IFG1 = 0x2
                0x00000004                __ME1 = 0x4
                0x00000001                __IE2 = 0x1
                0x00000003                __IFG2 = 0x3
                0x00000005                __ME2 = 0x5
                0x00000120                __WDTCTL = 0x120
                0x00000130                __MPY = 0x130
                0x00000132                __MPYS = 0x132
                0x00000134                __MAC = 0x134
                0x00000136                __MACS = 0x136
                0x00000138                __OP2 = 0x138
                0x0000013a                __RESLO = 0x13a
                0x0000013c                __RESHI = 0x13c
                0x0000013e                __SUMEXT = 0x13e
                0x00000020                __P1IN = 0x20
                0x00000021                __P1OUT = 0x21
                0x00000022                __P1DIR = 0x22
                0x00000023                __P1IFG = 0x23
                0x00000024                __P1IES = 0x24
                0x00000025                __P1IE = 0x25
                0x00000026                __P1SEL = 0x26
                0x00000028                __P2IN = 0x28
                0x00000029                __P2OUT = 0x29
                0x0000002a                __P2DIR = 0x2a
                0x0000002b                __P2IFG = 0x2b
                0x0000002c                __P2IES = 0x2c
                0x0000002d                __P2IE = 0x2d
                0x0000002e                __P2SEL = 0x2e
                0x00000018                __P3IN = 0x18
                0x00000019                __P3OUT = 0x19
                0x0000001a                __P3DIR = 0x1a
                0x0000001b                __P3SEL = 0x1b
                0x0000001c                __P4IN = 0x1c
                0x0000001d                __P4OUT = 0x1d
                0x0000001e                __P4DIR = 0x1e
                0x0000001f                __P4SEL = 0x1f
                0x00000030                __P5IN = 0x30
                0x00000031                __P5OUT = 0x31
                0x00000032                __P5DIR = 0x32
                0x00000033                __P5SEL = 0x33
                0x00000034                __P6IN = 0x34
                0x00000035                __P6OUT = 0x35
                0x00000036                __P6DIR = 0x36
                0x00000037                __P6SEL = 0x37
                0x00000070                __U0CTL = 0x70
                0x00000071                __U0TCTL = 0x71
                0x00000072                __U0RCTL = 0x72
                0x00000073                __U0MCTL = 0x73
                0x00000074                __U0BR0 = 0x74
                0x00000075                __U0BR1 = 0x75
                0x00000076                __U0RXBUF = 0x76
                0x00000077                __U0TXBUF = 0x77
                0x00000078                __U1CTL = 0x78
                0x00000079                __U1TCTL = 0x79
                0x0000007a                __U1RCTL = 0x7a
                0x0000007b                __U1MCTL = 0x7b
                0x0000007c                __U1BR0 = 0x7c
                0x0000007d                __U1BR1 = 0x7d
                0x0000007e                __U1RXBUF = 0x7e
                0x0000007f                __U1TXBUF = 0x7f
                0x00000050                __I2CIE = 0x50
                0x00000051                __I2CIFG = 0x51
                0x00000052                __I2CNDAT = 0x52
                0x00000071                __I2CTCTL = 0x71
                0x00000072                __I2CDCTL = 0x72
                0x00000073                __I2CPSC = 0x73
                0x00000074                __I2CSCLH = 0x74
                0x00000075                __I2CSCLL = 0x75
                0x00000076                __I2CDRB = 0x76
                0x00000076                __I2CDRW = 0x76
                0x00000118                __I2COA = 0x118
                0x0000011a                __I2CSA = 0x11a
                0x0000011c                __I2CIV = 0x11c
                0x0000012e                __TAIV = 0x12e
                0x00000160                __TACTL = 0x160
                0x00000162                __TACCTL0 = 0x162
                0x00000164                __TACCTL1 = 0x164
                0x00000166                __TACCTL2 = 0x166
                0x00000170                __TAR = 0x170
                0x00000172                __TACCR0 = 0x172
                0x00000174                __TACCR1 = 0x174
                0x00000176                __TACCR2 = 0x176
                0x0000011e                __TBIV = 0x11e
                0x00000180                __TBCTL = 0x180
                0x00000182                __TBCCTL0 = 0x182
                0x00000184                __TBCCTL1 = 0x184
                0x00000186                __TBCCTL2 = 0x186
                0x00000188                __TBCCTL3 = 0x188
                0x0000018a                __TBCCTL4 = 0x18a
                0x0000018c                __TBCCTL5 = 0x18c
                0x0000018e                __TBCCTL6 = 0x18e
                0x00000190                __TBR = 0x190
                0x00000192                __TBCCR0 = 0x192
                0x00000194                __TBCCR1 = 0x194
                0x00000196                __TBCCR2 = 0x196
                0x00000198                __TBCCR3 = 0x198
                0x0000019a                __TBCCR4 = 0x19a
                0x0000019c                __TBCCR5 = 0x19c
                0x0000019e                __TBCCR6 = 0x19e
                0x00000056                __DCOCTL = 0x56
                0x00000057                __BCSCTL1 = 0x57
                0x00000058                __BCSCTL2 = 0x58
                0x00000055                __SVSCTL = 0x55
                0x00000128                __FCTL1 = 0x128
                0x0000012a                __FCTL2 = 0x12a
                0x0000012c                __FCTL3 = 0x12c
                0x00000059                __CACTL1 = 0x59
                0x0000005a                __CACTL2 = 0x5a
                0x0000005b                __CAPD = 0x5b
                0x000001a0                __ADC12CTL0 = 0x1a0
                0x000001a2                __ADC12CTL1 = 0x1a2
                0x000001a4                __ADC12IFG = 0x1a4
                0x000001a6                __ADC12IE = 0x1a6
                0x000001a8                __ADC12IV = 0x1a8
                0x00000140                __ADC12MEM0 = 0x140
                0x00000142                __ADC12MEM1 = 0x142
                0x00000144                __ADC12MEM2 = 0x144
                0x00000146                __ADC12MEM3 = 0x146
                0x00000148                __ADC12MEM4 = 0x148
                0x0000014a                __ADC12MEM5 = 0x14a
                0x0000014c                __ADC12MEM6 = 0x14c
                0x0000014e                __ADC12MEM7 = 0x14e
                0x00000150                __ADC12MEM8 = 0x150
                0x00000152                __ADC12MEM9 = 0x152
                0x00000154                __ADC12MEM10 = 0x154
                0x00000156                __ADC12MEM11 = 0x156
                0x00000158                __ADC12MEM12 = 0x158
                0x0000015a                __ADC12MEM13 = 0x15a
                0x0000015c                __ADC12MEM14 = 0x15c
                0x0000015e                __ADC12MEM15 = 0x15e
                0x00000080                __ADC12MCTL0 = 0x80
                0x00000081                __ADC12MCTL1 = 0x81
                0x00000082                __ADC12MCTL2 = 0x82
                0x00000083                __ADC12MCTL3 = 0x83
                0x00000084                __ADC12MCTL4 = 0x84
                0x00000085                __ADC12MCTL5 = 0x85
                0x00000086                __ADC12MCTL6 = 0x86
                0x00000087                __ADC12MCTL7 = 0x87
                0x00000088                __ADC12MCTL8 = 0x88
                0x00000089                __ADC12MCTL9 = 0x89
                0x0000008a                __ADC12MCTL10 = 0x8a
                0x0000008b                __ADC12MCTL11 = 0x8b
                0x0000008c                __ADC12MCTL12 = 0x8c
                0x0000008d                __ADC12MCTL13 = 0x8d
                0x0000008e                __ADC12MCTL14 = 0x8e
                0x0000008f                __ADC12MCTL15 = 0x8f
                0x000001c0                __DAC12_0CTL = 0x1c0
                0x000001c2                __DAC12_1CTL = 0x1c2
                0x000001c8                __DAC12_0DAT = 0x1c8
                0x000001ca                __DAC12_1DAT = 0x1ca
                0x00000122                __DMACTL0 = 0x122
                0x00000124                __DMACTL1 = 0x124
                0x000001e0                __DMA0CTL = 0x1e0
                0x000001e8                __DMA1CTL = 0x1e8
                0x000001f0                __DMA2CTL = 0x1f0
                0x000001e2                __DMA0SA = 0x1e2
                0x000001e4                __DMA0DA = 0x1e4
                0x000001e6                __DMA0SZ = 0x1e6
                0x000001ea                __DMA1SA = 0x1ea
                0x000001ec                __DMA1DA = 0x1ec
                0x000001ee                __DMA1SZ = 0x1ee
                0x000001f2                __DMA2SA = 0x1f2
                0x000001f4                __DMA2DA = 0x1f4
                0x000001f6                __DMA2SZ = 0x1f6

.hash
 *(.hash)

.dynsym
 *(.dynsym)

.dynstr
 *(.dynstr)

.gnu.version
 *(.gnu.version)

.gnu.version_d
 *(.gnu.version_d)

.gnu.version_r
 *(.gnu.version_r)

.rel.init
 *(.rel.init)

.rela.init
 *(.rela.init)

.rel.fini
 *(.rel.fini)

.rela.fini
 *(.rela.fini)

.rel.text
 *(.rel.text .rel.text.* .rel.gnu.linkonce.t.*)

.rela.text
 *(.rela.text .rela.text.* .rela.gnu.linkonce.t.*)

.rel.rodata
 *(.rel.rodata .rel.rodata.* .rel.gnu.linkonce.r.*)

.rela.rodata
 *(.rela.rodata .rela.rodata.* .rela.gnu.linkonce.r.*)

.rel.data
 *(.rel.data .rel.data.* .rel.gnu.linkonce.d.*)

.rela.data
 *(.rela.data .rela.data.* .rela.gnu.linkonce.d.*)

.rel.bss
 *(.rel.bss .rel.bss.* .rel.gnu.linkonce.b.*)

.rela.bss
 *(.rela.bss .rela.bss.* .rela.gnu.linkonce.b.*)

.rel.ctors
 *(.rel.ctors)

.rela.ctors
 *(.rela.ctors)

.rel.dtors
 *(.rel.dtors)

.rela.dtors
 *(.rela.dtors)

.rel.got
 *(.rel.got)

.rela.got
 *(.rela.got)

.rel.plt
 *(.rel.plt)

.rela.plt
 *(.rela.plt)

.text           0x00004000     0x51a6
                0x00004000                . = ALIGN (0x2)
 *(.init .init.*)
 *(.init0)
 .init0         0x00004000        0x0 /usr/local/msp430/bin/../lib/gcc/msp430/4.7.0/mmpy-16/libcrt0.a(_reset_vector__.o)
                0x00004000                _reset_vector__
 *(.init1)
 .init1         0x00004000        0xc /usr/local/msp430/bin/../lib/gcc/msp430/4.7.0/mmpy-16/libcrt0.a(__watchdog_support.o)
                0x00004000                __watchdog_support
 *(.init2)
 .init2         0x0000400c        0x4 /usr/local/msp430/bin/../lib/gcc/msp430/4.7.0/mmpy-16/libcrt0.a(__init_stack.o)
                0x0000400c                __init_stack
 *(.init3)
 .init3         0x00004010        0x0 /usr/local/msp430/bin/../lib/gcc/msp430/4.7.0/mmpy-16/libcrt0.a(__low_level_init.o)
                0x00004010                __low_level_init
 *(.init4)
 .init4         0x00004010       0x18 /usr/local/msp430/bin/../lib/gcc/msp430/4.7.0/mmpy-16/libcrt0.a(_copy_data.o)
                0x00004010                __do_copy_data
 .init4         0x00004028       0x16 /usr/local/msp430/bin/../lib/gcc/msp430/4.7.0/mmpy-16/libcrt0.a(_clear_bss.o)
                0x00004028                __do_clear_bss
 *(.init5)
 *(.init6)
 *(.init7)
 *(.init8)
 *(.init9)
 .init9         0x0000403e      0x2f8 obj_sky/contiki-sky-main.o
                0x0000403e                main
 *(.fini9)
 .fini9         0x00004336        0x0 /usr/local/msp430/bin/../lib/gcc/msp430/4.7.0/mmpy-16/libcrt0.a(__stop_progExec__.o)
                0x00004336                __stop_progExec__
 *(.fini8)
 *(.fini7)
 *(.fini6)
 *(.fini5)
 *(.fini4)
 *(.fini3)
 *(.fini2)
 *(.fini1)
 *(.fini0)
 .fini0         0x00004336        0x6 /usr/local/msp430/bin/../lib/gcc/msp430/4.7.0/mmpy-16/libcrt0.a(_endless_loop__.o)
                0x00004336                _endless_loop__
 *(.fini .fini.*)
                0x0000433c                . = ALIGN (0x2)
                0x0000433c                __ctors_start = .
 *(.ctors)
                0x0000433c                __ctors_end = .
                0x0000433c                __dtors_start = .
 *(.dtors)
                0x0000433c                __dtors_end = .
                0x0000433c                . = ALIGN (0x2)
 *(.text .text.* .gnu.linkonce.t.*)
 .text          0x0000433c        0x4 /usr/local/msp430/bin/../lib/gcc/msp430/4.7.0/mmpy-16/crt0ivtbl16.o
                0x0000433c                __isr_14
                0x0000433c                __isr_11
                0x0000433c                __isr_2
                0x0000433c                __isr_7
                0x0000433c                __isr_0
                0x0000433c                __isr_8
                0x0000433c                __isr_3
                0x0000433c                __isr_12
                0x0000433c                __isr_13
                0x0000433c                __isr_9
 .text.process_thread_example_broadcast_process
                0x00004340       0x94 example-broadcast.co
 .text.broadcast_recv
                0x000043d4       0x22 example-broadcast.co
 .text.rimeaddr_copy
                0x000043f6        0xc contiki-sky.a(rimeaddr.o)
                0x000043f6                rimeaddr_copy
 .text.rimeaddr_cmp
                0x00004402       0x12 contiki-sky.a(rimeaddr.o)
                0x00004402                rimeaddr_cmp
 .text.rimeaddr_set_node_addr
                0x00004414        0xc contiki-sky.a(rimeaddr.o)
                0x00004414                rimeaddr_set_node_addr
 .text.input    0x00004420       0x3a contiki-sky.a(rime.o)
 .text.init     0x0000445a       0x2e contiki-sky.a(rime.o)
 .text.packet_sent
                0x00004488       0x44 contiki-sky.a(rime.o)
 .text.rime_output
                0x000044cc       0x24 contiki-sky.a(rime.o)
                0x000044cc                rime_output
 .text.announcement_init
                0x000044f0        0xa contiki-sky.a(announcement.o)
                0x000044f0                announcement_init
 .text.announcement_register_observer_callback
                0x000044fa        0x6 contiki-sky.a(announcement.o)
                0x000044fa                announcement_register_observer_callback
 .text.announcement_list
                0x00004500        0xa contiki-sky.a(announcement.o)
                0x00004500                announcement_list
 .text.announcement_heard
                0x0000450a       0x42 contiki-sky.a(announcement.o)
                0x0000450a                announcement_heard
 .text.adv_packet_sent
                0x0000454c        0x2 contiki-sky.a(broadcast-annou)
 .text.adv_packet_received
                0x0000454e       0x64 contiki-sky.a(broadcast-annou)
 .text.set_timers
                0x000045b2       0x4a contiki-sky.a(broadcast-annou)
 .text.send_timer
                0x000045fc       0x32 contiki-sky.a(broadcast-annou)
 .text.send_adv
                0x0000462e       0x66 contiki-sky.a(broadcast-annou)
 .text.new_announcement
                0x00004694       0x18 contiki-sky.a(broadcast-annou)
 .text.broadcast_announcement_init
                0x000046ac       0x48 contiki-sky.a(broadcast-annou)
                0x000046ac                broadcast_announcement_init
 .text.sent_by_abc
                0x000046f4       0x10 contiki-sky.a(broadcast.o)
 .text.recv_from_abc
                0x00004704       0x26 contiki-sky.a(broadcast.o)
 .text.broadcast_open
                0x0000472a       0x2a contiki-sky.a(broadcast.o)
                0x0000472a                broadcast_open
 .text.broadcast_close
                0x00004754        0x6 contiki-sky.a(broadcast.o)
                0x00004754                broadcast_close
 .text.broadcast_send
                0x0000475a       0x1a contiki-sky.a(broadcast.o)
                0x0000475a                broadcast_send
 .text.abc_open
                0x00004774       0x26 contiki-sky.a(abc.o)
                0x00004774                abc_open
 .text.abc_close
                0x0000479a        0x6 contiki-sky.a(abc.o)
                0x0000479a                abc_close
 .text.abc_send
                0x000047a0        0x6 contiki-sky.a(abc.o)
                0x000047a0                abc_send
 .text.abc_input
                0x000047a6        0xe contiki-sky.a(abc.o)
                0x000047a6                abc_input
 .text.abc_sent
                0x000047b4       0x10 contiki-sky.a(abc.o)
                0x000047b4                abc_sent
 .text.chameleon_init
                0x000047c4        0x6 contiki-sky.a(chameleon.o)
                0x000047c4                chameleon_init
 .text.chameleon_parse
                0x000047ca       0x10 contiki-sky.a(chameleon.o)
                0x000047ca                chameleon_parse
 .text.chameleon_create
                0x000047da       0x1c contiki-sky.a(chameleon.o)
                0x000047da                chameleon_create
 .text.chameleon_hdrsize
                0x000047f6        0x6 contiki-sky.a(chameleon.o)
                0x000047f6                chameleon_hdrsize
 .text.channel_init
                0x000047fc        0xa contiki-sky.a(channel.o)
                0x000047fc                channel_init
 .text.channel_open
                0x00004806       0x10 contiki-sky.a(channel.o)
                0x00004806                channel_open
 .text.channel_close
                0x00004816        0xc contiki-sky.a(channel.o)
                0x00004816                channel_close
 .text.channel_lookup
                0x00004822       0x20 contiki-sky.a(channel.o)
                0x00004822                channel_lookup
 .text.channel_set_attributes
                0x00004842       0x24 contiki-sky.a(channel.o)
                0x00004842                channel_set_attributes
 .text.header_size
                0x00004866       0x16 contiki-sky.a(chameleon-bitop)
 .text.get_bits_in_byte
                0x0000487c       0x3a contiki-sky.a(chameleon-bitop)
                0x0000487c                get_bits_in_byte
 .text.get_bits
                0x000048b6       0xa2 contiki-sky.a(chameleon-bitop)
                0x000048b6                get_bits
 .text.unpack_header
                0x00004958       0xd2 contiki-sky.a(chameleon-bitop)
 .text.set_bits_in_byte
                0x00004a2a       0x2c contiki-sky.a(chameleon-bitop)
                0x00004a2a                set_bits_in_byte
 .text.set_bits
                0x00004a56       0xc8 contiki-sky.a(chameleon-bitop)
                0x00004a56                set_bits
 .text.pack_header
                0x00004b1e       0xbe contiki-sky.a(chameleon-bitop)
 .text.input_packet
                0x00004bdc        0x6 contiki-sky.a(csma.o)
 .text.on       0x00004be2        0x6 contiki-sky.a(csma.o)
 .text.off      0x00004be8        0x6 contiki-sky.a(csma.o)
 .text.channel_check_interval
                0x00004bee       0x10 contiki-sky.a(csma.o)
 .text.transmit_packet_list
                0x00004bfe       0x24 contiki-sky.a(csma.o)
 .text.init     0x00004c22       0x1a contiki-sky.a(csma.o)
 .text.send_packet
                0x00004c3c      0x162 contiki-sky.a(csma.o)
 .text.free_packet
                0x00004d9e       0x98 contiki-sky.a(csma.o)
 .text.packet_sent
                0x00004e36      0x130 contiki-sky.a(csma.o)
 .text.duty_cycle
                0x00004f66        0x6 contiki-sky.a(contikimac.o)
 .text.init     0x00004f6c       0x2e contiki-sky.a(contikimac.o)
 .text.on       0x00004f9a       0x1a contiki-sky.a(contikimac.o)
 .text.off      0x00004fb4       0x22 contiki-sky.a(contikimac.o)
 .text.recv_burst_off
                0x00004fd6        0xa contiki-sky.a(contikimac.o)
 .text.turn_off
                0x00004fe0       0x20 contiki-sky.a(contikimac.o)
 .text.turn_on  0x00005000       0x30 contiki-sky.a(contikimac.o)
 .text.schedule_powercycle_fixed.part.4
                0x00005030       0x34 contiki-sky.a(contikimac.o)
 .text.powercycle_turn_radio_off
                0x00005064       0x30 contiki-sky.a(contikimac.o)
 .text.input_packet
                0x00005094      0x122 contiki-sky.a(contikimac.o)
 .text.send_packet
                0x000051b6      0x2c8 contiki-sky.a(contikimac.o)
 .text.qsend_list
                0x0000547e       0x82 contiki-sky.a(contikimac.o)
 .text.qsend_packet
                0x00005500       0x28 contiki-sky.a(contikimac.o)
 .text.powercycle
                0x00005528      0x1de contiki-sky.a(contikimac.o)
 .text.send_packet
                0x00005706       0x44 contiki-sky.a(phase.o)
 .text.phase_update
                0x0000574a       0x92 contiki-sky.a(phase.o)
                0x0000574a                phase_update
 .text.phase_wait
                0x000057dc       0xf2 contiki-sky.a(phase.o)
                0x000057dc                phase_wait
 .text.phase_init
                0x000058ce       0x14 contiki-sky.a(phase.o)
                0x000058ce                phase_init
 .text.call_process
                0x000058e2       0x46 contiki-sky.a(process.o)
 .text.exit_process
                0x00005928       0x96 contiki-sky.a(process.o)
 .text.do_poll  0x000059be       0x30 contiki-sky.a(process.o)
 .text.process_alloc_event
                0x000059ee        0xe contiki-sky.a(process.o)
                0x000059ee                process_alloc_event
 .text.process_init
                0x000059fc       0x1c contiki-sky.a(process.o)
                0x000059fc                process_init
 .text.process_run
                0x00005a18       0xa2 contiki-sky.a(process.o)
                0x00005a18                process_run
 .text.process_nevents
                0x00005aba        0xe contiki-sky.a(process.o)
                0x00005aba                process_nevents
 .text.process_post
                0x00005ac8       0x54 contiki-sky.a(process.o)
                0x00005ac8                process_post
 .text.process_post_synch
                0x00005b1c       0x12 contiki-sky.a(process.o)
                0x00005b1c                process_post_synch
 .text.process_start
                0x00005b2e       0x36 contiki-sky.a(process.o)
                0x00005b2e                process_start
 .text.process_poll
                0x00005b64       0x18 contiki-sky.a(process.o)
                0x00005b64                process_poll
 .text.autostart_start
                0x00005b7c       0x16 contiki-sky.a(autostart.o)
                0x00005b7c                autostart_start
 .text.compower_accumulate
                0x00005b92       0x72 contiki-sky.a(compower.o)
                0x00005b92                compower_accumulate
 .text.compower_clear
                0x00005c04       0x12 contiki-sky.a(compower.o)
                0x00005c04                compower_clear
 .text.compower_attrconv
                0x00005c16       0x10 contiki-sky.a(compower.o)
                0x00005c16                compower_attrconv
 .text.process_thread_serial_line_process
                0x00005c26       0x9e contiki-sky.a(serial-line.o)
 .text.serial_line_input_byte
                0x00005cc4       0x4a contiki-sky.a(serial-line.o)
                0x00005cc4                serial_line_input_byte
 .text.serial_line_init
                0x00005d0e       0x1c contiki-sky.a(serial-line.o)
                0x00005d0e                serial_line_init
 .text.memb_init
                0x00005d2a       0x36 contiki-sky.a(memb.o)
                0x00005d2a                memb_init
 .text.memb_alloc
                0x00005d60       0x3e contiki-sky.a(memb.o)
                0x00005d60                memb_alloc
 .text.memb_free
                0x00005d9e       0x3a contiki-sky.a(memb.o)
                0x00005d9e                memb_free
 .text.memb_inmemb
                0x00005dd8       0x2a contiki-sky.a(memb.o)
                0x00005dd8                memb_inmemb
 .text.timer_set
                0x00005e02       0x1c contiki-sky.a(timer.o)
                0x00005e02                timer_set
 .text.timer_reset
                0x00005e1e        0xe contiki-sky.a(timer.o)
                0x00005e1e                timer_reset
 .text.timer_expired
                0x00005e2c       0x2a contiki-sky.a(timer.o)
                0x00005e2c                timer_expired
 .text.list_init
                0x00005e56        0x6 contiki-sky.a(list.o)
                0x00005e56                list_init
 .text.list_head
                0x00005e5c        0x4 contiki-sky.a(list.o)
                0x00005e5c                list_head
 .text.list_tail
                0x00005e60       0x12 contiki-sky.a(list.o)
                0x00005e60                list_tail
 .text.list_remove
                0x00005e72       0x34 contiki-sky.a(list.o)
                0x00005e72                list_remove
 .text.list_push
                0x00005ea6       0x1a contiki-sky.a(list.o)
                0x00005ea6                list_push
 .text.list_add
                0x00005ec0       0x2a contiki-sky.a(list.o)
                0x00005ec0                list_add
 .text.list_length
                0x00005eea       0x10 contiki-sky.a(list.o)
                0x00005eea                list_length
 .text.list_item_next
                0x00005efa        0xc contiki-sky.a(list.o)
                0x00005efa                list_item_next
 .text.update_time
                0x00005f06       0x78 contiki-sky.a(etimer.o)
 .text.etimer_request_poll
                0x00005f7e        0xa contiki-sky.a(etimer.o)
                0x00005f7e                etimer_request_poll
 .text.process_thread_etimer_process
                0x00005f88       0xcc contiki-sky.a(etimer.o)
 .text.add_timer
                0x00006054       0x40 contiki-sky.a(etimer.o)
 .text.etimer_set
                0x00006094       0x12 contiki-sky.a(etimer.o)
                0x00006094                etimer_set
 .text.etimer_reset
                0x000060a6       0x12 contiki-sky.a(etimer.o)
                0x000060a6                etimer_reset
 .text.etimer_expired
                0x000060b8        0xe contiki-sky.a(etimer.o)
                0x000060b8                etimer_expired
 .text.etimer_pending
                0x000060c6        0xc contiki-sky.a(etimer.o)
                0x000060c6                etimer_pending
 .text.etimer_next_expiration_time
                0x000060d2       0x16 contiki-sky.a(etimer.o)
                0x000060d2                etimer_next_expiration_time
 .text.etimer_stop
                0x000060e8       0x3e contiki-sky.a(etimer.o)
                0x000060e8                etimer_stop
 .text.process_thread_ctimer_process
                0x00006126       0xa8 contiki-sky.a(ctimer.o)
 .text.ctimer_init
                0x000061ce       0x18 contiki-sky.a(ctimer.o)
                0x000061ce                ctimer_init
 .text.ctimer_set
                0x000061e6       0x5a contiki-sky.a(ctimer.o)
                0x000061e6                ctimer_set
 .text.ctimer_reset
                0x00006240       0x3a contiki-sky.a(ctimer.o)
                0x00006240                ctimer_reset
 .text.ctimer_stop
                0x0000627a       0x28 contiki-sky.a(ctimer.o)
                0x0000627a                ctimer_stop
 .text.energest_init
                0x000062a2       0x26 contiki-sky.a(energest.o)
                0x000062a2                energest_init
 .text.energest_type_time
                0x000062c8       0x48 contiki-sky.a(energest.o)
                0x000062c8                energest_type_time
 .text.energest_type_set
                0x00006310        0xe contiki-sky.a(energest.o)
                0x00006310                energest_type_set
 .text.energest_flush
                0x0000631e       0x48 contiki-sky.a(energest.o)
                0x0000631e                energest_flush
 .text.rtimer_init
                0x00006366        0x6 contiki-sky.a(rtimer.o)
                0x00006366                rtimer_init
 .text.rtimer_set
                0x0000636c       0x24 contiki-sky.a(rtimer.o)
                0x0000636c                rtimer_set
 .text.rtimer_run_next
                0x00006390       0x26 contiki-sky.a(rtimer.o)
                0x00006390                rtimer_run_next
 .text.random_init
                0x000063b6        0x6 contiki-sky.a(random.o)
                0x000063b6                random_init
 .text.random_rand
                0x000063bc        0x6 contiki-sky.a(random.o)
                0x000063bc                random_rand
 .text.ringbuf_init
                0x000063c2       0x14 contiki-sky.a(ringbuf.o)
                0x000063c2                ringbuf_init
 .text.ringbuf_put
                0x000063d6       0x38 contiki-sky.a(ringbuf.o)
                0x000063d6                ringbuf_put
 .text.ringbuf_get
                0x0000640e       0x32 contiki-sky.a(ringbuf.o)
                0x0000640e                ringbuf_get
 .text.item_from_index
                0x00006440       0x2a contiki-sky.a(nbr-table.o)
 .text.index_from_key
                0x0000646a       0x12 contiki-sky.a(nbr-table.o)
 .text.index_from_item
                0x0000647c       0x1e contiki-sky.a(nbr-table.o)
 .text.nbr_set_bit
                0x0000649a       0x58 contiki-sky.a(nbr-table.o)
 .text.index_from_lladdr
                0x000064f2       0x42 contiki-sky.a(nbr-table.o)
 .text.nbr_get_bit.constprop.0
                0x00006534       0x2e contiki-sky.a(nbr-table.o)
 .text.nbr_table_register
                0x00006562       0x26 contiki-sky.a(nbr-table.o)
                0x00006562                nbr_table_register
 .text.nbr_table_add_lladdr
                0x00006588      0x128 contiki-sky.a(nbr-table.o)
                0x00006588                nbr_table_add_lladdr
 .text.nbr_table_get_from_lladdr
                0x000066b0       0x2c contiki-sky.a(nbr-table.o)
                0x000066b0                nbr_table_get_from_lladdr
 .text.nbr_table_remove
                0x000066dc       0x32 contiki-sky.a(nbr-table.o)
                0x000066dc                nbr_table_remove
 .text.packetbuf_copyto_hdr
                0x0000670e       0x1c contiki-sky.a(packetbuf.o)
                0x0000670e                packetbuf_copyto_hdr
 .text.packetbuf_copyto
                0x0000672a       0x52 contiki-sky.a(packetbuf.o)
                0x0000672a                packetbuf_copyto
 .text.packetbuf_hdr_remove
                0x0000677c        0x6 contiki-sky.a(packetbuf.o)
                0x0000677c                packetbuf_hdr_remove
 .text.packetbuf_hdrreduce
                0x00006782       0x1a contiki-sky.a(packetbuf.o)
                0x00006782                packetbuf_hdrreduce
 .text.packetbuf_set_datalen
                0x0000679c        0x6 contiki-sky.a(packetbuf.o)
                0x0000679c                packetbuf_set_datalen
 .text.packetbuf_dataptr
                0x000067a2        0xe contiki-sky.a(packetbuf.o)
                0x000067a2                packetbuf_dataptr
 .text.packetbuf_hdrptr
                0x000067b0        0xa contiki-sky.a(packetbuf.o)
                0x000067b0                packetbuf_hdrptr
 .text.packetbuf_is_reference
                0x000067ba        0xe contiki-sky.a(packetbuf.o)
                0x000067ba                packetbuf_is_reference
 .text.packetbuf_compact
                0x000067c8       0x48 contiki-sky.a(packetbuf.o)
                0x000067c8                packetbuf_compact
 .text.packetbuf_reference_ptr
                0x00006810        0x6 contiki-sky.a(packetbuf.o)
                0x00006810                packetbuf_reference_ptr
 .text.packetbuf_datalen
                0x00006816        0x6 contiki-sky.a(packetbuf.o)
                0x00006816                packetbuf_datalen
 .text.packetbuf_totlen
                0x0000681c       0x10 contiki-sky.a(packetbuf.o)
                0x0000681c                packetbuf_totlen
 .text.packetbuf_hdralloc
                0x0000682c       0x2e contiki-sky.a(packetbuf.o)
                0x0000682c                packetbuf_hdralloc
 .text.packetbuf_attr_clear
                0x0000685a       0x2c contiki-sky.a(packetbuf.o)
                0x0000685a                packetbuf_attr_clear
 .text.packetbuf_clear
                0x00006886       0x1a contiki-sky.a(packetbuf.o)
                0x00006886                packetbuf_clear
 .text.packetbuf_copyfrom
                0x000068a0       0x2e contiki-sky.a(packetbuf.o)
                0x000068a0                packetbuf_copyfrom
 .text.packetbuf_attr_copyto
                0x000068ce       0x20 contiki-sky.a(packetbuf.o)
                0x000068ce                packetbuf_attr_copyto
 .text.packetbuf_attr_copyfrom
                0x000068ee       0x22 contiki-sky.a(packetbuf.o)
                0x000068ee                packetbuf_attr_copyfrom
 .text.queuebuf_init
                0x00006910       0x1a contiki-sky.a(queuebuf.o)
                0x00006910                queuebuf_init
 .text.queuebuf_new_from_packetbuf
                0x0000692a       0x7e contiki-sky.a(queuebuf.o)
                0x0000692a                queuebuf_new_from_packetbuf
 .text.queuebuf_update_attr_from_packetbuf
                0x000069a8       0x12 contiki-sky.a(queuebuf.o)
                0x000069a8                queuebuf_update_attr_from_packetbuf
 .text.queuebuf_free
                0x000069ba       0x40 contiki-sky.a(queuebuf.o)
                0x000069ba                queuebuf_free
 .text.queuebuf_to_packetbuf
                0x000069fa       0x6e contiki-sky.a(queuebuf.o)
                0x000069fa                queuebuf_to_packetbuf
 .text.queuebuf_attr
                0x00006a68        0xe contiki-sky.a(queuebuf.o)
                0x00006a68                queuebuf_attr
 .text.init_platform
                0x00006a76        0xc contiki-sky.a(contiki-sky-pla)
                0x00006a76                init_platform
 .text.status   0x00006a82       0x18 contiki-sky.a(button-sensor.o)
 .text.value    0x00006a9a       0x20 contiki-sky.a(button-sensor.o)
 .text.configure
                0x00006aba       0x4c contiki-sky.a(button-sensor.o)
 .text.irq_p2   0x00006b06       0x88 contiki-sky.a(button-sensor.o)
                0x00006b06                irq_p2
                0x00006b06                __isr_1
 .text.owreadb  0x00006b8e       0x50 contiki-sky.a(ds2411.o)
 .text.ds2411_init
                0x00006bde      0x120 contiki-sky.a(ds2411.o)
                0x00006bde                ds2411_init
 .text.wait_ready
                0x00006cfe       0x4a contiki-sky.a(xmem.o)
 .text.xmem_init
                0x00006d48       0x3c contiki-sky.a(xmem.o)
                0x00006d48                xmem_init
 .text.xmem_pread
                0x00006d84       0xe0 contiki-sky.a(xmem.o)
                0x00006d84                xmem_pread
 .text.node_id_restore
                0x00006e64       0x38 contiki-sky.a(node-id.o)
                0x00006e64                node_id_restore
 .text.process_thread_sensors_process
                0x00006e9c       0xc2 contiki-sky.a(sensors.o)
 .text.sensors_changed
                0x00006f5e       0x2a contiki-sky.a(sensors.o)
                0x00006f5e                sensors_changed
 .text.strobe   0x00006f88       0x1c contiki-sky.a(cc2420.o)
 .text.status   0x00006fa4       0x22 contiki-sky.a(cc2420.o)
 .text.getreg   0x00006fc6       0x4c contiki-sky.a(cc2420.o)
 .text.setreg   0x00007012       0x4c contiki-sky.a(cc2420.o)
 .text.set_txpower
                0x0000705e       0x24 contiki-sky.a(cc2420.o)
 .text.cc2420_receiving_packet
                0x00007082        0xc contiki-sky.a(cc2420.o)
 .text.pending_packet
                0x0000708e        0x8 contiki-sky.a(cc2420.o)
 .text.on       0x00007096       0x44 contiki-sky.a(cc2420.o)
 .text.flushrx  0x000070da       0x6c contiki-sky.a(cc2420.o)
 .text.off      0x00007146       0x72 contiki-sky.a(cc2420.o)
 .text.RELEASE_LOCK
                0x000071b8       0x28 contiki-sky.a(cc2420.o)
 .text.cc2420_prepare
                0x000071e0       0x82 contiki-sky.a(cc2420.o)
 .text.getrxdata
                0x00007262       0x50 contiki-sky.a(cc2420.o)
 .text.cc2420_on
                0x000072b2       0x22 contiki-sky.a(cc2420.o)
                0x000072b2                cc2420_on
 .text.cc2420_off
                0x000072d4       0x30 contiki-sky.a(cc2420.o)
                0x000072d4                cc2420_off
 .text.cc2420_cca
                0x00007304       0x82 contiki-sky.a(cc2420.o)
 .text.cc2420_read
                0x00007386       0xda contiki-sky.a(cc2420.o)
 .text.process_thread_cc2420_process
                0x00007460       0x54 contiki-sky.a(cc2420.o)
 .text.cc2420_set_channel
                0x000074b4       0x80 contiki-sky.a(cc2420.o)
                0x000074b4                cc2420_set_channel
 .text.cc2420_set_pan_addr
                0x00007534      0x13e contiki-sky.a(cc2420.o)
                0x00007534                cc2420_set_pan_addr
 .text.cc2420_interrupt
                0x00007672       0x1e contiki-sky.a(cc2420.o)
                0x00007672                cc2420_interrupt
 .text.cc2420_get_txpower
                0x00007690       0x1e contiki-sky.a(cc2420.o)
                0x00007690                cc2420_get_txpower
 .text.cc2420_transmit
                0x000076ae      0x1a6 contiki-sky.a(cc2420.o)
 .text.cc2420_send
                0x00007854       0x12 contiki-sky.a(cc2420.o)
 .text.cc2420_set_cca_threshold
                0x00007866       0x16 contiki-sky.a(cc2420.o)
                0x00007866                cc2420_set_cca_threshold
 .text.cc2420_init
                0x0000787c       0xd2 contiki-sky.a(cc2420.o)
                0x0000787c                cc2420_init
 .text.cc2420_port1_interrupt
                0x0000794e       0x62 contiki-sky.a(cc2420-arch.o)
                0x0000794e                __isr_4
                0x0000794e                cc2420_port1_interrupt
 .text.cc2420_arch_init
                0x000079b0       0x1a contiki-sky.a(cc2420-arch.o)
                0x000079b0                cc2420_arch_init
 .text.handle_rxdma_timer
                0x000079ca       0x3a contiki-sky.a(uart1.o)
 .text.uart1_active
                0x00007a04       0x18 contiki-sky.a(uart1.o)
                0x00007a04                uart1_active
 .text.uart1_set_input
                0x00007a1c       0x20 contiki-sky.a(uart1.o)
                0x00007a1c                uart1_set_input
 .text.uart1_writeb
                0x00007a3c       0x18 contiki-sky.a(uart1.o)
                0x00007a3c                uart1_writeb
 .text.uart1_init
                0x00007a54       0xf4 contiki-sky.a(uart1.o)
                0x00007a54                uart1_init
 .text.putchar  0x00007b48       0x10 contiki-sky.a(uart1-putchar.o)
                0x00007b48                putchar
 .text.msp430_init_dco
                0x00007b58       0x82 contiki-sky.a(msp430.o)
                0x00007b58                msp430_init_dco
 .text.msp430_add_lpm_req
                0x00007bda        0xc contiki-sky.a(msp430.o)
                0x00007bda                msp430_add_lpm_req
 .text.msp430_cpu_init
                0x00007be6       0x2a contiki-sky.a(msp430.o)
                0x00007be6                msp430_cpu_init
 .text.splhigh_
                0x00007c10        0x8 contiki-sky.a(msp430.o)
                0x00007c10                splhigh_
 .text.msp430_sync_dco
                0x00007c18       0x6c contiki-sky.a(msp430.o)
                0x00007c18                msp430_sync_dco
 .text.timera1  0x00007c84       0xfe contiki-sky.a(clock.o)
                0x00007c84                __isr_5
                0x00007c84                timera1
 .text.clock_time
                0x00007d82       0x1a contiki-sky.a(clock.o)
                0x00007d82                clock_time
 .text.clock_init
                0x00007d9c       0x28 contiki-sky.a(clock.o)
                0x00007d9c                clock_init
 .text.clock_delay
                0x00007dc4        0xc contiki-sky.a(clock.o)
                0x00007dc4                clock_delay
 .text.show_leds
                0x00007dd0      0x100 contiki-sky.a(leds.o)
 .text.leds_init
                0x00007ed0        0xe contiki-sky.a(leds.o)
                0x00007ed0                leds_init
 .text.leds_on  0x00007ede       0x14 contiki-sky.a(leds.o)
                0x00007ede                leds_on
 .text.leds_off
                0x00007ef2       0x14 contiki-sky.a(leds.o)
                0x00007ef2                leds_off
 .text.leds_arch_init
                0x00007f06        0xe contiki-sky.a(leds-arch.o)
                0x00007f06                leds_arch_init
 .text.leds_arch_set
                0x00007f14       0x38 contiki-sky.a(leds-arch.o)
                0x00007f14                leds_arch_set
 .text.watchdog_interrupt
                0x00007f4c        0x6 contiki-sky.a(watchdog.o)
                0x00007f4c                __isr_10
                0x00007f4c                watchdog_interrupt
 .text.watchdog_start
                0x00007f52       0x14 contiki-sky.a(watchdog.o)
                0x00007f52                watchdog_start
 .text.watchdog_periodic
                0x00007f66       0x12 contiki-sky.a(watchdog.o)
                0x00007f66                watchdog_periodic
 .text.watchdog_stop
                0x00007f78       0x16 contiki-sky.a(watchdog.o)
                0x00007f78                watchdog_stop
 .text.watchdog_init
                0x00007f8e       0x12 contiki-sky.a(watchdog.o)
                0x00007f8e                watchdog_init
 .text.rtimer_arch_init
                0x00007fa0        0xe contiki-sky.a(rtimer-arch.o)
                0x00007fa0                rtimer_arch_init
 .text.rtimer_arch_now
                0x00007fae        0xe contiki-sky.a(rtimer-arch.o)
                0x00007fae                rtimer_arch_now
 .text.timera0  0x00007fbc       0x70 contiki-sky.a(rtimer-arch.o)
                0x00007fbc                __isr_6
                0x00007fbc                timera0
 .text.rtimer_arch_schedule
                0x0000802c        0x6 contiki-sky.a(rtimer-arch.o)
                0x0000802c                rtimer_arch_schedule
 .text.mac_call_sent_callback
                0x00008032       0x14 contiki-sky.a(mac.o)
                0x00008032                mac_call_sent_callback
 .text.create   0x00008046      0x106 contiki-sky.a(framer-802154.o)
 .text.parse    0x0000814c       0xac contiki-sky.a(framer-802154.o)
 .text.spi_init
                0x000081f8       0x30 contiki-sky.a(spi.o)
                0x000081f8                spi_init
 .text.field_len
                0x00008228       0x90 contiki-sky.a(frame802154.o)
 .text.frame802154_hdrlen
                0x000082b8       0x2e contiki-sky.a(frame802154.o)
                0x000082b8                frame802154_hdrlen
 .text.frame802154_create
                0x000082e6      0x172 contiki-sky.a(frame802154.o)
                0x000082e6                frame802154_create
 .text.frame802154_parse
                0x00008458      0x1c4 contiki-sky.a(frame802154.o)
                0x00008458                frame802154_parse
 .text.libgcc   0x0000861c       0x2c /usr/local/msp430/bin/../lib/gcc/msp430/4.7.0/mmpy-16/libgcc.a(_mulsi3.o)
                0x0000861c                __mulsi3
 .text.libgcc   0x00008648       0x22 /usr/local/msp430/bin/../lib/gcc/msp430/4.7.0/mmpy-16/libgcc.a(_udivmod16.o)
                0x00008648                __udivhi3
                0x00008648                __ext_udivmod16
                0x00008662                __umodhi3
 .text.libgcc   0x0000866a       0x3a /usr/local/msp430/bin/../lib/gcc/msp430/4.7.0/mmpy-16/libgcc.a(_divmod16.o)
                0x0000866a                __ext_divmod16
                0x0000866a                __divhi3
                0x0000869c                __modhi3
 .text.libgcc   0x000086a4       0x40 /usr/local/msp430/bin/../lib/gcc/msp430/4.7.0/mmpy-16/libgcc.a(_udivmod32.o)
                0x000086a4                __udivsi3
                0x000086a4                __ext_udivmod32
                0x000086da                __umodsi3
 .text.printf   0x000086e4       0x10 /usr/local/msp430/bin/../lib/gcc/msp430/4.7.0/../../../../msp430/lib/mmpy-16/libc.a(printf.o)
                0x000086e4                printf
 .text.print_field
                0x000086f4      0x194 /usr/local/msp430/bin/../lib/gcc/msp430/4.7.0/../../../../msp430/lib/mmpy-16/libc.a(vuprintf.o)
 .text.vuprintf
                0x00008888      0x63c /usr/local/msp430/bin/../lib/gcc/msp430/4.7.0/../../../../msp430/lib/mmpy-16/libc.a(vuprintf.o)
                0x00008888                vuprintf
 .text.puts     0x00008ec4       0x2c /usr/local/msp430/bin/../lib/gcc/msp430/4.7.0/../../../../msp430/lib/mmpy-16/libc.a(puts.o)
                0x00008ec4                puts
 .text.rand     0x00008ef0       0x26 /usr/local/msp430/bin/../lib/gcc/msp430/4.7.0/../../../../msp430/lib/mmpy-16/libc.a(rand.o)
                0x00008ef0                rand
 .text.srand    0x00008f16        0xa /usr/local/msp430/bin/../lib/gcc/msp430/4.7.0/../../../../msp430/lib/mmpy-16/libc.a(rand.o)
                0x00008f16                srand
 .text.memcmp   0x00008f20       0x30 /usr/local/msp430/bin/../lib/gcc/msp430/4.7.0/../../../../msp430/lib/mmpy-16/libc.a(memcmp.o)
                0x00008f20                memcmp
 .text.memcpy   0x00008f50       0xfa /usr/local/msp430/bin/../lib/gcc/msp430/4.7.0/../../../../msp430/lib/mmpy-16/libc.a(memcpy.o)
                0x00008f50                memcpy
 .text.memset   0x0000904a       0x6a /usr/local/msp430/bin/../lib/gcc/msp430/4.7.0/../../../../msp430/lib/mmpy-16/libc.a(memset.o)
                0x0000904a                memset
 .text.libgcc   0x000090b4       0xf0 /usr/local/msp430/bin/../lib/gcc/msp430/4.7.0/mmpy-16/libgcc.a(_udivmod64.o)
                0x000090b4                __xabi_udivmod64
                0x00009112                __udivdi3
                0x00009138                __umoddi3
                0x00009166                __udivmoddi4
 .text.crt0     0x000091a4        0x2 /usr/local/msp430/bin/../lib/gcc/msp430/4.7.0/mmpy-16/libcrt0.a(_unexpected_.o)
                0x000091a4                _unexpected_
 *(.near.text .near.text.*)

.rodata         0x000091a6      0x219
                0x000091a6                . = ALIGN (0x2)
 *(.rodata .rodata.* .gnu.linkonce.r.*)
 .rodata        0x000091a6       0x6a example-broadcast.co
                0x000091f6                autostart_processes
 .rodata        0x00009210       0xe1 obj_sky/contiki-sky-main.o
 *fill*         0x000092f1        0x1 00
 .rodata        0x000092f2        0x2 contiki-sky.a(rimeaddr.o)
                0x000092f2                rimeaddr_null
 .rodata        0x000092f4        0xc contiki-sky.a(rime.o)
                0x000092fa                rime_driver
 .rodata        0x00009300        0x4 contiki-sky.a(broadcast-annou)
 .rodata        0x00009304        0x8 contiki-sky.a(broadcast.o)
 .rodata        0x0000930c        0x2 contiki-sky.a(abc.o)
 .rodata        0x0000930e       0x10 contiki-sky.a(chameleon-bitop)
                0x0000930e                chameleon_bitopt
 .rodata        0x0000931e       0x14 contiki-sky.a(csma.o)
                0x00009324                csma_driver
 .rodata        0x00009332       0x1c contiki-sky.a(contikimac.o)
                0x0000933e                contikimac_driver
 .rodata        0x0000934e        0xe contiki-sky.a(serial-line.o)
 .rodata        0x0000935c        0xc contiki-sky.a(etimer.o)
 .rodata        0x00009368        0xf contiki-sky.a(ctimer.o)
 *fill*         0x00009377        0x1 00
 .rodata        0x00009378       0x10 contiki-sky.a(button-sensor.o)
                0x00009380                button_sensor
 .rodata        0x00009388        0x8 contiki-sky.a(sensors.o)
 .rodata        0x00009390       0x22 contiki-sky.a(cc2420.o)
                0x00009390                cc2420_driver
 .rodata        0x000093b2        0x4 contiki-sky.a(framer-802154.o)
                0x000093b2                framer_802154
 .rodata        0x000093b6        0x2 contiki-sky.a(frame802154.o)
 .rodata.vuprintf
                0x000093b8        0x7 /usr/local/msp430/bin/../lib/gcc/msp430/4.7.0/../../../../msp430/lib/mmpy-16/libc.a(vuprintf.o)
 *(.near.rodata .near.rodata.*)
                0x000093c0                . = ALIGN (0x2)
                0x000093c0                _etext = .

.data           0x00001100       0x8e load address 0x000093c0
                0x00001100                . = ALIGN (0x2)
                0x00001100                __data_start = .
 *(.data .data.* .gnu.linkonce.d.*)
 .data          0x00001100        0xa example-broadcast.co
                0x00001100                example_broadcast_process
 .data          0x0000110a       0x18 contiki-sky.a(csma.o)
 .data          0x00001122       0x10 contiki-sky.a(phase.o)
 .data          0x00001132        0xa contiki-sky.a(serial-line.o)
                0x00001132                serial_line_process
 .data          0x0000113c        0xa contiki-sky.a(etimer.o)
                0x0000113c                etimer_process
 .data          0x00001146        0xa contiki-sky.a(ctimer.o)
                0x00001146                ctimer_process
 .data          0x00001150        0x8 contiki-sky.a(nbr-table.o)
 .data          0x00001158       0x18 contiki-sky.a(queuebuf.o)
 .data          0x00001170        0x4 contiki-sky.a(contiki-sky-pla)
                0x00001170                sensors
 .data          0x00001174        0xa contiki-sky.a(sensors.o)
                0x00001174                sensors_process
 .data          0x0000117e        0xa contiki-sky.a(cc2420.o)
                0x0000117e                cc2420_process
 .data          0x00001188        0x2 contiki-sky.a(msp430.o)
 .data.next     0x0000118a        0x4 /usr/local/msp430/bin/../lib/gcc/msp430/4.7.0/../../../../msp430/lib/mmpy-16/libc.a(rand.o)
 *(.near.data .near.data.*)
                0x0000118e                . = ALIGN (0x2)
                0x0000118e                _edata = .
                0x000093c0                __data_load_start = LOADADDR (.data)
                0x0000008e                __data_size = SIZEOF (.data)

.bss            0x0000118e     0x138c load address 0x0000944e
                0x0000118e                __bss_start = .
 *(.bss .bss.*)
 .bss           0x0000118e       0x18 example-broadcast.co
 .bss           0x000011a6        0xc obj_sky/contiki-sky-main.o
 .bss           0x000011b2        0x2 contiki-sky.a(rime.o)
 .bss           0x000011b4        0x6 contiki-sky.a(announcement.o)
 .bss           0x000011ba       0x46 contiki-sky.a(broadcast-annou)
 .bss           0x00001200        0x2 contiki-sky.a(channel.o)
 .bss           0x00001202      0x126 contiki-sky.a(csma.o)
 .bss           0x00001328       0x74 contiki-sky.a(contikimac.o)
 .bss           0x0000139c      0x148 contiki-sky.a(phase.o)
 .bss           0x000014e4       0x42 contiki-sky.a(process.o)
                0x000014e4                process_current
                0x000014e6                process_list
 .bss           0x00001526        0x8 contiki-sky.a(compower.o)
 .bss           0x0000152e      0x10a contiki-sky.a(serial-line.o)
 .bss           0x00001638        0x6 contiki-sky.a(etimer.o)
 .bss           0x0000163e        0x4 contiki-sky.a(ctimer.o)
 .bss           0x00001642        0x2 contiki-sky.a(rtimer.o)
 .bss           0x00001644       0x4c contiki-sky.a(nbr-table.o)
 .bss           0x00001690       0xba contiki-sky.a(packetbuf.o)
 .bss           0x0000174a      0xc4e contiki-sky.a(queuebuf.o)
 .bss           0x00002398        0x8 contiki-sky.a(button-sensor.o)
 .bss           0x000023a0        0x2 contiki-sky.a(node-id.o)
                0x000023a0                node_id
 .bss           0x000023a2        0x6 contiki-sky.a(sensors.o)
 .bss           0x000023a8        0xa contiki-sky.a(cc2420.o)
 .bss           0x000023b2       0x9a contiki-sky.a(uart1.o)
 .bss           0x0000244c        0xa contiki-sky.a(clock.o)
 .bss           0x00002456        0x2 contiki-sky.a(leds.o)
 .bss           0x00002458        0x2 contiki-sky.a(watchdog.o)
 .bss           0x0000245a        0x2 contiki-sky.a(framer-802154.o)
 *(.near.bss .near.bss.*)
 *(COMMON)
 COMMON         0x0000245c        0x2 contiki-sky.a(rimeaddr.o)
                0x0000245c                rimeaddr_node_addr
 COMMON         0x0000245e        0x1 contiki-sky.a(process.o)
                0x0000245e                process_maxevents
 *fill*         0x0000245f        0x1 00
 COMMON         0x00002460        0x8 contiki-sky.a(compower.o)
                0x00002460                compower_idle_activity
 COMMON         0x00002468        0x1 contiki-sky.a(serial-line.o)
                0x00002468                serial_line_event_message
 *fill*         0x00002469        0x1 00
 COMMON         0x0000246a       0x56 contiki-sky.a(energest.o)
                0x0000246a                energest_total_time
                0x0000249a                energest_total_count
                0x0000249c                energest_current_mode
                0x000024a8                energest_current_time
 COMMON         0x000024c0       0x38 contiki-sky.a(packetbuf.o)
                0x000024c0                packetbuf_addrs
                0x000024c8                packetbuf_attrs
 COMMON         0x000024f8        0x2 contiki-sky.a(contiki-sky-pla)
                0x000024f8                sensors_flags
 COMMON         0x000024fa        0x8 contiki-sky.a(ds2411.o)
                0x000024fa                ds2411_id
 COMMON         0x00002502        0x1 contiki-sky.a(sensors.o)
                0x00002502                sensors_event
 *fill*         0x00002503        0x1 00
 COMMON         0x00002504       0x14 contiki-sky.a(cc2420.o)
                0x00002504                cc2420_last_rssi
                0x00002506                cc2420_packets_read
                0x00002508                cc2420_packets_seen
                0x0000250a                cc2420_sfd_start_time
                0x0000250c                cc2420_time_of_departure
                0x0000250e                cc2420_time_of_arrival
                0x00002510                cc2420_last_correlation
                0x00002512                cc2420_authority_level_of_sender
                0x00002514                cc2420_sfd_counter
                0x00002516                cc2420_sfd_end_time
 COMMON         0x00002518        0x2 contiki-sky.a(msp430.o)
                0x00002518                msp430_dco_required
                0x0000251a                . = ALIGN (0x2)
                0x0000251a                __bss_end = .
                0x0000138c                __bss_size = SIZEOF (.bss)

.noinit         0x0000251a        0x2 load address 0x0000944e
                0x0000251a                . = ALIGN (0x2)
                0x0000251a                __noinit_start = .
 *(.noinit .noinit.*)
 .noinit.crt0   0x0000251a        0x2 /usr/local/msp430/bin/../lib/gcc/msp430/4.7.0/mmpy-16/libcrt0.a(__watchdog_support.o)
                0x0000251a                __wdt_clear_value
                0x0000251c                . = ALIGN (0x2)
                0x0000251c                __noinit_end = .
                0x0000251c                . = ALIGN (0x2)
                0x0000251c                _end = .

.infomem        0x00001000        0x0
                0x00001000                . = ALIGN (0x2)
 *(.infomem .infomem.*)

.infomemnobits  0x00001000        0x0
                0x00001000                . = ALIGN (0x2)
 *(.infomemnobits .infomemnobits.*)

.infoa          0x00001080        0x0
                0x00001080                . = ALIGN (0x2)
 *(.infoa .infoa.*)

.infob          0x00001000        0x0
                0x00001000                . = ALIGN (0x2)
 *(.infob .infob.*)

.infoc          0x00000000        0x0
                0x00000000                . = ALIGN (0x2)
 *(.infoc .infoc.*)

.infod          0x00000000        0x0
                0x00000000                . = ALIGN (0x2)
 *(.infod .infod.*)

.vectors        0x0000ffe0       0x20
                0x0000ffe0                __vectors_start = .
 *(.vectors*)
 .vectors       0x0000ffe0       0x20 /usr/local/msp430/bin/../lib/gcc/msp430/4.7.0/mmpy-16/crt0ivtbl16.o
                0x0000ffe0                __ivtbl_16
                0x00010000                _vectors_end = .

.fartext        0x00000000        0x0
                0x00000000                . = ALIGN (0x2)
 *(.fartext .fartext.*)

.far.text       0x00000000        0x0
                0x00000000                . = ALIGN (0x2)
 *(.far.text .far.text.*)

.far.rodata     0x00000000        0x0
                0x00000000                . = ALIGN (0x2)
 *(.far.rodata .far.rodata.*)
                0x00000000                . = ALIGN (0x2)
                0x00000000                _efartext = .

.far.data       0x00000000        0x0
                0x00000000                . = ALIGN (0x2)
                0x00000000                __far_data_start = .
 *(.far.data .far.data.*)
                0x00000000                . = ALIGN (0x2)
                0x00000000                _efardata = .
                0x00000000                __far_data_load_start = LOADADDR (.far.data)
                0x00000000                __far_data_size = SIZEOF (.far.data)

.far.bss        0x00000000        0x0
                0x00000000                . = ALIGN (0x2)
                0x00000000                __far_bss_start = .
 *(.far.bss .far.bss.*)
                0x00000000                . = ALIGN (0x2)
                0x00000000                __far_bss_end = .
                0x00000000                __far_bss_size = SIZEOF (.far.bss)
                0x00000000                . = ALIGN (0x2)
                0x00000000                _far_end = .

.profiler
 *(.profiler)

.stab
 *(.stab)

.stabstr
 *(.stabstr)

.stab.excl
 *(.stab.excl)

.stab.exclstr
 *(.stab.exclstr)

.stab.index
 *(.stab.index)

.stab.indexstr
 *(.stab.indexstr)

.comment        0x00000000       0x30
 *(.comment)
 .comment       0x00000000       0x30 example-broadcast.co
                                 0x31 (size before relaxing)
 .comment       0x00000000       0x31 obj_sky/contiki-sky-main.o
 .comment       0x00000000       0x31 contiki-sky.a(rimeaddr.o)
 .comment       0x00000000       0x31 contiki-sky.a(rime.o)
 .comment       0x00000000       0x31 contiki-sky.a(announcement.o)
 .comment       0x00000000       0x31 contiki-sky.a(broadcast-annou)
 .comment       0x00000000       0x31 contiki-sky.a(broadcast.o)
 .comment       0x00000000       0x31 contiki-sky.a(abc.o)
 .comment       0x00000000       0x31 contiki-sky.a(chameleon.o)
 .comment       0x00000000       0x31 contiki-sky.a(channel.o)
 .comment       0x00000000       0x31 contiki-sky.a(chameleon-bitop)
 .comment       0x00000000       0x31 contiki-sky.a(csma.o)
 .comment       0x00000000       0x31 contiki-sky.a(contikimac.o)
 .comment       0x00000000       0x31 contiki-sky.a(phase.o)
 .comment       0x00000000       0x31 contiki-sky.a(process.o)
 .comment       0x00000000       0x31 contiki-sky.a(autostart.o)
 .comment       0x00000000       0x31 contiki-sky.a(compower.o)
 .comment       0x00000000       0x31 contiki-sky.a(serial-line.o)
 .comment       0x00000000       0x31 contiki-sky.a(memb.o)
 .comment       0x00000000       0x31 contiki-sky.a(timer.o)
 .comment       0x00000000       0x31 contiki-sky.a(list.o)
 .comment       0x00000000       0x31 contiki-sky.a(etimer.o)
 .comment       0x00000000       0x31 contiki-sky.a(ctimer.o)
 .comment       0x00000000       0x31 contiki-sky.a(energest.o)
 .comment       0x00000000       0x31 contiki-sky.a(rtimer.o)
 .comment       0x00000000       0x31 contiki-sky.a(random.o)
 .comment       0x00000000       0x31 contiki-sky.a(ringbuf.o)
 .comment       0x00000000       0x31 contiki-sky.a(nbr-table.o)
 .comment       0x00000000       0x31 contiki-sky.a(packetbuf.o)
 .comment       0x00000000       0x31 contiki-sky.a(queuebuf.o)
 .comment       0x00000000       0x31 contiki-sky.a(contiki-sky-pla)
 .comment       0x00000000       0x31 contiki-sky.a(button-sensor.o)
 .comment       0x00000000       0x31 contiki-sky.a(ds2411.o)
 .comment       0x00000000       0x31 contiki-sky.a(xmem.o)
 .comment       0x00000000       0x31 contiki-sky.a(node-id.o)
 .comment       0x00000000       0x31 contiki-sky.a(sensors.o)
 .comment       0x00000000       0x31 contiki-sky.a(cc2420.o)
 .comment       0x00000000       0x31 contiki-sky.a(cc2420-arch.o)
 .comment       0x00000000       0x31 contiki-sky.a(uart1.o)
 .comment       0x00000000       0x31 contiki-sky.a(uart1-putchar.o)
 .comment       0x00000000       0x31 contiki-sky.a(msp430.o)
 .comment       0x00000000       0x31 contiki-sky.a(clock.o)
 .comment       0x00000000       0x31 contiki-sky.a(leds.o)
 .comment       0x00000000       0x31 contiki-sky.a(leds-arch.o)
 .comment       0x00000000       0x31 contiki-sky.a(watchdog.o)
 .comment       0x00000000       0x31 contiki-sky.a(rtimer-arch.o)
 .comment       0x00000000       0x31 contiki-sky.a(mac.o)
 .comment       0x00000000       0x31 contiki-sky.a(framer-802154.o)
 .comment       0x00000000       0x31 contiki-sky.a(spi.o)
 .comment       0x00000000       0x31 contiki-sky.a(frame802154.o)
 .comment       0x00000000       0x31 /usr/local/msp430/bin/../lib/gcc/msp430/4.7.0/../../../../msp430/lib/mmpy-16/libc.a(printf.o)
 .comment       0x00000000       0x31 /usr/local/msp430/bin/../lib/gcc/msp430/4.7.0/../../../../msp430/lib/mmpy-16/libc.a(vuprintf.o)
 .comment       0x00000000       0x31 /usr/local/msp430/bin/../lib/gcc/msp430/4.7.0/../../../../msp430/lib/mmpy-16/libc.a(puts.o)
 .comment       0x00000000       0x31 /usr/local/msp430/bin/../lib/gcc/msp430/4.7.0/../../../../msp430/lib/mmpy-16/libc.a(rand.o)
 .comment       0x00000000       0x31 /usr/local/msp430/bin/../lib/gcc/msp430/4.7.0/../../../../msp430/lib/mmpy-16/libc.a(memcmp.o)
 .comment       0x00000000       0x31 /usr/local/msp430/bin/../lib/gcc/msp430/4.7.0/../../../../msp430/lib/mmpy-16/libc.a(memcpy.o)
 .comment       0x00000000       0x31 /usr/local/msp430/bin/../lib/gcc/msp430/4.7.0/../../../../msp430/lib/mmpy-16/libc.a(memset.o)

.debug
 *(.debug)

.line
 *(.line)

.debug_srcinfo
 *(.debug_srcinfo)

.debug_sfnames
 *(.debug_sfnames)

.debug_aranges  0x00000000      0x18c
 *(.debug_aranges)
 .debug_aranges
                0x00000000       0x14 /usr/local/msp430/bin/../lib/gcc/msp430/4.7.0/mmpy-16/crt0ivtbl16.o
 .debug_aranges
                0x00000014       0x14 /usr/local/msp430/bin/../lib/gcc/msp430/4.7.0/mmpy-16/libgcc.a(_mulsi3.o)
 .debug_aranges
                0x00000028       0x14 /usr/local/msp430/bin/../lib/gcc/msp430/4.7.0/mmpy-16/libgcc.a(_udivmod16.o)
 .debug_aranges
                0x0000003c       0x14 /usr/local/msp430/bin/../lib/gcc/msp430/4.7.0/mmpy-16/libgcc.a(_divmod16.o)
 .debug_aranges
                0x00000050       0x14 /usr/local/msp430/bin/../lib/gcc/msp430/4.7.0/mmpy-16/libgcc.a(_udivmod32.o)
 .debug_aranges
                0x00000064       0x18 /usr/local/msp430/bin/../lib/gcc/msp430/4.7.0/../../../../msp430/lib/mmpy-16/libc.a(printf.o)
 .debug_aranges
                0x0000007c       0x18 /usr/local/msp430/bin/../lib/gcc/msp430/4.7.0/../../../../msp430/lib/mmpy-16/libc.a(vuprintf.o)
 .debug_aranges
                0x00000094       0x14 /usr/local/msp430/bin/../lib/gcc/msp430/4.7.0/../../../../msp430/lib/mmpy-16/libc.a(puts.o)
 .debug_aranges
                0x000000a8       0x1c /usr/local/msp430/bin/../lib/gcc/msp430/4.7.0/../../../../msp430/lib/mmpy-16/libc.a(rand.o)
 .debug_aranges
                0x000000c4       0x14 /usr/local/msp430/bin/../lib/gcc/msp430/4.7.0/../../../../msp430/lib/mmpy-16/libc.a(memcmp.o)
 .debug_aranges
                0x000000d8       0x14 /usr/local/msp430/bin/../lib/gcc/msp430/4.7.0/../../../../msp430/lib/mmpy-16/libc.a(memcpy.o)
 .debug_aranges
                0x000000ec       0x14 /usr/local/msp430/bin/../lib/gcc/msp430/4.7.0/../../../../msp430/lib/mmpy-16/libc.a(memset.o)
 .debug_aranges
                0x00000100       0x14 /usr/local/msp430/bin/../lib/gcc/msp430/4.7.0/mmpy-16/libgcc.a(_udivmod64.o)
 .debug_aranges
                0x00000114       0x14 /usr/local/msp430/bin/../lib/gcc/msp430/4.7.0/mmpy-16/libcrt0.a(__watchdog_support.o)
 .debug_aranges
                0x00000128       0x14 /usr/local/msp430/bin/../lib/gcc/msp430/4.7.0/mmpy-16/libcrt0.a(__init_stack.o)
 .debug_aranges
                0x0000013c       0x14 /usr/local/msp430/bin/../lib/gcc/msp430/4.7.0/mmpy-16/libcrt0.a(_copy_data.o)
 .debug_aranges
                0x00000150       0x14 /usr/local/msp430/bin/../lib/gcc/msp430/4.7.0/mmpy-16/libcrt0.a(_clear_bss.o)
 .debug_aranges
                0x00000164       0x14 /usr/local/msp430/bin/../lib/gcc/msp430/4.7.0/mmpy-16/libcrt0.a(_endless_loop__.o)
 .debug_aranges
                0x00000178       0x14 /usr/local/msp430/bin/../lib/gcc/msp430/4.7.0/mmpy-16/libcrt0.a(_unexpected_.o)

.debug_pubnames
 *(.debug_pubnames)

.debug_info     0x00000000     0x138e
 *(.debug_info)
 .debug_info    0x00000000       0x9b /usr/local/msp430/bin/../lib/gcc/msp430/4.7.0/mmpy-16/crt0ivtbl16.o
 .debug_info    0x0000009b       0x98 /usr/local/msp430/bin/../lib/gcc/msp430/4.7.0/mmpy-16/libgcc.a(_mulsi3.o)
 .debug_info    0x00000133       0x98 /usr/local/msp430/bin/../lib/gcc/msp430/4.7.0/mmpy-16/libgcc.a(_udivmod16.o)
 .debug_info    0x000001cb       0x98 /usr/local/msp430/bin/../lib/gcc/msp430/4.7.0/mmpy-16/libgcc.a(_divmod16.o)
 .debug_info    0x00000263       0x98 /usr/local/msp430/bin/../lib/gcc/msp430/4.7.0/mmpy-16/libgcc.a(_udivmod32.o)
 .debug_info    0x000002fb      0x16e /usr/local/msp430/bin/../lib/gcc/msp430/4.7.0/../../../../msp430/lib/mmpy-16/libc.a(printf.o)
 .debug_info    0x00000469      0x5d4 /usr/local/msp430/bin/../lib/gcc/msp430/4.7.0/../../../../msp430/lib/mmpy-16/libc.a(vuprintf.o)
 .debug_info    0x00000a3d       0xc7 /usr/local/msp430/bin/../lib/gcc/msp430/4.7.0/../../../../msp430/lib/mmpy-16/libc.a(puts.o)
 .debug_info    0x00000b04      0x146 /usr/local/msp430/bin/../lib/gcc/msp430/4.7.0/../../../../msp430/lib/mmpy-16/libc.a(rand.o)
 .debug_info    0x00000c4a       0xe5 /usr/local/msp430/bin/../lib/gcc/msp430/4.7.0/../../../../msp430/lib/mmpy-16/libc.a(memcmp.o)
 .debug_info    0x00000d2f      0x12c /usr/local/msp430/bin/../lib/gcc/msp430/4.7.0/../../../../msp430/lib/mmpy-16/libc.a(memcpy.o)
 .debug_info    0x00000e5b      0x117 /usr/local/msp430/bin/../lib/gcc/msp430/4.7.0/../../../../msp430/lib/mmpy-16/libc.a(memset.o)
 .debug_info    0x00000f72       0x98 /usr/local/msp430/bin/../lib/gcc/msp430/4.7.0/mmpy-16/libgcc.a(_udivmod64.o)
 .debug_info    0x0000100a       0x96 /usr/local/msp430/bin/../lib/gcc/msp430/4.7.0/mmpy-16/libcrt0.a(__watchdog_support.o)
 .debug_info    0x000010a0       0x96 /usr/local/msp430/bin/../lib/gcc/msp430/4.7.0/mmpy-16/libcrt0.a(__init_stack.o)
 .debug_info    0x00001136       0x96 /usr/local/msp430/bin/../lib/gcc/msp430/4.7.0/mmpy-16/libcrt0.a(_copy_data.o)
 .debug_info    0x000011cc       0x96 /usr/local/msp430/bin/../lib/gcc/msp430/4.7.0/mmpy-16/libcrt0.a(_clear_bss.o)
 .debug_info    0x00001262       0x96 /usr/local/msp430/bin/../lib/gcc/msp430/4.7.0/mmpy-16/libcrt0.a(_endless_loop__.o)
 .debug_info    0x000012f8       0x96 /usr/local/msp430/bin/../lib/gcc/msp430/4.7.0/mmpy-16/libcrt0.a(_unexpected_.o)
 *(.gnu.linkonce.wi.*)

.debug_abbrev   0x00000000      0x7b0
 *(.debug_abbrev)
 .debug_abbrev  0x00000000       0x14 /usr/local/msp430/bin/../lib/gcc/msp430/4.7.0/mmpy-16/crt0ivtbl16.o
 .debug_abbrev  0x00000014       0x14 /usr/local/msp430/bin/../lib/gcc/msp430/4.7.0/mmpy-16/libgcc.a(_mulsi3.o)
 .debug_abbrev  0x00000028       0x14 /usr/local/msp430/bin/../lib/gcc/msp430/4.7.0/mmpy-16/libgcc.a(_udivmod16.o)
 .debug_abbrev  0x0000003c       0x14 /usr/local/msp430/bin/../lib/gcc/msp430/4.7.0/mmpy-16/libgcc.a(_divmod16.o)
 .debug_abbrev  0x00000050       0x14 /usr/local/msp430/bin/../lib/gcc/msp430/4.7.0/mmpy-16/libgcc.a(_udivmod32.o)
 .debug_abbrev  0x00000064       0xfa /usr/local/msp430/bin/../lib/gcc/msp430/4.7.0/../../../../msp430/lib/mmpy-16/libc.a(printf.o)
 .debug_abbrev  0x0000015e      0x23e /usr/local/msp430/bin/../lib/gcc/msp430/4.7.0/../../../../msp430/lib/mmpy-16/libc.a(vuprintf.o)
 .debug_abbrev  0x0000039c       0xa3 /usr/local/msp430/bin/../lib/gcc/msp430/4.7.0/../../../../msp430/lib/mmpy-16/libc.a(puts.o)
 .debug_abbrev  0x0000043f       0xfb /usr/local/msp430/bin/../lib/gcc/msp430/4.7.0/../../../../msp430/lib/mmpy-16/libc.a(rand.o)
 .debug_abbrev  0x0000053a       0x9e /usr/local/msp430/bin/../lib/gcc/msp430/4.7.0/../../../../msp430/lib/mmpy-16/libc.a(memcmp.o)
 .debug_abbrev  0x000005d8       0xab /usr/local/msp430/bin/../lib/gcc/msp430/4.7.0/../../../../msp430/lib/mmpy-16/libc.a(memcpy.o)
 .debug_abbrev  0x00000683       0xa1 /usr/local/msp430/bin/../lib/gcc/msp430/4.7.0/../../../../msp430/lib/mmpy-16/libc.a(memset.o)
 .debug_abbrev  0x00000724       0x14 /usr/local/msp430/bin/../lib/gcc/msp430/4.7.0/mmpy-16/libgcc.a(_udivmod64.o)
 .debug_abbrev  0x00000738       0x14 /usr/local/msp430/bin/../lib/gcc/msp430/4.7.0/mmpy-16/libcrt0.a(__watchdog_support.o)
 .debug_abbrev  0x0000074c       0x14 /usr/local/msp430/bin/../lib/gcc/msp430/4.7.0/mmpy-16/libcrt0.a(__init_stack.o)
 .debug_abbrev  0x00000760       0x14 /usr/local/msp430/bin/../lib/gcc/msp430/4.7.0/mmpy-16/libcrt0.a(_copy_data.o)
 .debug_abbrev  0x00000774       0x14 /usr/local/msp430/bin/../lib/gcc/msp430/4.7.0/mmpy-16/libcrt0.a(_clear_bss.o)
 .debug_abbrev  0x00000788       0x14 /usr/local/msp430/bin/../lib/gcc/msp430/4.7.0/mmpy-16/libcrt0.a(_endless_loop__.o)
 .debug_abbrev  0x0000079c       0x14 /usr/local/msp430/bin/../lib/gcc/msp430/4.7.0/mmpy-16/libcrt0.a(_unexpected_.o)

.debug_line     0x00000000      0xc76
 *(.debug_line)
 .debug_line    0x00000000       0x64 /usr/local/msp430/bin/../lib/gcc/msp430/4.7.0/mmpy-16/crt0ivtbl16.o
 .debug_line    0x00000064       0x77 /usr/local/msp430/bin/../lib/gcc/msp430/4.7.0/mmpy-16/libgcc.a(_mulsi3.o)
 .debug_line    0x000000db       0x70 /usr/local/msp430/bin/../lib/gcc/msp430/4.7.0/mmpy-16/libgcc.a(_udivmod16.o)
 .debug_line    0x0000014b       0x7b /usr/local/msp430/bin/../lib/gcc/msp430/4.7.0/mmpy-16/libgcc.a(_divmod16.o)
 .debug_line    0x000001c6       0x7f /usr/local/msp430/bin/../lib/gcc/msp430/4.7.0/mmpy-16/libgcc.a(_udivmod32.o)
 .debug_line    0x00000245       0xa9 /usr/local/msp430/bin/../lib/gcc/msp430/4.7.0/../../../../msp430/lib/mmpy-16/libc.a(printf.o)
 .debug_line    0x000002ee      0x30a /usr/local/msp430/bin/../lib/gcc/msp430/4.7.0/../../../../msp430/lib/mmpy-16/libc.a(vuprintf.o)
 .debug_line    0x000005f8       0x65 /usr/local/msp430/bin/../lib/gcc/msp430/4.7.0/../../../../msp430/lib/mmpy-16/libc.a(puts.o)
 .debug_line    0x0000065d       0x68 /usr/local/msp430/bin/../lib/gcc/msp430/4.7.0/../../../../msp430/lib/mmpy-16/libc.a(rand.o)
 .debug_line    0x000006c5       0x8f /usr/local/msp430/bin/../lib/gcc/msp430/4.7.0/../../../../msp430/lib/mmpy-16/libc.a(memcmp.o)
 .debug_line    0x00000754      0x118 /usr/local/msp430/bin/../lib/gcc/msp430/4.7.0/../../../../msp430/lib/mmpy-16/libc.a(memcpy.o)
 .debug_line    0x0000086c       0xf2 /usr/local/msp430/bin/../lib/gcc/msp430/4.7.0/../../../../msp430/lib/mmpy-16/libc.a(memset.o)
 .debug_line    0x0000095e       0xc9 /usr/local/msp430/bin/../lib/gcc/msp430/4.7.0/mmpy-16/libgcc.a(_udivmod64.o)
 .debug_line    0x00000a27       0x62 /usr/local/msp430/bin/../lib/gcc/msp430/4.7.0/mmpy-16/libcrt0.a(__watchdog_support.o)
 .debug_line    0x00000a89       0x60 /usr/local/msp430/bin/../lib/gcc/msp430/4.7.0/mmpy-16/libcrt0.a(__init_stack.o)
 .debug_line    0x00000ae9       0x66 /usr/local/msp430/bin/../lib/gcc/msp430/4.7.0/mmpy-16/libcrt0.a(_copy_data.o)
 .debug_line    0x00000b4f       0x66 /usr/local/msp430/bin/../lib/gcc/msp430/4.7.0/mmpy-16/libcrt0.a(_clear_bss.o)
 .debug_line    0x00000bb5       0x61 /usr/local/msp430/bin/../lib/gcc/msp430/4.7.0/mmpy-16/libcrt0.a(_endless_loop__.o)
 .debug_line    0x00000c16       0x60 /usr/local/msp430/bin/../lib/gcc/msp430/4.7.0/mmpy-16/libcrt0.a(_unexpected_.o)

.debug_frame    0x00000000      0x1b6
 *(.debug_frame)
 .debug_frame   0x00000000       0x2a /usr/local/msp430/bin/../lib/gcc/msp430/4.7.0/../../../../msp430/lib/mmpy-16/libc.a(printf.o)
 .debug_frame   0x0000002a       0xa0 /usr/local/msp430/bin/../lib/gcc/msp430/4.7.0/../../../../msp430/lib/mmpy-16/libc.a(vuprintf.o)
 .debug_frame   0x000000ca       0x24 /usr/local/msp430/bin/../lib/gcc/msp430/4.7.0/../../../../msp430/lib/mmpy-16/libc.a(puts.o)
 .debug_frame   0x000000ee       0x3c /usr/local/msp430/bin/../lib/gcc/msp430/4.7.0/../../../../msp430/lib/mmpy-16/libc.a(rand.o)
 .debug_frame   0x0000012a       0x28 /usr/local/msp430/bin/../lib/gcc/msp430/4.7.0/../../../../msp430/lib/mmpy-16/libc.a(memcmp.o)
 .debug_frame   0x00000152       0x32 /usr/local/msp430/bin/../lib/gcc/msp430/4.7.0/../../../../msp430/lib/mmpy-16/libc.a(memcpy.o)
 .debug_frame   0x00000184       0x32 /usr/local/msp430/bin/../lib/gcc/msp430/4.7.0/../../../../msp430/lib/mmpy-16/libc.a(memset.o)

.debug_str      0x00000000      0x3d6
 *(.debug_str)
 .debug_str     0x00000000       0xee /usr/local/msp430/bin/../lib/gcc/msp430/4.7.0/../../../../msp430/lib/mmpy-16/libc.a(printf.o)
                                0x136 (size before relaxing)
 .debug_str     0x000000ee      0x218 /usr/local/msp430/bin/../lib/gcc/msp430/4.7.0/../../../../msp430/lib/mmpy-16/libc.a(vuprintf.o)
                                0x381 (size before relaxing)
 .debug_str     0x00000306       0x1d /usr/local/msp430/bin/../lib/gcc/msp430/4.7.0/../../../../msp430/lib/mmpy-16/libc.a(puts.o)
                                 0xfb (size before relaxing)
 .debug_str     0x00000323       0x2f /usr/local/msp430/bin/../lib/gcc/msp430/4.7.0/../../../../msp430/lib/mmpy-16/libc.a(rand.o)
                                0x112 (size before relaxing)
 .debug_str     0x00000352       0x20 /usr/local/msp430/bin/../lib/gcc/msp430/4.7.0/../../../../msp430/lib/mmpy-16/libc.a(memcmp.o)
                                 0xfe (size before relaxing)
 .debug_str     0x00000372       0x3e /usr/local/msp430/bin/../lib/gcc/msp430/4.7.0/../../../../msp430/lib/mmpy-16/libc.a(memcpy.o)
                                0x12c (size before relaxing)
 .debug_str     0x000003b0       0x26 /usr/local/msp430/bin/../lib/gcc/msp430/4.7.0/../../../../msp430/lib/mmpy-16/libc.a(memset.o)
                                0x12a (size before relaxing)

.debug_loc      0x00000000      0xbcc
 *(.debug_loc)
 .debug_loc     0x00000000       0x4c /usr/local/msp430/bin/../lib/gcc/msp430/4.7.0/../../../../msp430/lib/mmpy-16/libc.a(printf.o)
 .debug_loc     0x0000004c      0x7fa /usr/local/msp430/bin/../lib/gcc/msp430/4.7.0/../../../../msp430/lib/mmpy-16/libc.a(vuprintf.o)
 .debug_loc     0x00000846       0x26 /usr/local/msp430/bin/../lib/gcc/msp430/4.7.0/../../../../msp430/lib/mmpy-16/libc.a(puts.o)
 .debug_loc     0x0000086c       0x4f /usr/local/msp430/bin/../lib/gcc/msp430/4.7.0/../../../../msp430/lib/mmpy-16/libc.a(rand.o)
 .debug_loc     0x000008bb       0x4d /usr/local/msp430/bin/../lib/gcc/msp430/4.7.0/../../../../msp430/lib/mmpy-16/libc.a(memcmp.o)
 .debug_loc     0x00000908      0x1e3 /usr/local/msp430/bin/../lib/gcc/msp430/4.7.0/../../../../msp430/lib/mmpy-16/libc.a(memcpy.o)
 .debug_loc     0x00000aeb       0xe1 /usr/local/msp430/bin/../lib/gcc/msp430/4.7.0/../../../../msp430/lib/mmpy-16/libc.a(memset.o)

.debug_macinfo
 *(.debug_macinfo)

.debug_pubtypes
 *(.debug_pubtypes)

.debug_ranges   0x00000000       0x60
 *(.debug_ranges)
 .debug_ranges  0x00000000        0xc /usr/local/msp430/bin/../lib/gcc/msp430/4.7.0/../../../../msp430/lib/mmpy-16/libc.a(printf.o)
 .debug_ranges  0x0000000c       0x24 /usr/local/msp430/bin/../lib/gcc/msp430/4.7.0/../../../../msp430/lib/mmpy-16/libc.a(vuprintf.o)
 .debug_ranges  0x00000030        0x8 /usr/local/msp430/bin/../lib/gcc/msp430/4.7.0/../../../../msp430/lib/mmpy-16/libc.a(puts.o)
 .debug_ranges  0x00000038       0x10 /usr/local/msp430/bin/../lib/gcc/msp430/4.7.0/../../../../msp430/lib/mmpy-16/libc.a(rand.o)
 .debug_ranges  0x00000048        0x8 /usr/local/msp430/bin/../lib/gcc/msp430/4.7.0/../../../../msp430/lib/mmpy-16/libc.a(memcmp.o)
 .debug_ranges  0x00000050        0x8 /usr/local/msp430/bin/../lib/gcc/msp430/4.7.0/../../../../msp430/lib/mmpy-16/libc.a(memcpy.o)
 .debug_ranges  0x00000058        0x8 /usr/local/msp430/bin/../lib/gcc/msp430/4.7.0/../../../../msp430/lib/mmpy-16/libc.a(memset.o)
                0x00003900                PROVIDE (__stack, (ORIGIN (ram) + 0x2800))
                0x000093c0                __data_start_rom = _etext
                0x0000944e                __data_end_rom = (_etext + SIZEOF (.data))
OUTPUT(example-broadcast.sky elf32-msp430)
